Archive member included to satisfy reference by file (symbol)

E:/Soft/STM32CubeIDE_1.18.0/STM32CubeIDE/plugins/com.st.stm32cube.ide.mcu.externaltools.gnu-tools-for-stm32.13.3.rel1.win32_1.0.0.202411081344/tools/bin/../lib/gcc/arm-none-eabi/13.3.1/../../../../arm-none-eabi/lib/thumb/v7-m/nofp\libc_nano.a(libc_a-exit.o)
                              E:/Soft/STM32CubeIDE_1.18.0/STM32CubeIDE/plugins/com.st.stm32cube.ide.mcu.externaltools.gnu-tools-for-stm32.13.3.rel1.win32_1.0.0.202411081344/tools/bin/../lib/gcc/arm-none-eabi/13.3.1/../../../../arm-none-eabi/lib/thumb/v7-m/nofp/crt0.o (exit)
E:/Soft/STM32CubeIDE_1.18.0/STM32CubeIDE/plugins/com.st.stm32cube.ide.mcu.externaltools.gnu-tools-for-stm32.13.3.rel1.win32_1.0.0.202411081344/tools/bin/../lib/gcc/arm-none-eabi/13.3.1/../../../../arm-none-eabi/lib/thumb/v7-m/nofp\libc_nano.a(libc_a-findfp.o)
                              E:/Soft/STM32CubeIDE_1.18.0/STM32CubeIDE/plugins/com.st.stm32cube.ide.mcu.externaltools.gnu-tools-for-stm32.13.3.rel1.win32_1.0.0.202411081344/tools/bin/../lib/gcc/arm-none-eabi/13.3.1/../../../../arm-none-eabi/lib/thumb/v7-m/nofp\libc_nano.a(libc_a-exit.o) (__stdio_exit_handler)
E:/Soft/STM32CubeIDE_1.18.0/STM32CubeIDE/plugins/com.st.stm32cube.ide.mcu.externaltools.gnu-tools-for-stm32.13.3.rel1.win32_1.0.0.202411081344/tools/bin/../lib/gcc/arm-none-eabi/13.3.1/../../../../arm-none-eabi/lib/thumb/v7-m/nofp\libc_nano.a(libc_a-fwalk.o)
                              E:/Soft/STM32CubeIDE_1.18.0/STM32CubeIDE/plugins/com.st.stm32cube.ide.mcu.externaltools.gnu-tools-for-stm32.13.3.rel1.win32_1.0.0.202411081344/tools/bin/../lib/gcc/arm-none-eabi/13.3.1/../../../../arm-none-eabi/lib/thumb/v7-m/nofp\libc_nano.a(libc_a-findfp.o) (_fwalk_sglue)
E:/Soft/STM32CubeIDE_1.18.0/STM32CubeIDE/plugins/com.st.stm32cube.ide.mcu.externaltools.gnu-tools-for-stm32.13.3.rel1.win32_1.0.0.202411081344/tools/bin/../lib/gcc/arm-none-eabi/13.3.1/../../../../arm-none-eabi/lib/thumb/v7-m/nofp\libc_nano.a(libc_a-sprintf.o)
                              ./Core/Src/main.o (sprintf)
E:/Soft/STM32CubeIDE_1.18.0/STM32CubeIDE/plugins/com.st.stm32cube.ide.mcu.externaltools.gnu-tools-for-stm32.13.3.rel1.win32_1.0.0.202411081344/tools/bin/../lib/gcc/arm-none-eabi/13.3.1/../../../../arm-none-eabi/lib/thumb/v7-m/nofp\libc_nano.a(libc_a-stdio.o)
                              E:/Soft/STM32CubeIDE_1.18.0/STM32CubeIDE/plugins/com.st.stm32cube.ide.mcu.externaltools.gnu-tools-for-stm32.13.3.rel1.win32_1.0.0.202411081344/tools/bin/../lib/gcc/arm-none-eabi/13.3.1/../../../../arm-none-eabi/lib/thumb/v7-m/nofp\libc_nano.a(libc_a-findfp.o) (__sread)
E:/Soft/STM32CubeIDE_1.18.0/STM32CubeIDE/plugins/com.st.stm32cube.ide.mcu.externaltools.gnu-tools-for-stm32.13.3.rel1.win32_1.0.0.202411081344/tools/bin/../lib/gcc/arm-none-eabi/13.3.1/../../../../arm-none-eabi/lib/thumb/v7-m/nofp\libc_nano.a(libc_a-memset.o)
                              E:/Soft/STM32CubeIDE_1.18.0/STM32CubeIDE/plugins/com.st.stm32cube.ide.mcu.externaltools.gnu-tools-for-stm32.13.3.rel1.win32_1.0.0.202411081344/tools/bin/../lib/gcc/arm-none-eabi/13.3.1/../../../../arm-none-eabi/lib/thumb/v7-m/nofp/crt0.o (memset)
E:/Soft/STM32CubeIDE_1.18.0/STM32CubeIDE/plugins/com.st.stm32cube.ide.mcu.externaltools.gnu-tools-for-stm32.13.3.rel1.win32_1.0.0.202411081344/tools/bin/../lib/gcc/arm-none-eabi/13.3.1/../../../../arm-none-eabi/lib/thumb/v7-m/nofp\libc_nano.a(libc_a-closer.o)
                              E:/Soft/STM32CubeIDE_1.18.0/STM32CubeIDE/plugins/com.st.stm32cube.ide.mcu.externaltools.gnu-tools-for-stm32.13.3.rel1.win32_1.0.0.202411081344/tools/bin/../lib/gcc/arm-none-eabi/13.3.1/../../../../arm-none-eabi/lib/thumb/v7-m/nofp\libc_nano.a(libc_a-stdio.o) (_close_r)
E:/Soft/STM32CubeIDE_1.18.0/STM32CubeIDE/plugins/com.st.stm32cube.ide.mcu.externaltools.gnu-tools-for-stm32.13.3.rel1.win32_1.0.0.202411081344/tools/bin/../lib/gcc/arm-none-eabi/13.3.1/../../../../arm-none-eabi/lib/thumb/v7-m/nofp\libc_nano.a(libc_a-reent.o)
                              E:/Soft/STM32CubeIDE_1.18.0/STM32CubeIDE/plugins/com.st.stm32cube.ide.mcu.externaltools.gnu-tools-for-stm32.13.3.rel1.win32_1.0.0.202411081344/tools/bin/../lib/gcc/arm-none-eabi/13.3.1/../../../../arm-none-eabi/lib/thumb/v7-m/nofp\libc_nano.a(libc_a-closer.o) (errno)
E:/Soft/STM32CubeIDE_1.18.0/STM32CubeIDE/plugins/com.st.stm32cube.ide.mcu.externaltools.gnu-tools-for-stm32.13.3.rel1.win32_1.0.0.202411081344/tools/bin/../lib/gcc/arm-none-eabi/13.3.1/../../../../arm-none-eabi/lib/thumb/v7-m/nofp\libc_nano.a(libc_a-impure.o)
                              E:/Soft/STM32CubeIDE_1.18.0/STM32CubeIDE/plugins/com.st.stm32cube.ide.mcu.externaltools.gnu-tools-for-stm32.13.3.rel1.win32_1.0.0.202411081344/tools/bin/../lib/gcc/arm-none-eabi/13.3.1/../../../../arm-none-eabi/lib/thumb/v7-m/nofp\libc_nano.a(libc_a-sprintf.o) (_impure_ptr)
[...]
Memory Configuration

Name             Origin             Length             Attributes
RAM              0x20000000         0x00005000         xrw
FLASH            0x08000000         0x00010000         xr
*default*        0x00000000         0xffffffff

Linker script and memory map

LOAD E:/Soft/STM32CubeIDE_1.18.0/STM32CubeIDE/plugins/com.st.stm32cube.ide.mcu.externaltools.gnu-tools-for-stm32.13.3.rel1.win32_1.0.0.202411081344/tools/bin/../lib/gcc/arm-none-eabi/13.3.1/thumb/v7-m/nofp/crti.o
LOAD E:/Soft/STM32CubeIDE_1.18.0/STM32CubeIDE/plugins/com.st.stm32cube.ide.mcu.externaltools.gnu-tools-for-stm32.13.3.rel1.win32_1.0.0.202411081344/tools/bin/../lib/gcc/arm-none-eabi/13.3.1/thumb/v7-m/nofp/crtbegin.o
LOAD E:/Soft/STM32CubeIDE_1.18.0/STM32CubeIDE/plugins/com.st.stm32cube.ide.mcu.externaltools.gnu-tools-for-stm32.13.3.rel1.win32_1.0.0.202411081344/tools/bin/../lib/gcc/arm-none-eabi/13.3.1/../../../../arm-none-eabi/lib/thumb/v7-m/nofp/crt0.o
LOAD ./Core/Inc/libdw1000/src/libdw1000.o
LOAD ./Core/Inc/libdw1000/src/libdw1000Spi.o
LOAD ./Core/Src/main.o
LOAD ./Core/Src/stm32f1xx_hal_msp.o
LOAD ./Core/Src/stm32f1xx_it.o
LOAD ./Core/Src/syscalls.o
LOAD ./Core/Src/sysmem.o
LOAD ./Core/Src/system_stm32f1xx.o
LOAD ./Core/Startup/startup_stm32f103t8ux.o
LOAD ./Drivers/STM32F1xx_HAL_Driver/Src/stm32f1xx_hal.o
LOAD ./Drivers/STM32F1xx_HAL_Driver/Src/stm32f1xx_hal_cortex.o
LOAD ./Drivers/STM32F1xx_HAL_Driver/Src/stm32f1xx_hal_dma.o
LOAD ./Drivers/STM32F1xx_HAL_Driver/Src/stm32f1xx_hal_exti.o
LOAD ./Drivers/STM32F1xx_HAL_Driver/Src/stm32f1xx_hal_flash.o
LOAD ./Drivers/STM32F1xx_HAL_Driver/Src/stm32f1xx_hal_flash_ex.o
LOAD ./Drivers/STM32F1xx_HAL_Driver/Src/stm32f1xx_hal_gpio.o
LOAD ./Drivers/STM32F1xx_HAL_Driver/Src/stm32f1xx_hal_gpio_ex.o
LOAD ./Drivers/STM32F1xx_HAL_Driver/Src/stm32f1xx_hal_pcd.o
LOAD ./Drivers/STM32F1xx_HAL_Driver/Src/stm32f1xx_hal_pcd_ex.o
LOAD ./Drivers/STM32F1xx_HAL_Driver/Src/stm32f1xx_hal_pwr.o
LOAD ./Drivers/STM32F1xx_HAL_Driver/Src/stm32f1xx_hal_rcc.o
LOAD ./Drivers/STM32F1xx_HAL_Driver/Src/stm32f1xx_hal_rcc_ex.o
LOAD ./Drivers/STM32F1xx_HAL_Driver/Src/stm32f1xx_hal_spi.o
LOAD ./Drivers/STM32F1xx_HAL_Driver/Src/stm32f1xx_hal_uart.o
LOAD ./Drivers/STM32F1xx_HAL_Driver/Src/stm32f1xx_ll_usb.o
LOAD ./Middlewares/ST/STM32_USB_Device_Library/Class/CDC/Src/usbd_cdc.o
LOAD ./Middlewares/ST/STM32_USB_Device_Library/Core/Src/usbd_core.o
LOAD ./Middlewares/ST/STM32_USB_Device_Library/Core/Src/usbd_ctlreq.o
LOAD ./Middlewares/ST/STM32_USB_Device_Library/Core/Src/usbd_ioreq.o
LOAD ./USB_DEVICE/App/usb_device.o
LOAD ./USB_DEVICE/App/usbd_cdc_if.o
LOAD ./USB_DEVICE/App/usbd_desc.o
LOAD ./USB_DEVICE/Target/usbd_conf.o
START GROUP
LOAD E:/Soft/STM32CubeIDE_1.18.0/STM32CubeIDE/plugins/com.st.stm32cube.ide.mcu.externaltools.gnu-tools-for-stm32.13.3.rel1.win32_1.0.0.202411081344/tools/bin/../lib/gcc/arm-none-eabi/13.3.1/../../../../arm-none-eabi/lib/thumb/v7-m/nofp\libc_nano.a
LOAD E:/Soft/STM32CubeIDE_1.18.0/STM32CubeIDE/plugins/com.st.stm32cube.ide.mcu.externaltools.gnu-tools-for-stm32.13.3.rel1.win32_1.0.0.202411081344/tools/bin/../lib/gcc/arm-none-eabi/13.3.1/../../../../arm-none-eabi/lib/thumb/v7-m/nofp\libm.a
END GROUP
START GROUP
LOAD E:/Soft/STM32CubeIDE_1.18.0/STM32CubeIDE/plugins/com.st.stm32cube.ide.mcu.externaltools.gnu-tools-for-stm32.13.3.rel1.win32_1.0.0.202411081344/tools/bin/../lib/gcc/arm-none-eabi/13.3.1/thumb/v7-m/nofp\libgcc.a
LOAD E:/Soft/STM32CubeIDE_1.18.0/STM32CubeIDE/plugins/com.st.stm32cube.ide.mcu.externaltools.gnu-tools-for-stm32.13.3.rel1.win32_1.0.0.202411081344/tools/bin/../lib/gcc/arm-none-eabi/13.3.1/../../../../arm-none-eabi/lib/thumb/v7-m/nofp\libc_nano.a
END GROUP
START GROUP
LOAD E:/Soft/STM32CubeIDE_1.18.0/STM32CubeIDE/plugins/com.st.stm32cube.ide.mcu.externaltools.gnu-tools-for-stm32.13.3.rel1.win32_1.0.0.202411081344/tools/bin/../lib/gcc/arm-none-eabi/13.3.1/thumb/v7-m/nofp\libgcc.a
LOAD E:/Soft/STM32CubeIDE_1.18.0/STM32CubeIDE/plugins/com.st.stm32cube.ide.mcu.externaltools.gnu-tools-for-stm32.13.3.rel1.win32_1.0.0.202411081344/tools/bin/../lib/gcc/arm-none-eabi/13.3.1/../../../../arm-none-eabi/lib/thumb/v7-m/nofp\libc_nano.a
LOAD E:/Soft/STM32CubeIDE_1.18.0/STM32CubeIDE/plugins/com.st.stm32cube.ide.mcu.externaltools.gnu-tools-for-stm32.13.3.rel1.win32_1.0.0.202411081344/tools/bin/../lib/gcc/arm-none-eabi/13.3.1/../../../../arm-none-eabi/lib/thumb/v7-m/nofp\libnosys.a
END GROUP
START GROUP
LOAD E:/Soft/STM32CubeIDE_1.18.0/STM32CubeIDE/plugins/com.st.stm32cube.ide.mcu.externaltools.gnu-tools-for-stm32.13.3.rel1.win32_1.0.0.202411081344/tools/bin/../lib/gcc/arm-none-eabi/13.3.1/thumb/v7-m/nofp\libgcc.a
LOAD E:/Soft/STM32CubeIDE_1.18.0/STM32CubeIDE/plugins/com.st.stm32cube.ide.mcu.externaltools.gnu-tools-for-stm32.13.3.rel1.win32_1.0.0.202411081344/tools/bin/../lib/gcc/arm-none-eabi/13.3.1/../../../../arm-none-eabi/lib/thumb/v7-m/nofp\libc_nano.a
LOAD E:/Soft/STM32CubeIDE_1.18.0/STM32CubeIDE/plugins/com.st.stm32cube.ide.mcu.externaltools.gnu-tools-for-stm32.13.3.rel1.win32_1.0.0.202411081344/tools/bin/../lib/gcc/arm-none-eabi/13.3.1/../../../../arm-none-eabi/lib/thumb/v7-m/nofp\libnosys.a
END GROUP
LOAD E:/Soft/STM32CubeIDE_1.18.0/STM32CubeIDE/plugins/com.st.stm32cube.ide.mcu.externaltools.gnu-tools-for-stm32.13.3.rel1.win32_1.0.0.202411081344/tools/bin/../lib/gcc/arm-none-eabi/13.3.1/thumb/v7-m/nofp/crtend.o
LOAD E:/Soft/STM32CubeIDE_1.18.0/STM32CubeIDE/plugins/com.st.stm32cube.ide.mcu.externaltools.gnu-tools-for-stm32.13.3.rel1.win32_1.0.0.202411081344/tools/bin/../lib/gcc/arm-none-eabi/13.3.1/thumb/v7-m/nofp/crtn.o
                0x20005000                        _estack = (ORIGIN (RAM) + LENGTH (RAM))
                0x00000200                        _Min_Heap_Size = 0x200
                0x00000400                        _Min_Stack_Size = 0x400

.isr_vector     0x08000000      0x10c
                0x08000000                        . = ALIGN (0x4)
 *(.isr_vector)
 .isr_vector    0x08000000      0x10c ./Core/Startup/startup_stm32f103t8ux.o
                0x08000000                g_pfnVectors
                0x0800010c                        . = ALIGN (0x4)

.text           0x0800010c     0xb508
                0x0800010c                        . = ALIGN (0x4)
 *(.text)
 .text          0x0800010c       0x40 E:/Soft/STM32CubeIDE_1.18.0/STM32CubeIDE/plugins/com.st.stm32cube.ide.mcu.externaltools.gnu-tools-for-stm32.13.3.rel1.win32_1.0.0.202411081344/tools/bin/../lib/gcc/arm-none-eabi/13.3.1/thumb/v7-m/nofp/crtbegin.o
 .text          0x0800014c       0x10 E:/Soft/STM32CubeIDE_1.18.0/STM32CubeIDE/plugins/com.st.stm32cube.ide.mcu.externaltools.gnu-tools-for-stm32.13.3.rel1.win32_1.0.0.202411081344/tools/bin/../lib/gcc/arm-none-eabi/13.3.1/../../../../arm-none-eabi/lib/thumb/v7-m/nofp\libc_nano.a(libc_a-strlen.o)
                0x0800014c                strlen
 *(.text*)
 .text.dummy    0x0800015c        0xc ./Core/Inc/libdw1000/src/libdw1000.o
 .text.dwInit   0x08000168       0xb4 ./Core/Inc/libdw1000/src/libdw1000.o
                0x08000168                dwInit
 .text.dwConfigure
                0x0800021c       0xe4 ./Core/Inc/libdw1000/src/libdw1000.o
                0x0800021c                dwConfigure
 .text.dwManageLDE
                0x08000300       0xaa ./Core/Inc/libdw1000/src/libdw1000.o
                0x08000300                dwManageLDE
 .text.dwGetDeviceId
                0x080003aa       0x1c ./Core/Inc/libdw1000/src/libdw1000.o
                0x080003aa                dwGetDeviceId
 .text.dwEnableAllLeds
                0x080003c6       0x92 ./Core/Inc/libdw1000/src/libdw1000.o
                0x080003c6                dwEnableAllLeds
 .text.dwEnableClock
                0x08000458       0xc8 ./Core/Inc/libdw1000/src/libdw1000.o
                0x08000458                dwEnableClock
 .text.dwSoftReset
                0x08000520       0x7a ./Core/Inc/libdw1000/src/libdw1000.o
                0x08000520                dwSoftReset
 .text.dwRxSoftReset
                0x0800059a       0x5a ./Core/Inc/libdw1000/src/libdw1000.o
                0x0800059a                dwRxSoftReset
 .text.dwReadSystemConfigurationRegister
                0x080005f4       0x22 ./Core/Inc/libdw1000/src/libdw1000.o
                0x080005f4                dwReadSystemConfigurationRegister
 .text.dwWriteSystemConfigurationRegister
                0x08000616       0x22 ./Core/Inc/libdw1000/src/libdw1000.o
                0x08000616                dwWriteSystemConfigurationRegister
 .text.dwReadSystemEventStatusRegister
                0x08000638       0x22 ./Core/Inc/libdw1000/src/libdw1000.o
                0x08000638                dwReadSystemEventStatusRegister
 .text.dwReadNetworkIdAndDeviceAddress
                0x0800065a       0x22 ./Core/Inc/libdw1000/src/libdw1000.o
                0x0800065a                dwReadNetworkIdAndDeviceAddress
 .text.dwWriteNetworkIdAndDeviceAddress
                0x0800067c       0x22 ./Core/Inc/libdw1000/src/libdw1000.o
                0x0800067c                dwWriteNetworkIdAndDeviceAddress
 .text.dwReadSystemEventMaskRegister
                0x0800069e       0x22 ./Core/Inc/libdw1000/src/libdw1000.o
                0x0800069e                dwReadSystemEventMaskRegister
 .text.dwWriteSystemEventMaskRegister
                0x080006c0       0x22 ./Core/Inc/libdw1000/src/libdw1000.o
                0x080006c0                dwWriteSystemEventMaskRegister
 .text.dwReadChannelControlRegister
                0x080006e2       0x22 ./Core/Inc/libdw1000/src/libdw1000.o
                0x080006e2                dwReadChannelControlRegister
 .text.dwWriteChannelControlRegister
                0x08000704       0x22 ./Core/Inc/libdw1000/src/libdw1000.o
                0x08000704                dwWriteChannelControlRegister
 .text.dwReadTransmitFrameControlRegister
                0x08000726       0x22 ./Core/Inc/libdw1000/src/libdw1000.o
                0x08000726                dwReadTransmitFrameControlRegister
 .text.dwWriteTransmitFrameControlRegister
                0x08000748       0x22 ./Core/Inc/libdw1000/src/libdw1000.o
                0x08000748                dwWriteTransmitFrameControlRegister
 .text.dwSetFrameFilter
                0x0800076a       0x24 ./Core/Inc/libdw1000/src/libdw1000.o
                0x0800076a                dwSetFrameFilter
 .text.dwSetFrameFilterAllowData
                0x0800078e       0x24 ./Core/Inc/libdw1000/src/libdw1000.o
                0x0800078e                dwSetFrameFilterAllowData
 .text.dwSetFrameFilterAllowReserved
                0x080007b2       0x24 ./Core/Inc/libdw1000/src/libdw1000.o
                0x080007b2                dwSetFrameFilterAllowReserved
 .text.dwSetDoubleBuffering
                0x080007d6       0x3a ./Core/Inc/libdw1000/src/libdw1000.o
                0x080007d6                dwSetDoubleBuffering
 .text.dwSetInterruptPolarity
                0x08000810       0x24 ./Core/Inc/libdw1000/src/libdw1000.o
                0x08000810                dwSetInterruptPolarity
 .text.dwSetReceiverAutoReenable
                0x08000834       0x24 ./Core/Inc/libdw1000/src/libdw1000.o
                0x08000834                dwSetReceiverAutoReenable
 .text.dwInterruptOnSent
                0x08000858       0x24 ./Core/Inc/libdw1000/src/libdw1000.o
                0x08000858                dwInterruptOnSent
 .text.dwInterruptOnReceived
                0x0800087c       0x34 ./Core/Inc/libdw1000/src/libdw1000.o
                0x0800087c                dwInterruptOnReceived
 .text.dwInterruptOnReceiveFailed
                0x080008b0       0x74 ./Core/Inc/libdw1000/src/libdw1000.o
                0x080008b0                dwInterruptOnReceiveFailed
 .text.dwInterruptOnReceiveTimeout
                0x08000924       0x34 ./Core/Inc/libdw1000/src/libdw1000.o
                0x08000924                dwInterruptOnReceiveTimeout
 .text.dwInterruptOnReceiveTimestampAvailable
                0x08000958       0x24 ./Core/Inc/libdw1000/src/libdw1000.o
                0x08000958                dwInterruptOnReceiveTimestampAvailable
 .text.dwInterruptOnAutomaticAcknowledgeTrigger
                0x0800097c       0x24 ./Core/Inc/libdw1000/src/libdw1000.o
                0x0800097c                dwInterruptOnAutomaticAcknowledgeTrigger
 .text.dwClearInterrupts
                0x080009a0       0x1e ./Core/Inc/libdw1000/src/libdw1000.o
                0x080009a0                dwClearInterrupts
 .text.dwIdle   0x080009be       0x44 ./Core/Inc/libdw1000/src/libdw1000.o
                0x080009be                dwIdle
 .text.dwNewReceive
                0x08000a02       0x30 ./Core/Inc/libdw1000/src/libdw1000.o
                0x08000a02                dwNewReceive
 .text.dwStartReceive
                0x08000a32       0x5c ./Core/Inc/libdw1000/src/libdw1000.o
                0x08000a32                dwStartReceive
 .text.dwNewConfiguration
                0x08000a8e       0x34 ./Core/Inc/libdw1000/src/libdw1000.o
                0x08000a8e                dwNewConfiguration
 .text.dwCommitConfiguration
                0x08000ac2       0x5a ./Core/Inc/libdw1000/src/libdw1000.o
                0x08000ac2                dwCommitConfiguration
 .text.dwSuppressFrameCheck
                0x08000b1c       0x34 ./Core/Inc/libdw1000/src/libdw1000.o
                0x08000b1c                dwSuppressFrameCheck
 .text.dwUseSmartPower
                0x08000b50       0x42 ./Core/Inc/libdw1000/src/libdw1000.o
                0x08000b50                dwUseSmartPower
 .text.dwSetDataRate
                0x08000b92      0x10a ./Core/Inc/libdw1000/src/libdw1000.o
                0x08000b92                dwSetDataRate
 .text.dwSetPulseFrequency
                0x08000c9c       0x6a ./Core/Inc/libdw1000/src/libdw1000.o
                0x08000c9c                dwSetPulseFrequency
 .text.dwSetPreambleLength
                0x08000d06       0x92 ./Core/Inc/libdw1000/src/libdw1000.o
                0x08000d06                dwSetPreambleLength
 .text.dwUseExtendedFrameLength
                0x08000d98       0x48 ./Core/Inc/libdw1000/src/libdw1000.o
                0x08000d98                dwUseExtendedFrameLength
 .text.dwReceivePermanently
                0x08000de0       0x1e ./Core/Inc/libdw1000/src/libdw1000.o
                0x08000de0                dwReceivePermanently
 .text.dwSetChannel
                0x08000dfe       0x3c ./Core/Inc/libdw1000/src/libdw1000.o
                0x08000dfe                dwSetChannel
 .text.dwSetPreambleCode
                0x08000e3a       0x72 ./Core/Inc/libdw1000/src/libdw1000.o
                0x08000e3a                dwSetPreambleCode
 .text.dwSetDefaults
                0x08000eac       0x9c ./Core/Inc/libdw1000/src/libdw1000.o
                0x08000eac                dwSetDefaults
 .text.dwIsTransmitDone
                0x08000f48       0x20 ./Core/Inc/libdw1000/src/libdw1000.o
                0x08000f48                dwIsTransmitDone
 .text.dwIsReceiveTimestampAvailable
                0x08000f68       0x20 ./Core/Inc/libdw1000/src/libdw1000.o
                0x08000f68                dwIsReceiveTimestampAvailable
 .text.dwIsReceiveDone
                0x08000f88       0x3c ./Core/Inc/libdw1000/src/libdw1000.o
                0x08000f88                dwIsReceiveDone
 .text.dwIsReceiveFailed
                0x08000fc4       0xac ./Core/Inc/libdw1000/src/libdw1000.o
                0x08000fc4                dwIsReceiveFailed
 .text.dwIsReceiveTimeout
                0x08001070       0x20 ./Core/Inc/libdw1000/src/libdw1000.o
                0x08001070                dwIsReceiveTimeout
 .text.dwIsClockProblem
                0x08001090       0x46 ./Core/Inc/libdw1000/src/libdw1000.o
                0x08001090                dwIsClockProblem
 .text.dwClearReceiveTimestampAvailableStatus
                0x080010d6       0x3a ./Core/Inc/libdw1000/src/libdw1000.o
                0x080010d6                dwClearReceiveTimestampAvailableStatus
 .text.dwClearReceiveStatus
                0x08001110       0x24 ./Core/Inc/libdw1000/src/libdw1000.o
                0x08001110                dwClearReceiveStatus
 .text.dwClearTransmitStatus
                0x08001134       0x20 ./Core/Inc/libdw1000/src/libdw1000.o
                0x08001134                dwClearTransmitStatus
 .text.dwEnableMode
                0x08001154       0x5e ./Core/Inc/libdw1000/src/libdw1000.o
                0x08001154                dwEnableMode
 *fill*         0x080011b2        0x2 
 .text.dwTune   0x080011b4      0xc14 ./Core/Inc/libdw1000/src/libdw1000.o
                0x080011b4                dwTune
 .text.dwHandleInterrupt
                0x08001dc8      0x12e ./Core/Inc/libdw1000/src/libdw1000.o
                0x08001dc8                dwHandleInterrupt
 .text.dwAttachSentHandler
                0x08001ef6       0x1a ./Core/Inc/libdw1000/src/libdw1000.o
                0x08001ef6                dwAttachSentHandler
 .text.dwAttachErrorHandler
                0x08001f10       0x1a ./Core/Inc/libdw1000/src/libdw1000.o
                0x08001f10                dwAttachErrorHandler
 .text.dwAttachReceivedHandler
                0x08001f2a       0x1a ./Core/Inc/libdw1000/src/libdw1000.o
                0x08001f2a                dwAttachReceivedHandler
 .text.dwAttachReceiveFailedHandler
                0x08001f44       0x1a ./Core/Inc/libdw1000/src/libdw1000.o
                0x08001f44                dwAttachReceiveFailedHandler
 .text.dwSetAntenaDelay
                0x08001f5e       0x22 ./Core/Inc/libdw1000/src/libdw1000.o
                0x08001f5e                dwSetAntenaDelay
 .text.dwStrError
                0x08001f80       0x34 ./Core/Inc/libdw1000/src/libdw1000.o
                0x08001f80                dwStrError
 .text.setBit   0x08001fb4       0x78 ./Core/Inc/libdw1000/src/libdw1000.o
 .text.getBit   0x0800202c       0x50 ./Core/Inc/libdw1000/src/libdw1000.o
 .text.writeValueToBytes
                0x0800207c       0x40 ./Core/Inc/libdw1000/src/libdw1000.o
 .text.readBytesOTP
                0x080020bc       0x6c ./Core/Inc/libdw1000/src/libdw1000.o
 .text.dwSpiRead
                0x08002128       0x7c ./Core/Inc/libdw1000/src/libdw1000Spi.o
                0x08002128                dwSpiRead
 .text.dwSpiRead32
                0x080021a4       0x2a ./Core/Inc/libdw1000/src/libdw1000Spi.o
                0x080021a4                dwSpiRead32
 .text.dwSpiWrite
                0x080021ce       0x86 ./Core/Inc/libdw1000/src/libdw1000Spi.o
                0x080021ce                dwSpiWrite
 .text.dwSpiWrite8
                0x08002254       0x2e ./Core/Inc/libdw1000/src/libdw1000Spi.o
                0x08002254                dwSpiWrite8
 .text.dwSpiWrite32
                0x08002282       0x28 ./Core/Inc/libdw1000/src/libdw1000Spi.o
                0x08002282                dwSpiWrite32
 *fill*         0x080022aa        0x2 
 .text.__NVIC_EnableIRQ
                0x080022ac       0x38 ./Core/Src/main.o
 .text.spiRead  0x080022e4       0x50 ./Core/Src/main.o
                0x080022e4                spiRead
 .text.spiWrite
                0x08002334       0x50 ./Core/Src/main.o
                0x08002334                spiWrite
 .text.spiSetSpeed
                0x08002384       0x16 ./Core/Src/main.o
                0x08002384                spiSetSpeed
 .text.delayms  0x0800239a       0x18 ./Core/Src/main.o
                0x0800239a                delayms
 *fill*         0x080023b2        0x2 
 .text.reset    0x080023b4       0x30 ./Core/Src/main.o
                0x080023b4                reset
 .text.TX_Callback
                0x080023e4       0x3c ./Core/Src/main.o
                0x080023e4                TX_Callback
 .text.RX_Callback
                0x08002420       0x4c ./Core/Src/main.o
                0x08002420                RX_Callback
 .text.receivedFailedCallback
                0x0800246c       0x48 ./Core/Src/main.o
                0x0800246c                receivedFailedCallback
 .text.DW1000_Error_Handler
                0x080024b4       0x48 ./Core/Src/main.o
                0x080024b4                DW1000_Error_Handler
 .text.main     0x080024fc      0x214 ./Core/Src/main.o
                0x080024fc                main
 .text.SystemClock_Config
                0x08002710       0xb6 ./Core/Src/main.o
                0x08002710                SystemClock_Config
 *fill*         0x080027c6        0x2 
 .text.MX_SPI1_Init
                0x080027c8       0x6c ./Core/Src/main.o
 .text.MX_USART1_UART_Init
                0x08002834       0x54 ./Core/Src/main.o
 .text.MX_GPIO_Init
                0x08002888      0x118 ./Core/Src/main.o
 .text.checkIrq
                0x080029a0       0x18 ./Core/Src/main.o
 .text.HAL_GPIO_EXTI_Callback
                0x080029b8       0x38 ./Core/Src/main.o
                0x080029b8                HAL_GPIO_EXTI_Callback
 .text.dwOpsInit
                0x080029f0       0x16 ./Core/Src/main.o
                0x080029f0                dwOpsInit
 .text.Error_Handler
                0x08002a06        0xc ./Core/Src/main.o
                0x08002a06                Error_Handler
 *fill*         0x08002a12        0x2 
 .text.HAL_MspInit
                0x08002a14       0x64 ./Core/Src/stm32f1xx_hal_msp.o
                0x08002a14                HAL_MspInit
 .text.HAL_SPI_MspInit
                0x08002a78       0x94 ./Core/Src/stm32f1xx_hal_msp.o
                0x08002a78                HAL_SPI_MspInit
 .text.HAL_UART_MspInit
                0x08002b0c       0x98 ./Core/Src/stm32f1xx_hal_msp.o
                0x08002b0c                HAL_UART_MspInit
 .text.NMI_Handler
                0x08002ba4        0x8 ./Core/Src/stm32f1xx_it.o
                0x08002ba4                NMI_Handler
 .text.HardFault_Handler
                0x08002bac        0x8 ./Core/Src/stm32f1xx_it.o
                0x08002bac                HardFault_Handler
 .text.MemManage_Handler
                0x08002bb4        0x8 ./Core/Src/stm32f1xx_it.o
                0x08002bb4                MemManage_Handler
 .text.BusFault_Handler
                0x08002bbc        0x8 ./Core/Src/stm32f1xx_it.o
                0x08002bbc                BusFault_Handler
 .text.UsageFault_Handler
                0x08002bc4        0x8 ./Core/Src/stm32f1xx_it.o
                0x08002bc4                UsageFault_Handler
 .text.SVC_Handler
                0x08002bcc        0xc ./Core/Src/stm32f1xx_it.o
                0x08002bcc                SVC_Handler
 .text.DebugMon_Handler
                0x08002bd8        0xc ./Core/Src/stm32f1xx_it.o
                0x08002bd8                DebugMon_Handler
 .text.PendSV_Handler
                0x08002be4        0xc ./Core/Src/stm32f1xx_it.o
                0x08002be4                PendSV_Handler
 .text.SysTick_Handler
                0x08002bf0        0xc ./Core/Src/stm32f1xx_it.o
                0x08002bf0                SysTick_Handler
 .text.USB_LP_CAN1_RX0_IRQHandler
                0x08002bfc       0x14 ./Core/Src/stm32f1xx_it.o
                0x08002bfc                USB_LP_CAN1_RX0_IRQHandler
 .text.EXTI9_5_IRQHandler
                0x08002c10        0xe ./Core/Src/stm32f1xx_it.o
                0x08002c10                EXTI9_5_IRQHandler
 *fill*         0x08002c1e        0x2 
 .text._sbrk    0x08002c20       0x6c ./Core/Src/sysmem.o
                0x08002c20                _sbrk
 .text.SystemInit
                0x08002c8c        0xc ./Core/Src/system_stm32f1xx.o
                0x08002c8c                SystemInit
 .text.Reset_Handler
                0x08002c98       0x48 ./Core/Startup/startup_stm32f103t8ux.o
                0x08002c98                Reset_Handler
 .text.Default_Handler
                0x08002ce0        0x2 ./Core/Startup/startup_stm32f103t8ux.o
                0x08002ce0                RTC_Alarm_IRQHandler
                0x08002ce0                EXTI2_IRQHandler
                0x08002ce0                TIM1_CC_IRQHandler
                0x08002ce0                PVD_IRQHandler
                0x08002ce0                EXTI3_IRQHandler
                0x08002ce0                EXTI0_IRQHandler
                0x08002ce0                I2C2_EV_IRQHandler
                0x08002ce0                ADC1_2_IRQHandler
                0x08002ce0                SPI1_IRQHandler
                0x08002ce0                TAMPER_IRQHandler
                0x08002ce0                DMA1_Channel4_IRQHandler
                0x08002ce0                USART3_IRQHandler
                0x08002ce0                RTC_IRQHandler
                0x08002ce0                DMA1_Channel7_IRQHandler
                0x08002ce0                CAN1_RX1_IRQHandler
                0x08002ce0                TIM4_IRQHandler
                0x08002ce0                I2C1_EV_IRQHandler
                0x08002ce0                DMA1_Channel6_IRQHandler
                0x08002ce0                TIM3_IRQHandler
                0x08002ce0                RCC_IRQHandler
                0x08002ce0                TIM1_TRG_COM_IRQHandler
                0x08002ce0                DMA1_Channel1_IRQHandler
                0x08002ce0                Default_Handler
                0x08002ce0                EXTI15_10_IRQHandler
                0x08002ce0                SPI2_IRQHandler
                0x08002ce0                DMA1_Channel5_IRQHandler
                0x08002ce0                EXTI4_IRQHandler
                0x08002ce0                USB_HP_CAN1_TX_IRQHandler
                0x08002ce0                DMA1_Channel3_IRQHandler
                0x08002ce0                TIM1_UP_IRQHandler
                0x08002ce0                WWDG_IRQHandler
                0x08002ce0                TIM2_IRQHandler
                0x08002ce0                TIM1_BRK_IRQHandler
                0x08002ce0                EXTI1_IRQHandler
                0x08002ce0                USART2_IRQHandler
                0x08002ce0                I2C2_ER_IRQHandler
                0x08002ce0                DMA1_Channel2_IRQHandler
                0x08002ce0                CAN1_SCE_IRQHandler
                0x08002ce0                FLASH_IRQHandler
                0x08002ce0                USART1_IRQHandler
                0x08002ce0                I2C1_ER_IRQHandler
                0x08002ce0                USBWakeUp_IRQHandler
 *fill*         0x08002ce2        0x2 
 .text.HAL_Init
                0x08002ce4       0x2c ./Drivers/STM32F1xx_HAL_Driver/Src/stm32f1xx_hal.o
                0x08002ce4                HAL_Init
 .text.HAL_InitTick
                0x08002d10       0x60 ./Drivers/STM32F1xx_HAL_Driver/Src/stm32f1xx_hal.o
                0x08002d10                HAL_InitTick
 .text.HAL_IncTick
                0x08002d70       0x24 ./Drivers/STM32F1xx_HAL_Driver/Src/stm32f1xx_hal.o
                0x08002d70                HAL_IncTick
 .text.HAL_GetTick
                0x08002d94       0x14 ./Drivers/STM32F1xx_HAL_Driver/Src/stm32f1xx_hal.o
                0x08002d94                HAL_GetTick
 .text.HAL_Delay
                0x08002da8       0x48 ./Drivers/STM32F1xx_HAL_Driver/Src/stm32f1xx_hal.o
                0x08002da8                HAL_Delay
 .text.__NVIC_SetPriorityGrouping
                0x08002df0       0x48 ./Drivers/STM32F1xx_HAL_Driver/Src/stm32f1xx_hal_cortex.o
 .text.__NVIC_GetPriorityGrouping
                0x08002e38       0x1c ./Drivers/STM32F1xx_HAL_Driver/Src/stm32f1xx_hal_cortex.o
 .text.__NVIC_EnableIRQ
                0x08002e54       0x38 ./Drivers/STM32F1xx_HAL_Driver/Src/stm32f1xx_hal_cortex.o
 .text.__NVIC_ClearPendingIRQ
                0x08002e8c       0x3c ./Drivers/STM32F1xx_HAL_Driver/Src/stm32f1xx_hal_cortex.o
 .text.__NVIC_SetPriority
                0x08002ec8       0x54 ./Drivers/STM32F1xx_HAL_Driver/Src/stm32f1xx_hal_cortex.o
 .text.NVIC_EncodePriority
                0x08002f1c       0x64 ./Drivers/STM32F1xx_HAL_Driver/Src/stm32f1xx_hal_cortex.o
 .text.SysTick_Config
                0x08002f80       0x44 ./Drivers/STM32F1xx_HAL_Driver/Src/stm32f1xx_hal_cortex.o
 .text.HAL_NVIC_SetPriorityGrouping
                0x08002fc4       0x16 ./Drivers/STM32F1xx_HAL_Driver/Src/stm32f1xx_hal_cortex.o
                0x08002fc4                HAL_NVIC_SetPriorityGrouping
 .text.HAL_NVIC_SetPriority
                0x08002fda       0x38 ./Drivers/STM32F1xx_HAL_Driver/Src/stm32f1xx_hal_cortex.o
                0x08002fda                HAL_NVIC_SetPriority
 .text.HAL_NVIC_EnableIRQ
                0x08003012       0x1c ./Drivers/STM32F1xx_HAL_Driver/Src/stm32f1xx_hal_cortex.o
                0x08003012                HAL_NVIC_EnableIRQ
 .text.HAL_SYSTICK_Config
                0x0800302e       0x18 ./Drivers/STM32F1xx_HAL_Driver/Src/stm32f1xx_hal_cortex.o
                0x0800302e                HAL_SYSTICK_Config
 .text.HAL_NVIC_ClearPendingIRQ
                0x08003046       0x1c ./Drivers/STM32F1xx_HAL_Driver/Src/stm32f1xx_hal_cortex.o
                0x08003046                HAL_NVIC_ClearPendingIRQ
 *fill*         0x08003062        0x2 
 .text.HAL_GPIO_Init
                0x08003064      0x308 ./Drivers/STM32F1xx_HAL_Driver/Src/stm32f1xx_hal_gpio.o
                0x08003064                HAL_GPIO_Init
 .text.HAL_GPIO_ReadPin
                0x0800336c       0x2e ./Drivers/STM32F1xx_HAL_Driver/Src/stm32f1xx_hal_gpio.o
                0x0800336c                HAL_GPIO_ReadPin
 .text.HAL_GPIO_WritePin
                0x0800339a       0x30 ./Drivers/STM32F1xx_HAL_Driver/Src/stm32f1xx_hal_gpio.o
                0x0800339a                HAL_GPIO_WritePin
 .text.HAL_GPIO_TogglePin
                0x080033ca       0x32 ./Drivers/STM32F1xx_HAL_Driver/Src/stm32f1xx_hal_gpio.o
                0x080033ca                HAL_GPIO_TogglePin
 .text.HAL_GPIO_EXTI_IRQHandler
                0x080033fc       0x30 ./Drivers/STM32F1xx_HAL_Driver/Src/stm32f1xx_hal_gpio.o
                0x080033fc                HAL_GPIO_EXTI_IRQHandler
 .text.HAL_PCD_Init
                0x0800342c      0x1ec ./Drivers/STM32F1xx_HAL_Driver/Src/stm32f1xx_hal_pcd.o
                0x0800342c                HAL_PCD_Init
 .text.HAL_PCD_Start
                0x08003618       0x4c ./Drivers/STM32F1xx_HAL_Driver/Src/stm32f1xx_hal_pcd.o
                0x08003618                HAL_PCD_Start
 .text.HAL_PCD_IRQHandler
                0x08003664      0x260 ./Drivers/STM32F1xx_HAL_Driver/Src/stm32f1xx_hal_pcd.o
                0x08003664                HAL_PCD_IRQHandler
 .text.HAL_PCD_SetAddress
                0x080038c4       0x48 ./Drivers/STM32F1xx_HAL_Driver/Src/stm32f1xx_hal_pcd.o
                0x080038c4                HAL_PCD_SetAddress
 .text.HAL_PCD_EP_Open
                0x0800390c       0xba ./Drivers/STM32F1xx_HAL_Driver/Src/stm32f1xx_hal_pcd.o
                0x0800390c                HAL_PCD_EP_Open
 .text.HAL_PCD_EP_Close
                0x080039c6       0x90 ./Drivers/STM32F1xx_HAL_Driver/Src/stm32f1xx_hal_pcd.o
                0x080039c6                HAL_PCD_EP_Close
 .text.HAL_PCD_EP_Receive
                0x08003a56       0x62 ./Drivers/STM32F1xx_HAL_Driver/Src/stm32f1xx_hal_pcd.o
                0x08003a56                HAL_PCD_EP_Receive
 .text.HAL_PCD_EP_GetRxCount
                0x08003ab8       0x2e ./Drivers/STM32F1xx_HAL_Driver/Src/stm32f1xx_hal_pcd.o
                0x08003ab8                HAL_PCD_EP_GetRxCount
 .text.HAL_PCD_EP_Transmit
                0x08003ae6       0x6e ./Drivers/STM32F1xx_HAL_Driver/Src/stm32f1xx_hal_pcd.o
                0x08003ae6                HAL_PCD_EP_Transmit
 .text.HAL_PCD_EP_SetStall
                0x08003b54       0xc0 ./Drivers/STM32F1xx_HAL_Driver/Src/stm32f1xx_hal_pcd.o
                0x08003b54                HAL_PCD_EP_SetStall
 .text.HAL_PCD_EP_ClrStall
                0x08003c14       0xa8 ./Drivers/STM32F1xx_HAL_Driver/Src/stm32f1xx_hal_pcd.o
                0x08003c14                HAL_PCD_EP_ClrStall
 .text.PCD_EP_ISR_Handler
                0x08003cbc      0x79e ./Drivers/STM32F1xx_HAL_Driver/Src/stm32f1xx_hal_pcd.o
 .text.HAL_PCD_EP_DB_Receive
                0x0800445a      0x21a ./Drivers/STM32F1xx_HAL_Driver/Src/stm32f1xx_hal_pcd.o
 .text.HAL_PCD_EP_DB_Transmit
                0x08004674      0x7f4 ./Drivers/STM32F1xx_HAL_Driver/Src/stm32f1xx_hal_pcd.o
 .text.HAL_PCDEx_PMAConfig
                0x08004e68       0x84 ./Drivers/STM32F1xx_HAL_Driver/Src/stm32f1xx_hal_pcd_ex.o
                0x08004e68                HAL_PCDEx_PMAConfig
 .text.HAL_RCC_OscConfig
                0x08004eec      0x504 ./Drivers/STM32F1xx_HAL_Driver/Src/stm32f1xx_hal_rcc.o
                0x08004eec                HAL_RCC_OscConfig
 .text.HAL_RCC_ClockConfig
                0x080053f0      0x1d4 ./Drivers/STM32F1xx_HAL_Driver/Src/stm32f1xx_hal_rcc.o
                0x080053f0                HAL_RCC_ClockConfig
 .text.HAL_RCC_GetSysClockFreq
                0x080055c4       0xa8 ./Drivers/STM32F1xx_HAL_Driver/Src/stm32f1xx_hal_rcc.o
                0x080055c4                HAL_RCC_GetSysClockFreq
 .text.HAL_RCC_GetHCLKFreq
                0x0800566c       0x14 ./Drivers/STM32F1xx_HAL_Driver/Src/stm32f1xx_hal_rcc.o
                0x0800566c                HAL_RCC_GetHCLKFreq
 .text.HAL_RCC_GetPCLK1Freq
                0x08005680       0x28 ./Drivers/STM32F1xx_HAL_Driver/Src/stm32f1xx_hal_rcc.o
                0x08005680                HAL_RCC_GetPCLK1Freq
 .text.HAL_RCC_GetPCLK2Freq
                0x080056a8       0x28 ./Drivers/STM32F1xx_HAL_Driver/Src/stm32f1xx_hal_rcc.o
                0x080056a8                HAL_RCC_GetPCLK2Freq
 .text.RCC_Delay
                0x080056d0       0x3c ./Drivers/STM32F1xx_HAL_Driver/Src/stm32f1xx_hal_rcc.o
 .text.HAL_RCCEx_PeriphCLKConfig
                0x0800570c      0x16c ./Drivers/STM32F1xx_HAL_Driver/Src/stm32f1xx_hal_rcc_ex.o
                0x0800570c                HAL_RCCEx_PeriphCLKConfig
 .text.HAL_SPI_Init
                0x08005878      0x108 ./Drivers/STM32F1xx_HAL_Driver/Src/stm32f1xx_hal_spi.o
                0x08005878                HAL_SPI_Init
 .text.HAL_SPI_Transmit
                0x08005980      0x288 ./Drivers/STM32F1xx_HAL_Driver/Src/stm32f1xx_hal_spi.o
                0x08005980                HAL_SPI_Transmit
 .text.HAL_SPI_Receive
                0x08005c08      0x232 ./Drivers/STM32F1xx_HAL_Driver/Src/stm32f1xx_hal_spi.o
                0x08005c08                HAL_SPI_Receive
 .text.HAL_SPI_TransmitReceive
                0x08005e3a      0x352 ./Drivers/STM32F1xx_HAL_Driver/Src/stm32f1xx_hal_spi.o
                0x08005e3a                HAL_SPI_TransmitReceive
 .text.SPI_WaitFlagStateUntilTimeout
                0x0800618c      0x110 ./Drivers/STM32F1xx_HAL_Driver/Src/stm32f1xx_hal_spi.o
 .text.SPI_EndRxTransaction
                0x0800629c       0xa4 ./Drivers/STM32F1xx_HAL_Driver/Src/stm32f1xx_hal_spi.o
 .text.SPI_EndRxTxTransaction
                0x08006340       0x62 ./Drivers/STM32F1xx_HAL_Driver/Src/stm32f1xx_hal_spi.o
 .text.HAL_UART_Init
                0x080063a2       0xa0 ./Drivers/STM32F1xx_HAL_Driver/Src/stm32f1xx_hal_uart.o
                0x080063a2                HAL_UART_Init
 *fill*         0x08006442        0x2 
 .text.UART_SetConfig
                0x08006444      0x11c ./Drivers/STM32F1xx_HAL_Driver/Src/stm32f1xx_hal_uart.o
 .text.USB_CoreInit
                0x08006560       0x1a ./Drivers/STM32F1xx_HAL_Driver/Src/stm32f1xx_ll_usb.o
                0x08006560                USB_CoreInit
 .text.USB_EnableGlobalInt
                0x0800657a       0x2c ./Drivers/STM32F1xx_HAL_Driver/Src/stm32f1xx_ll_usb.o
                0x0800657a                USB_EnableGlobalInt
 .text.USB_DisableGlobalInt
                0x080065a6       0x34 ./Drivers/STM32F1xx_HAL_Driver/Src/stm32f1xx_ll_usb.o
                0x080065a6                USB_DisableGlobalInt
 .text.USB_SetCurrentMode
                0x080065da       0x18 ./Drivers/STM32F1xx_HAL_Driver/Src/stm32f1xx_ll_usb.o
                0x080065da                USB_SetCurrentMode
 .text.USB_DevInit
                0x080065f2       0x3a ./Drivers/STM32F1xx_HAL_Driver/Src/stm32f1xx_ll_usb.o
                0x080065f2                USB_DevInit
 .text.USB_ActivateEndpoint
                0x0800662c      0x780 ./Drivers/STM32F1xx_HAL_Driver/Src/stm32f1xx_ll_usb.o
                0x0800662c                USB_ActivateEndpoint
 .text.USB_DeactivateEndpoint
                0x08006dac      0x3d8 ./Drivers/STM32F1xx_HAL_Driver/Src/stm32f1xx_ll_usb.o
                0x08006dac                USB_DeactivateEndpoint
 .text.USB_EPStartXfer
                0x08007184     0x1762 ./Drivers/STM32F1xx_HAL_Driver/Src/stm32f1xx_ll_usb.o
                0x08007184                USB_EPStartXfer
 .text.USB_EPSetStall
                0x080088e6       0xa0 ./Drivers/STM32F1xx_HAL_Driver/Src/stm32f1xx_ll_usb.o
                0x080088e6                USB_EPSetStall
 .text.USB_EPClearStall
                0x08008986      0x15a ./Drivers/STM32F1xx_HAL_Driver/Src/stm32f1xx_ll_usb.o
                0x08008986                USB_EPClearStall
 .text.USB_SetDevAddress
                0x08008ae0       0x26 ./Drivers/STM32F1xx_HAL_Driver/Src/stm32f1xx_ll_usb.o
                0x08008ae0                USB_SetDevAddress
 .text.USB_DevConnect
                0x08008b06       0x14 ./Drivers/STM32F1xx_HAL_Driver/Src/stm32f1xx_ll_usb.o
                0x08008b06                USB_DevConnect
 .text.USB_DevDisconnect
                0x08008b1a       0x14 ./Drivers/STM32F1xx_HAL_Driver/Src/stm32f1xx_ll_usb.o
                0x08008b1a                USB_DevDisconnect
 .text.USB_ReadInterrupts
                0x08008b2e       0x1e ./Drivers/STM32F1xx_HAL_Driver/Src/stm32f1xx_ll_usb.o
                0x08008b2e                USB_ReadInterrupts
 .text.USB_EP0_OutStart
                0x08008b4c       0x16 ./Drivers/STM32F1xx_HAL_Driver/Src/stm32f1xx_ll_usb.o
                0x08008b4c                USB_EP0_OutStart
 .text.USB_WritePMA
                0x08008b62       0x8c ./Drivers/STM32F1xx_HAL_Driver/Src/stm32f1xx_ll_usb.o
                0x08008b62                USB_WritePMA
 .text.USB_ReadPMA
                0x08008bee       0x9e ./Drivers/STM32F1xx_HAL_Driver/Src/stm32f1xx_ll_usb.o
                0x08008bee                USB_ReadPMA
 .text.USBD_CDC_Init
                0x08008c8c       0xf4 ./Middlewares/ST/STM32_USB_Device_Library/Class/CDC/Src/usbd_cdc.o
 .text.USBD_CDC_DeInit
                0x08008d80       0x6e ./Middlewares/ST/STM32_USB_Device_Library/Class/CDC/Src/usbd_cdc.o
 .text.USBD_CDC_Setup
                0x08008dee      0x146 ./Middlewares/ST/STM32_USB_Device_Library/Class/CDC/Src/usbd_cdc.o
 .text.USBD_CDC_DataIn
                0x08008f34       0xa6 ./Middlewares/ST/STM32_USB_Device_Library/Class/CDC/Src/usbd_cdc.o
 .text.USBD_CDC_DataOut
                0x08008fda       0x56 ./Middlewares/ST/STM32_USB_Device_Library/Class/CDC/Src/usbd_cdc.o
 .text.USBD_CDC_EP0_RxReady
                0x08009030       0x4e ./Middlewares/ST/STM32_USB_Device_Library/Class/CDC/Src/usbd_cdc.o
 *fill*         0x0800907e        0x2 
 .text.USBD_CDC_GetFSCfgDesc
                0x08009080       0x20 ./Middlewares/ST/STM32_USB_Device_Library/Class/CDC/Src/usbd_cdc.o
 .text.USBD_CDC_GetHSCfgDesc
                0x080090a0       0x20 ./Middlewares/ST/STM32_USB_Device_Library/Class/CDC/Src/usbd_cdc.o
 .text.USBD_CDC_GetOtherSpeedCfgDesc
                0x080090c0       0x20 ./Middlewares/ST/STM32_USB_Device_Library/Class/CDC/Src/usbd_cdc.o
 .text.USBD_CDC_GetDeviceQualifierDescriptor
                0x080090e0       0x20 ./Middlewares/ST/STM32_USB_Device_Library/Class/CDC/Src/usbd_cdc.o
                0x080090e0                USBD_CDC_GetDeviceQualifierDescriptor
 .text.USBD_CDC_RegisterInterface
                0x08009100       0x2c ./Middlewares/ST/STM32_USB_Device_Library/Class/CDC/Src/usbd_cdc.o
                0x08009100                USBD_CDC_RegisterInterface
 .text.USBD_CDC_SetTxBuffer
                0x0800912c       0x32 ./Middlewares/ST/STM32_USB_Device_Library/Class/CDC/Src/usbd_cdc.o
                0x0800912c                USBD_CDC_SetTxBuffer
 .text.USBD_CDC_SetRxBuffer
                0x0800915e       0x26 ./Middlewares/ST/STM32_USB_Device_Library/Class/CDC/Src/usbd_cdc.o
                0x0800915e                USBD_CDC_SetRxBuffer
 .text.USBD_CDC_TransmitPacket
                0x08009184       0x5e ./Middlewares/ST/STM32_USB_Device_Library/Class/CDC/Src/usbd_cdc.o
                0x08009184                USBD_CDC_TransmitPacket
 .text.USBD_CDC_ReceivePacket
                0x080091e2       0x54 ./Middlewares/ST/STM32_USB_Device_Library/Class/CDC/Src/usbd_cdc.o
                0x080091e2                USBD_CDC_ReceivePacket
 .text.USBD_Init
                0x08009236       0x56 ./Middlewares/ST/STM32_USB_Device_Library/Core/Src/usbd_core.o
                0x08009236                USBD_Init
 .text.USBD_RegisterClass
                0x0800928c       0x32 ./Middlewares/ST/STM32_USB_Device_Library/Core/Src/usbd_core.o
                0x0800928c                USBD_RegisterClass
 .text.USBD_Start
                0x080092be       0x18 ./Middlewares/ST/STM32_USB_Device_Library/Core/Src/usbd_core.o
                0x080092be                USBD_Start
 .text.USBD_RunTestMode
                0x080092d6       0x14 ./Middlewares/ST/STM32_USB_Device_Library/Core/Src/usbd_core.o
                0x080092d6                USBD_RunTestMode
 .text.USBD_SetClassConfig
                0x080092ea       0x3e ./Middlewares/ST/STM32_USB_Device_Library/Core/Src/usbd_core.o
                0x080092ea                USBD_SetClassConfig
 .text.USBD_ClrClassConfig
                0x08009328       0x26 ./Middlewares/ST/STM32_USB_Device_Library/Core/Src/usbd_core.o
                0x08009328                USBD_ClrClassConfig
 .text.USBD_LL_SetupStage
                0x0800934e       0x9a ./Middlewares/ST/STM32_USB_Device_Library/Core/Src/usbd_core.o
                0x0800934e                USBD_LL_SetupStage
 .text.USBD_LL_DataOutStage
                0x080093e8       0xe2 ./Middlewares/ST/STM32_USB_Device_Library/Core/Src/usbd_core.o
                0x080093e8                USBD_LL_DataOutStage
 .text.USBD_LL_DataInStage
                0x080094ca      0x14a ./Middlewares/ST/STM32_USB_Device_Library/Core/Src/usbd_core.o
                0x080094ca                USBD_LL_DataInStage
 .text.USBD_LL_Reset
                0x08009614       0x82 ./Middlewares/ST/STM32_USB_Device_Library/Core/Src/usbd_core.o
                0x08009614                USBD_LL_Reset
 .text.USBD_LL_SetSpeed
                0x08009696       0x1e ./Middlewares/ST/STM32_USB_Device_Library/Core/Src/usbd_core.o
                0x08009696                USBD_LL_SetSpeed
 .text.USBD_LL_Suspend
                0x080096b4       0x28 ./Middlewares/ST/STM32_USB_Device_Library/Core/Src/usbd_core.o
                0x080096b4                USBD_LL_Suspend
 .text.USBD_LL_Resume
                0x080096dc       0x2a ./Middlewares/ST/STM32_USB_Device_Library/Core/Src/usbd_core.o
                0x080096dc                USBD_LL_Resume
 .text.USBD_LL_SOF
                0x08009706       0x34 ./Middlewares/ST/STM32_USB_Device_Library/Core/Src/usbd_core.o
                0x08009706                USBD_LL_SOF
 *fill*         0x0800973a        0x2 
 .text.USBD_StdDevReq
                0x0800973c       0xd4 ./Middlewares/ST/STM32_USB_Device_Library/Core/Src/usbd_ctlreq.o
                0x0800973c                USBD_StdDevReq
 .text.USBD_StdItfReq
                0x08009810       0x90 ./Middlewares/ST/STM32_USB_Device_Library/Core/Src/usbd_ctlreq.o
                0x08009810                USBD_StdItfReq
 .text.USBD_StdEPReq
                0x080098a0      0x2c6 ./Middlewares/ST/STM32_USB_Device_Library/Core/Src/usbd_ctlreq.o
                0x080098a0                USBD_StdEPReq
 *fill*         0x08009b66        0x2 
 .text.USBD_GetDescriptor
                0x08009b68      0x2d0 ./Middlewares/ST/STM32_USB_Device_Library/Core/Src/usbd_ctlreq.o
 .text.USBD_SetAddress
                0x08009e38       0x86 ./Middlewares/ST/STM32_USB_Device_Library/Core/Src/usbd_ctlreq.o
 *fill*         0x08009ebe        0x2 
 .text.USBD_SetConfig
                0x08009ec0      0x11c ./Middlewares/ST/STM32_USB_Device_Library/Core/Src/usbd_ctlreq.o
 .text.USBD_GetConfig
                0x08009fdc       0x6a ./Middlewares/ST/STM32_USB_Device_Library/Core/Src/usbd_ctlreq.o
 .text.USBD_GetStatus
                0x0800a046       0x66 ./Middlewares/ST/STM32_USB_Device_Library/Core/Src/usbd_ctlreq.o
 .text.USBD_SetFeature
                0x0800a0ac       0x28 ./Middlewares/ST/STM32_USB_Device_Library/Core/Src/usbd_ctlreq.o
 .text.USBD_ClrFeature
                0x0800a0d4       0x42 ./Middlewares/ST/STM32_USB_Device_Library/Core/Src/usbd_ctlreq.o
 .text.USBD_ParseSetupRequest
                0x0800a116       0x72 ./Middlewares/ST/STM32_USB_Device_Library/Core/Src/usbd_ctlreq.o
                0x0800a116                USBD_ParseSetupRequest
 .text.USBD_CtlError
                0x0800a188       0x22 ./Middlewares/ST/STM32_USB_Device_Library/Core/Src/usbd_ctlreq.o
                0x0800a188                USBD_CtlError
 .text.USBD_GetString
                0x0800a1aa       0x84 ./Middlewares/ST/STM32_USB_Device_Library/Core/Src/usbd_ctlreq.o
                0x0800a1aa                USBD_GetString
 .text.USBD_GetLen
                0x0800a22e       0x2e ./Middlewares/ST/STM32_USB_Device_Library/Core/Src/usbd_ctlreq.o
 .text.USBD_CtlSendData
                0x0800a25c       0x38 ./Middlewares/ST/STM32_USB_Device_Library/Core/Src/usbd_ioreq.o
                0x0800a25c                USBD_CtlSendData
 .text.USBD_CtlContinueSendData
                0x0800a294       0x24 ./Middlewares/ST/STM32_USB_Device_Library/Core/Src/usbd_ioreq.o
                0x0800a294                USBD_CtlContinueSendData
 .text.USBD_CtlPrepareRx
                0x0800a2b8       0x3c ./Middlewares/ST/STM32_USB_Device_Library/Core/Src/usbd_ioreq.o
                0x0800a2b8                USBD_CtlPrepareRx
 .text.USBD_CtlContinueRx
                0x0800a2f4       0x24 ./Middlewares/ST/STM32_USB_Device_Library/Core/Src/usbd_ioreq.o
                0x0800a2f4                USBD_CtlContinueRx
 .text.USBD_CtlSendStatus
                0x0800a318       0x26 ./Middlewares/ST/STM32_USB_Device_Library/Core/Src/usbd_ioreq.o
                0x0800a318                USBD_CtlSendStatus
 .text.USBD_CtlReceiveStatus
                0x0800a33e       0x26 ./Middlewares/ST/STM32_USB_Device_Library/Core/Src/usbd_ioreq.o
                0x0800a33e                USBD_CtlReceiveStatus
 .text.MX_USB_DEVICE_Init
                0x0800a364       0x60 ./USB_DEVICE/App/usb_device.o
                0x0800a364                MX_USB_DEVICE_Init
 .text.CDC_Init_FS
                0x0800a3c4       0x28 ./USB_DEVICE/App/usbd_cdc_if.o
 .text.CDC_DeInit_FS
                0x0800a3ec        0xe ./USB_DEVICE/App/usbd_cdc_if.o
 *fill*         0x0800a3fa        0x2 
 .text.CDC_Control_FS
                0x0800a3fc       0xbc ./USB_DEVICE/App/usbd_cdc_if.o
 .text.CDC_Receive_FS
                0x0800a4b8       0x28 ./USB_DEVICE/App/usbd_cdc_if.o
 .text.CDC_Transmit_FS
                0x0800a4e0       0x4c ./USB_DEVICE/App/usbd_cdc_if.o
                0x0800a4e0                CDC_Transmit_FS
 .text.USBD_FS_DeviceDescriptor
                0x0800a52c       0x24 ./USB_DEVICE/App/usbd_desc.o
                0x0800a52c                USBD_FS_DeviceDescriptor
 .text.USBD_FS_LangIDStrDescriptor
                0x0800a550       0x24 ./USB_DEVICE/App/usbd_desc.o
                0x0800a550                USBD_FS_LangIDStrDescriptor
 .text.USBD_FS_ProductStrDescriptor
                0x0800a574       0x3c ./USB_DEVICE/App/usbd_desc.o
                0x0800a574                USBD_FS_ProductStrDescriptor
 .text.USBD_FS_ManufacturerStrDescriptor
                0x0800a5b0       0x28 ./USB_DEVICE/App/usbd_desc.o
                0x0800a5b0                USBD_FS_ManufacturerStrDescriptor
 .text.USBD_FS_SerialStrDescriptor
                0x0800a5d8       0x24 ./USB_DEVICE/App/usbd_desc.o
                0x0800a5d8                USBD_FS_SerialStrDescriptor
 .text.USBD_FS_ConfigStrDescriptor
                0x0800a5fc       0x3c ./USB_DEVICE/App/usbd_desc.o
                0x0800a5fc                USBD_FS_ConfigStrDescriptor
 .text.USBD_FS_InterfaceStrDescriptor
                0x0800a638       0x3c ./USB_DEVICE/App/usbd_desc.o
                0x0800a638                USBD_FS_InterfaceStrDescriptor
 .text.Get_SerialNum
                0x0800a674       0x58 ./USB_DEVICE/App/usbd_desc.o
 .text.IntToUnicode
                0x0800a6cc       0x7c ./USB_DEVICE/App/usbd_desc.o
 .text.HAL_PCD_MspInit
                0x0800a748       0x4c ./USB_DEVICE/Target/usbd_conf.o
                0x0800a748                HAL_PCD_MspInit
 .text.HAL_PCD_SetupStageCallback
                0x0800a794       0x24 ./USB_DEVICE/Target/usbd_conf.o
                0x0800a794                HAL_PCD_SetupStageCallback
 .text.HAL_PCD_DataOutStageCallback
                0x0800a7b8       0x36 ./USB_DEVICE/Target/usbd_conf.o
                0x0800a7b8                HAL_PCD_DataOutStageCallback
 .text.HAL_PCD_DataInStageCallback
                0x0800a7ee       0x34 ./USB_DEVICE/Target/usbd_conf.o
                0x0800a7ee                HAL_PCD_DataInStageCallback
 .text.HAL_PCD_SOFCallback
                0x0800a822       0x1c ./USB_DEVICE/Target/usbd_conf.o
                0x0800a822                HAL_PCD_SOFCallback
 .text.HAL_PCD_ResetCallback
                0x0800a83e       0x3c ./USB_DEVICE/Target/usbd_conf.o
                0x0800a83e                HAL_PCD_ResetCallback
 *fill*         0x0800a87a        0x2 
 .text.HAL_PCD_SuspendCallback
                0x0800a87c       0x34 ./USB_DEVICE/Target/usbd_conf.o
                0x0800a87c                HAL_PCD_SuspendCallback
 .text.HAL_PCD_ResumeCallback
                0x0800a8b0       0x1c ./USB_DEVICE/Target/usbd_conf.o
                0x0800a8b0                HAL_PCD_ResumeCallback
 .text.USBD_LL_Init
                0x0800a8cc       0xb4 ./USB_DEVICE/Target/usbd_conf.o
                0x0800a8cc                USBD_LL_Init
 .text.USBD_LL_Start
                0x0800a980       0x36 ./USB_DEVICE/Target/usbd_conf.o
                0x0800a980                USBD_LL_Start
 .text.USBD_LL_OpenEP
                0x0800a9b6       0x4c ./USB_DEVICE/Target/usbd_conf.o
                0x0800a9b6                USBD_LL_OpenEP
 .text.USBD_LL_CloseEP
                0x0800aa02       0x3e ./USB_DEVICE/Target/usbd_conf.o
                0x0800aa02                USBD_LL_CloseEP
 .text.USBD_LL_StallEP
                0x0800aa40       0x3e ./USB_DEVICE/Target/usbd_conf.o
                0x0800aa40                USBD_LL_StallEP
 .text.USBD_LL_ClearStallEP
                0x0800aa7e       0x3e ./USB_DEVICE/Target/usbd_conf.o
                0x0800aa7e                USBD_LL_ClearStallEP
 .text.USBD_LL_IsStallEP
                0x0800aabc       0x56 ./USB_DEVICE/Target/usbd_conf.o
                0x0800aabc                USBD_LL_IsStallEP
 .text.USBD_LL_SetUSBAddress
                0x0800ab12       0x3e ./USB_DEVICE/Target/usbd_conf.o
                0x0800ab12                USBD_LL_SetUSBAddress
 .text.USBD_LL_Transmit
                0x0800ab50       0x46 ./USB_DEVICE/Target/usbd_conf.o
                0x0800ab50                USBD_LL_Transmit
 .text.USBD_LL_PrepareReceive
                0x0800ab96       0x46 ./USB_DEVICE/Target/usbd_conf.o
                0x0800ab96                USBD_LL_PrepareReceive
 .text.USBD_LL_GetRxDataSize
                0x0800abdc       0x26 ./USB_DEVICE/Target/usbd_conf.o
                0x0800abdc                USBD_LL_GetRxDataSize
 *fill*         0x0800ac02        0x2 
 .text.USBD_static_malloc
                0x0800ac04       0x18 ./USB_DEVICE/Target/usbd_conf.o
                0x0800ac04                USBD_static_malloc
 .text.USBD_static_free
                0x0800ac1c       0x12 ./USB_DEVICE/Target/usbd_conf.o
                0x0800ac1c                USBD_static_free
 .text.HAL_PCDEx_SetConnectionState
                0x0800ac2e       0x16 ./USB_DEVICE/Target/usbd_conf.o
                0x0800ac2e                HAL_PCDEx_SetConnectionState
 .text.USBD_Get_USB_Status
                0x0800ac44       0x58 ./USB_DEVICE/Target/usbd_conf.o
 .text.sprintf  0x0800ac9c       0x44 E:/Soft/STM32CubeIDE_1.18.0/STM32CubeIDE/plugins/com.st.stm32cube.ide.mcu.externaltools.gnu-tools-for-stm32.13.3.rel1.win32_1.0.0.202411081344/tools/bin/../lib/gcc/arm-none-eabi/13.3.1/../../../../arm-none-eabi/lib/thumb/v7-m/nofp\libc_nano.a(libc_a-sprintf.o)
                0x0800ac9c                siprintf
                0x0800ac9c                sprintf
 .text.memset   0x0800ace0       0x10 E:/Soft/STM32CubeIDE_1.18.0/STM32CubeIDE/plugins/com.st.stm32cube.ide.mcu.externaltools.gnu-tools-for-stm32.13.3.rel1.win32_1.0.0.202411081344/tools/bin/../lib/gcc/arm-none-eabi/13.3.1/../../../../arm-none-eabi/lib/thumb/v7-m/nofp\libc_nano.a(libc_a-memset.o)
                0x0800ace0                memset
 .text.__errno  0x0800acf0        0xc E:/Soft/STM32CubeIDE_1.18.0/STM32CubeIDE/plugins/com.st.stm32cube.ide.mcu.externaltools.gnu-tools-for-stm32.13.3.rel1.win32_1.0.0.202411081344/tools/bin/../lib/gcc/arm-none-eabi/13.3.1/../../../../arm-none-eabi/lib/thumb/v7-m/nofp\libc_nano.a(libc_a-errno.o)
                0x0800acf0                __errno
 .text.__libc_init_array
                0x0800acfc       0x48 E:/Soft/STM32CubeIDE_1.18.0/STM32CubeIDE/plugins/com.st.stm32cube.ide.mcu.externaltools.gnu-tools-for-stm32.13.3.rel1.win32_1.0.0.202411081344/tools/bin/../lib/gcc/arm-none-eabi/13.3.1/../../../../arm-none-eabi/lib/thumb/v7-m/nofp\libc_nano.a(libc_a-init.o)
                0x0800acfc                __libc_init_array
 .text.__retarget_lock_acquire_recursive
                0x0800ad44        0x2 E:/Soft/STM32CubeIDE_1.18.0/STM32CubeIDE/plugins/com.st.stm32cube.ide.mcu.externaltools.gnu-tools-for-stm32.13.3.rel1.win32_1.0.0.202411081344/tools/bin/../lib/gcc/arm-none-eabi/13.3.1/../../../../arm-none-eabi/lib/thumb/v7-m/nofp\libc_nano.a(libc_a-lock.o)
                0x0800ad44                __retarget_lock_acquire_recursive
 .text.__retarget_lock_release_recursive
                0x0800ad46        0x2 E:/Soft/STM32CubeIDE_1.18.0/STM32CubeIDE/plugins/com.st.stm32cube.ide.mcu.externaltools.gnu-tools-for-stm32.13.3.rel1.win32_1.0.0.202411081344/tools/bin/../lib/gcc/arm-none-eabi/13.3.1/../../../../arm-none-eabi/lib/thumb/v7-m/nofp\libc_nano.a(libc_a-lock.o)
                0x0800ad46                __retarget_lock_release_recursive
 .text.memcpy   0x0800ad48       0x1c E:/Soft/STM32CubeIDE_1.18.0/STM32CubeIDE/plugins/com.st.stm32cube.ide.mcu.externaltools.gnu-tools-for-stm32.13.3.rel1.win32_1.0.0.202411081344/tools/bin/../lib/gcc/arm-none-eabi/13.3.1/../../../../arm-none-eabi/lib/thumb/v7-m/nofp\libc_nano.a(libc_a-memcpy-stub.o)
                0x0800ad48                memcpy
 .text._free_r  0x0800ad64       0x90 E:/Soft/STM32CubeIDE_1.18.0/STM32CubeIDE/plugins/com.st.stm32cube.ide.mcu.externaltools.gnu-tools-for-stm32.13.3.rel1.win32_1.0.0.202411081344/tools/bin/../lib/gcc/arm-none-eabi/13.3.1/../../../../arm-none-eabi/lib/thumb/v7-m/nofp\libc_nano.a(libc_a-freer.o)
                0x0800ad64                _free_r
 .text.sbrk_aligned
                0x0800adf4       0x44 E:/Soft/STM32CubeIDE_1.18.0/STM32CubeIDE/plugins/com.st.stm32cube.ide.mcu.externaltools.gnu-tools-for-stm32.13.3.rel1.win32_1.0.0.202411081344/tools/bin/../lib/gcc/arm-none-eabi/13.3.1/../../../../arm-none-eabi/lib/thumb/v7-m/nofp\libc_nano.a(libc_a-mallocr.o)
 .text._malloc_r
                0x0800ae38      0x100 E:/Soft/STM32CubeIDE_1.18.0/STM32CubeIDE/plugins/com.st.stm32cube.ide.mcu.externaltools.gnu-tools-for-stm32.13.3.rel1.win32_1.0.0.202411081344/tools/bin/../lib/gcc/arm-none-eabi/13.3.1/../../../../arm-none-eabi/lib/thumb/v7-m/nofp\libc_nano.a(libc_a-mallocr.o)
                0x0800ae38                _malloc_r
 .text.__malloc_lock
                0x0800af38        0xc E:/Soft/STM32CubeIDE_1.18.0/STM32CubeIDE/plugins/com.st.stm32cube.ide.mcu.externaltools.gnu-tools-for-stm32.13.3.rel1.win32_1.0.0.202411081344/tools/bin/../lib/gcc/arm-none-eabi/13.3.1/../../../../arm-none-eabi/lib/thumb/v7-m/nofp\libc_nano.a(libc_a-mlock.o)
                0x0800af38                __malloc_lock
 .text.__malloc_unlock
                0x0800af44        0xc E:/Soft/STM32CubeIDE_1.18.0/STM32CubeIDE/plugins/com.st.stm32cube.ide.mcu.externaltools.gnu-tools-for-stm32.13.3.rel1.win32_1.0.0.202411081344/tools/bin/../lib/gcc/arm-none-eabi/13.3.1/../../../../arm-none-eabi/lib/thumb/v7-m/nofp\libc_nano.a(libc_a-mlock.o)
                0x0800af44                __malloc_unlock
 .text.__ssputs_r
                0x0800af50       0xb6 E:/Soft/STM32CubeIDE_1.18.0/STM32CubeIDE/plugins/com.st.stm32cube.ide.mcu.externaltools.gnu-tools-for-stm32.13.3.rel1.win32_1.0.0.202411081344/tools/bin/../lib/gcc/arm-none-eabi/13.3.1/../../../../arm-none-eabi/lib/thumb/v7-m/nofp\libc_nano.a(libc_a-nano-svfprintf.o)
                0x0800af50                __ssputs_r
 *fill*         0x0800b006        0x2 
 .text._svfprintf_r
                0x0800b008      0x1f8 E:/Soft/STM32CubeIDE_1.18.0/STM32CubeIDE/plugins/com.st.stm32cube.ide.mcu.externaltools.gnu-tools-for-stm32.13.3.rel1.win32_1.0.0.202411081344/tools/bin/../lib/gcc/arm-none-eabi/13.3.1/../../../../arm-none-eabi/lib/thumb/v7-m/nofp\libc_nano.a(libc_a-nano-svfprintf.o)
                0x0800b008                _svfiprintf_r
                0x0800b008                _svfprintf_r
 .text._printf_common
                0x0800b200       0xe4 E:/Soft/STM32CubeIDE_1.18.0/STM32CubeIDE/plugins/com.st.stm32cube.ide.mcu.externaltools.gnu-tools-for-stm32.13.3.rel1.win32_1.0.0.202411081344/tools/bin/../lib/gcc/arm-none-eabi/13.3.1/../../../../arm-none-eabi/lib/thumb/v7-m/nofp\libc_nano.a(libc_a-nano-vfprintf_i.o)
                0x0800b200                _printf_common
 .text._printf_i
                0x0800b2e4      0x23c E:/Soft/STM32CubeIDE_1.18.0/STM32CubeIDE/plugins/com.st.stm32cube.ide.mcu.externaltools.gnu-tools-for-stm32.13.3.rel1.win32_1.0.0.202411081344/tools/bin/../lib/gcc/arm-none-eabi/13.3.1/../../../../arm-none-eabi/lib/thumb/v7-m/nofp\libc_nano.a(libc_a-nano-vfprintf_i.o)
                0x0800b2e4                _printf_i
 .text.memmove  0x0800b520       0x34 E:/Soft/STM32CubeIDE_1.18.0/STM32CubeIDE/plugins/com.st.stm32cube.ide.mcu.externaltools.gnu-tools-for-stm32.13.3.rel1.win32_1.0.0.202411081344/tools/bin/../lib/gcc/arm-none-eabi/13.3.1/../../../../arm-none-eabi/lib/thumb/v7-m/nofp\libc_nano.a(libc_a-memmove.o)
                0x0800b520                memmove
 .text._sbrk_r  0x0800b554       0x20 E:/Soft/STM32CubeIDE_1.18.0/STM32CubeIDE/plugins/com.st.stm32cube.ide.mcu.externaltools.gnu-tools-for-stm32.13.3.rel1.win32_1.0.0.202411081344/tools/bin/../lib/gcc/arm-none-eabi/13.3.1/../../../../arm-none-eabi/lib/thumb/v7-m/nofp\libc_nano.a(libc_a-sbrkr.o)
                0x0800b554                _sbrk_r
 .text.memchr   0x0800b574       0x1c E:/Soft/STM32CubeIDE_1.18.0/STM32CubeIDE/plugins/com.st.stm32cube.ide.mcu.externaltools.gnu-tools-for-stm32.13.3.rel1.win32_1.0.0.202411081344/tools/bin/../lib/gcc/arm-none-eabi/13.3.1/../../../../arm-none-eabi/lib/thumb/v7-m/nofp\libc_nano.a(libc_a-memchr-stub.o)
                0x0800b574                memchr
 .text._realloc_r
                0x0800b590       0x5c E:/Soft/STM32CubeIDE_1.18.0/STM32CubeIDE/plugins/com.st.stm32cube.ide.mcu.externaltools.gnu-tools-for-stm32.13.3.rel1.win32_1.0.0.202411081344/tools/bin/../lib/gcc/arm-none-eabi/13.3.1/../../../../arm-none-eabi/lib/thumb/v7-m/nofp\libc_nano.a(libc_a-reallocr.o)
                0x0800b590                _realloc_r
 .text._malloc_usable_size_r
                0x0800b5ec       0x10 E:/Soft/STM32CubeIDE_1.18.0/STM32CubeIDE/plugins/com.st.stm32cube.ide.mcu.externaltools.gnu-tools-for-stm32.13.3.rel1.win32_1.0.0.202411081344/tools/bin/../lib/gcc/arm-none-eabi/13.3.1/../../../../arm-none-eabi/lib/thumb/v7-m/nofp\libc_nano.a(libc_a-msizer.o)
                0x0800b5ec                _malloc_usable_size_r
 *(.glue_7)
 .glue_7        0x0800b5fc        0x0 linker stubs
 *(.glue_7t)
 .glue_7t       0x0800b5fc        0x0 linker stubs
 *(.eh_frame)
 .eh_frame      0x0800b5fc        0x0 E:/Soft/STM32CubeIDE_1.18.0/STM32CubeIDE/plugins/com.st.stm32cube.ide.mcu.externaltools.gnu-tools-for-stm32.13.3.rel1.win32_1.0.0.202411081344/tools/bin/../lib/gcc/arm-none-eabi/13.3.1/thumb/v7-m/nofp/crtbegin.o
 *(.init)
 .init          0x0800b5fc        0x4 E:/Soft/STM32CubeIDE_1.18.0/STM32CubeIDE/plugins/com.st.stm32cube.ide.mcu.externaltools.gnu-tools-for-stm32.13.3.rel1.win32_1.0.0.202411081344/tools/bin/../lib/gcc/arm-none-eabi/13.3.1/thumb/v7-m/nofp/crti.o
                0x0800b5fc                _init
 .init          0x0800b600        0x8 E:/Soft/STM32CubeIDE_1.18.0/STM32CubeIDE/plugins/com.st.stm32cube.ide.mcu.externaltools.gnu-tools-for-stm32.13.3.rel1.win32_1.0.0.202411081344/tools/bin/../lib/gcc/arm-none-eabi/13.3.1/thumb/v7-m/nofp/crtn.o
 *(.fini)
 .fini          0x0800b608        0x4 E:/Soft/STM32CubeIDE_1.18.0/STM32CubeIDE/plugins/com.st.stm32cube.ide.mcu.externaltools.gnu-tools-for-stm32.13.3.rel1.win32_1.0.0.202411081344/tools/bin/../lib/gcc/arm-none-eabi/13.3.1/thumb/v7-m/nofp/crti.o
                0x0800b608                _fini
 .fini          0x0800b60c        0x8 E:/Soft/STM32CubeIDE_1.18.0/STM32CubeIDE/plugins/com.st.stm32cube.ide.mcu.externaltools.gnu-tools-for-stm32.13.3.rel1.win32_1.0.0.202411081344/tools/bin/../lib/gcc/arm-none-eabi/13.3.1/thumb/v7-m/nofp/crtn.o
                0x0800b614                        . = ALIGN (0x4)
                0x0800b614                        _etext = .

.vfp11_veneer   0x0800b614        0x0
 .vfp11_veneer  0x0800b614        0x0 linker stubs

.v4_bx          0x0800b614        0x0
 .v4_bx         0x0800b614        0x0 linker stubs

.iplt           0x0800b614        0x0
 .iplt          0x0800b614        0x0 E:/Soft/STM32CubeIDE_1.18.0/STM32CubeIDE/plugins/com.st.stm32cube.ide.mcu.externaltools.gnu-tools-for-stm32.13.3.rel1.win32_1.0.0.202411081344/tools/bin/../lib/gcc/arm-none-eabi/13.3.1/thumb/v7-m/nofp/crtbegin.o

.rodata         0x0800b614      0x188
                0x0800b614                        . = ALIGN (0x4)
 *(.rodata)
 .rodata        0x0800b614       0x29 ./Core/Inc/libdw1000/src/libdw1000.o
 *fill*         0x0800b63d        0x3 
 .rodata        0x0800b640       0xb7 ./Core/Src/main.o
 *fill*         0x0800b6f7        0x1 
 .rodata        0x0800b6f8       0x3a ./USB_DEVICE/App/usbd_desc.o
 *(.rodata*)
 *fill*         0x0800b732        0x2 
 .rodata.MODE_LONGDATA_RANGE_LOWPOWER
                0x0800b734        0x3 ./Core/Inc/libdw1000/src/libdw1000.o
                0x0800b734                MODE_LONGDATA_RANGE_LOWPOWER
 *fill*         0x0800b737        0x1 
 .rodata.MODE_SHORTDATA_FAST_ACCURACY
                0x0800b738        0x3 ./Core/Inc/libdw1000/src/libdw1000.o
                0x0800b738                MODE_SHORTDATA_FAST_ACCURACY
 *fill*         0x0800b73b        0x1 
 .rodata.AHBPrescTable
                0x0800b73c       0x10 ./Core/Src/system_stm32f1xx.o
                0x0800b73c                AHBPrescTable
 .rodata.APBPrescTable
                0x0800b74c        0x8 ./Core/Src/system_stm32f1xx.o
                0x0800b74c                APBPrescTable
 .rodata.aPLLMULFactorTable.1
                0x0800b754       0x10 ./Drivers/STM32F1xx_HAL_Driver/Src/stm32f1xx_hal_rcc.o
 .rodata.aPredivFactorTable.0
                0x0800b764        0x2 ./Drivers/STM32F1xx_HAL_Driver/Src/stm32f1xx_hal_rcc.o
 .rodata._svfprintf_r.str1.1
                0x0800b766       0x33 E:/Soft/STM32CubeIDE_1.18.0/STM32CubeIDE/plugins/com.st.stm32cube.ide.mcu.externaltools.gnu-tools-for-stm32.13.3.rel1.win32_1.0.0.202411081344/tools/bin/../lib/gcc/arm-none-eabi/13.3.1/../../../../arm-none-eabi/lib/thumb/v7-m/nofp\libc_nano.a(libc_a-nano-svfprintf.o)
                                 0x11 (size before relaxing)
 .rodata._printf_i.str1.1
                0x0800b799       0x22 E:/Soft/STM32CubeIDE_1.18.0/STM32CubeIDE/plugins/com.st.stm32cube.ide.mcu.externaltools.gnu-tools-for-stm32.13.3.rel1.win32_1.0.0.202411081344/tools/bin/../lib/gcc/arm-none-eabi/13.3.1/../../../../arm-none-eabi/lib/thumb/v7-m/nofp\libc_nano.a(libc_a-nano-vfprintf_i.o)
                0x0800b7bc                        . = ALIGN (0x4)
 *fill*         0x0800b799        0x3 

.ARM.extab      0x0800b79c        0x0
                0x0800b79c                        . = ALIGN (0x4)
 *(.ARM.extab* .gnu.linkonce.armextab.*)
                0x0800b79c                        . = ALIGN (0x4)

.ARM            0x0800b79c        0x8
                0x0800b79c                        . = ALIGN (0x4)
                0x0800b79c                        __exidx_start = .
 *(.ARM.exidx*)
 .ARM.exidx     0x0800b79c        0x8 E:/Soft/STM32CubeIDE_1.18.0/STM32CubeIDE/plugins/com.st.stm32cube.ide.mcu.externaltools.gnu-tools-for-stm32.13.3.rel1.win32_1.0.0.202411081344/tools/bin/../lib/gcc/arm-none-eabi/13.3.1/../../../../arm-none-eabi/lib/thumb/v7-m/nofp\libc_nano.a(libc_a-strlen.o)
                0x0800b7a4                        __exidx_end = .
                0x0800b7a4                        . = ALIGN (0x4)

.preinit_array  0x0800b7a4        0x0
                0x0800b7a4                        . = ALIGN (0x4)
                0x0800b7a4                        PROVIDE (__preinit_array_start = .)
 *(.preinit_array*)
                0x0800b7a4                        PROVIDE (__preinit_array_end = .)
                0x0800b7a4                        . = ALIGN (0x4)

.init_array     0x0800b7a4        0x4
                0x0800b7a4                        . = ALIGN (0x4)
                0x0800b7a4                        PROVIDE (__init_array_start = .)
 *(SORT_BY_NAME(.init_array.*))
 *(.init_array*)
 .init_array    0x0800b7a4        0x4 E:/Soft/STM32CubeIDE_1.18.0/STM32CubeIDE/plugins/com.st.stm32cube.ide.mcu.externaltools.gnu-tools-for-stm32.13.3.rel1.win32_1.0.0.202411081344/tools/bin/../lib/gcc/arm-none-eabi/13.3.1/thumb/v7-m/nofp/crtbegin.o
                0x0800b7a8                        PROVIDE (__init_array_end = .)
                0x0800b7a8                        . = ALIGN (0x4)

.fini_array     0x0800b7a8        0x4
                0x0800b7a8                        . = ALIGN (0x4)
                [!provide]                        PROVIDE (__fini_array_start = .)
 *(SORT_BY_NAME(.fini_array.*))
 *(.fini_array*)
 .fini_array    0x0800b7a8        0x4 E:/Soft/STM32CubeIDE_1.18.0/STM32CubeIDE/plugins/com.st.stm32cube.ide.mcu.externaltools.gnu-tools-for-stm32.13.3.rel1.win32_1.0.0.202411081344/tools/bin/../lib/gcc/arm-none-eabi/13.3.1/thumb/v7-m/nofp/crtbegin.o
                [!provide]                        PROVIDE (__fini_array_end = .)
                0x0800b7ac                        . = ALIGN (0x4)
                0x0800b7ac                        _sidata = LOADADDR (.data)

.rel.dyn        0x0800b7ac        0x0
 .rel.iplt      0x0800b7ac        0x0 E:/Soft/STM32CubeIDE_1.18.0/STM32CubeIDE/plugins/com.st.stm32cube.ide.mcu.externaltools.gnu-tools-for-stm32.13.3.rel1.win32_1.0.0.202411081344/tools/bin/../lib/gcc/arm-none-eabi/13.3.1/thumb/v7-m/nofp/crtbegin.o

.data           0x20000000      0x1e4 load address 0x0800b7ac
                0x20000000                        . = ALIGN (0x4)
                0x20000000                        _sdata = .
 *(.data)
 *(.data*)
 .data.dwm      0x20000000        0x4 ./Core/Src/main.o
                0x20000000                dwm
 .data.dw_ops   0x20000004       0x14 ./Core/Src/main.o
                0x20000004                dw_ops
 .data.SystemCoreClock
                0x20000018        0x4 ./Core/Src/system_stm32f1xx.o
                0x20000018                SystemCoreClock
 .data.uwTickPrio
                0x2000001c        0x4 ./Drivers/STM32F1xx_HAL_Driver/Src/stm32f1xx_hal.o
                0x2000001c                uwTickPrio
 .data.uwTickFreq
                0x20000020        0x1 ./Drivers/STM32F1xx_HAL_Driver/Src/stm32f1xx_hal.o
                0x20000020                uwTickFreq
 *fill*         0x20000021        0x3 
 .data.USBD_CDC_DeviceQualifierDesc
                0x20000024        0xa ./Middlewares/ST/STM32_USB_Device_Library/Class/CDC/Src/usbd_cdc.o
 *fill*         0x2000002e        0x2 
 .data.USBD_CDC
                0x20000030       0x38 ./Middlewares/ST/STM32_USB_Device_Library/Class/CDC/Src/usbd_cdc.o
                0x20000030                USBD_CDC
 .data.USBD_CDC_CfgHSDesc
                0x20000068       0x43 ./Middlewares/ST/STM32_USB_Device_Library/Class/CDC/Src/usbd_cdc.o
                0x20000068                USBD_CDC_CfgHSDesc
 *fill*         0x200000ab        0x1 
 .data.USBD_CDC_CfgFSDesc
                0x200000ac       0x43 ./Middlewares/ST/STM32_USB_Device_Library/Class/CDC/Src/usbd_cdc.o
                0x200000ac                USBD_CDC_CfgFSDesc
 *fill*         0x200000ef        0x1 
 .data.USBD_CDC_OtherSpeedCfgDesc
                0x200000f0       0x43 ./Middlewares/ST/STM32_USB_Device_Library/Class/CDC/Src/usbd_cdc.o
                0x200000f0                USBD_CDC_OtherSpeedCfgDesc
 *fill*         0x20000133        0x1 
 .data.USBD_Interface_fops_FS
                0x20000134       0x10 ./USB_DEVICE/App/usbd_cdc_if.o
                0x20000134                USBD_Interface_fops_FS
 .data.FS_Desc  0x20000144       0x1c ./USB_DEVICE/App/usbd_desc.o
                0x20000144                FS_Desc
 .data.USBD_FS_DeviceDesc
                0x20000160       0x12 ./USB_DEVICE/App/usbd_desc.o
                0x20000160                USBD_FS_DeviceDesc
 *fill*         0x20000172        0x2 
 .data.USBD_LangIDDesc
                0x20000174        0x4 ./USB_DEVICE/App/usbd_desc.o
                0x20000174                USBD_LangIDDesc
 .data.USBD_StringSerial
                0x20000178       0x1a ./USB_DEVICE/App/usbd_desc.o
                0x20000178                USBD_StringSerial
 *fill*         0x20000192        0x2 
 .data._impure_ptr
                0x20000194        0x4 E:/Soft/STM32CubeIDE_1.18.0/STM32CubeIDE/plugins/com.st.stm32cube.ide.mcu.externaltools.gnu-tools-for-stm32.13.3.rel1.win32_1.0.0.202411081344/tools/bin/../lib/gcc/arm-none-eabi/13.3.1/../../../../arm-none-eabi/lib/thumb/v7-m/nofp\libc_nano.a(libc_a-impure.o)
                0x20000194                _impure_ptr
 .data._impure_data
                0x20000198       0x4c E:/Soft/STM32CubeIDE_1.18.0/STM32CubeIDE/plugins/com.st.stm32cube.ide.mcu.externaltools.gnu-tools-for-stm32.13.3.rel1.win32_1.0.0.202411081344/tools/bin/../lib/gcc/arm-none-eabi/13.3.1/../../../../arm-none-eabi/lib/thumb/v7-m/nofp\libc_nano.a(libc_a-impure.o)
                0x20000198                _impure_data
 *(.RamFunc)
 *(.RamFunc*)
                0x200001e4                        . = ALIGN (0x4)
                0x200001e4                        _edata = .

.igot.plt       0x200001e4        0x0 load address 0x0800b990
 .igot.plt      0x200001e4        0x0 E:/Soft/STM32CubeIDE_1.18.0/STM32CubeIDE/plugins/com.st.stm32cube.ide.mcu.externaltools.gnu-tools-for-stm32.13.3.rel1.win32_1.0.0.202411081344/tools/bin/../lib/gcc/arm-none-eabi/13.3.1/thumb/v7-m/nofp/crtbegin.o
                0x200001e4                        . = ALIGN (0x4)

.bss            0x200001e8     0x1530 load address 0x0800b990
                0x200001e8                        _sbss = .
                0x200001e8                        __bss_start__ = _sbss
 *(.bss)
 .bss           0x200001e8       0x1c E:/Soft/STM32CubeIDE_1.18.0/STM32CubeIDE/plugins/com.st.stm32cube.ide.mcu.externaltools.gnu-tools-for-stm32.13.3.rel1.win32_1.0.0.202411081344/tools/bin/../lib/gcc/arm-none-eabi/13.3.1/thumb/v7-m/nofp/crtbegin.o
 *(.bss*)
 .bss.hspi1     0x20000204       0x58 ./Core/Src/main.o
                0x20000204                hspi1
 .bss.huart1    0x2000025c       0x48 ./Core/Src/main.o
                0x2000025c                huart1
 .bss.USB_TX_Buffer
                0x200002a4       0xff ./Core/Src/main.o
                0x200002a4                USB_TX_Buffer
 *fill*         0x200003a3        0x5 
 .bss.dwm_device
                0x200003a8       0x60 ./Core/Src/main.o
                0x200003a8                dwm_device
 .bss.__sbrk_heap_end
                0x20000408        0x4 ./Core/Src/sysmem.o
 .bss.uwTick    0x2000040c        0x4 ./Drivers/STM32F1xx_HAL_Driver/Src/stm32f1xx_hal.o
                0x2000040c                uwTick
 .bss.cfgidx.0  0x20000410        0x1 ./Middlewares/ST/STM32_USB_Device_Library/Core/Src/usbd_ctlreq.o
 *fill*         0x20000411        0x3 
 .bss.hUsbDeviceFS
                0x20000414      0x2c4 ./USB_DEVICE/App/usb_device.o
                0x20000414                hUsbDeviceFS
 .bss.UserRxBufferFS
                0x200006d8      0x400 ./USB_DEVICE/App/usbd_cdc_if.o
                0x200006d8                UserRxBufferFS
 .bss.UserTxBufferFS
                0x20000ad8      0x400 ./USB_DEVICE/App/usbd_cdc_if.o
                0x20000ad8                UserTxBufferFS
 .bss.USBD_StrDesc
                0x20000ed8      0x200 ./USB_DEVICE/App/usbd_desc.o
                0x20000ed8                USBD_StrDesc
 .bss.hpcd_USB_FS
                0x200010d8      0x2d8 ./USB_DEVICE/Target/usbd_conf.o
                0x200010d8                hpcd_USB_FS
 .bss.mem.0     0x200013b0      0x220 ./USB_DEVICE/Target/usbd_conf.o
 .bss.__sf      0x200015d0      0x138 E:/Soft/STM32CubeIDE_1.18.0/STM32CubeIDE/plugins/com.st.stm32cube.ide.mcu.externaltools.gnu-tools-for-stm32.13.3.rel1.win32_1.0.0.202411081344/tools/bin/../lib/gcc/arm-none-eabi/13.3.1/../../../../arm-none-eabi/lib/thumb/v7-m/nofp\libc_nano.a(libc_a-findfp.o)
                0x200015d0                __sf
 .bss.errno     0x20001708        0x4 E:/Soft/STM32CubeIDE_1.18.0/STM32CubeIDE/plugins/com.st.stm32cube.ide.mcu.externaltools.gnu-tools-for-stm32.13.3.rel1.win32_1.0.0.202411081344/tools/bin/../lib/gcc/arm-none-eabi/13.3.1/../../../../arm-none-eabi/lib/thumb/v7-m/nofp\libc_nano.a(libc_a-reent.o)
                0x20001708                errno
 .bss.__lock___malloc_recursive_mutex
                0x2000170c        0x1 E:/Soft/STM32CubeIDE_1.18.0/STM32CubeIDE/plugins/com.st.stm32cube.ide.mcu.externaltools.gnu-tools-for-stm32.13.3.rel1.win32_1.0.0.202411081344/tools/bin/../lib/gcc/arm-none-eabi/13.3.1/../../../../arm-none-eabi/lib/thumb/v7-m/nofp\libc_nano.a(libc_a-lock.o)
                0x2000170c                __lock___malloc_recursive_mutex
 *fill*         0x2000170d        0x3 
 .bss.__malloc_sbrk_start
                0x20001710        0x4 E:/Soft/STM32CubeIDE_1.18.0/STM32CubeIDE/plugins/com.st.stm32cube.ide.mcu.externaltools.gnu-tools-for-stm32.13.3.rel1.win32_1.0.0.202411081344/tools/bin/../lib/gcc/arm-none-eabi/13.3.1/../../../../arm-none-eabi/lib/thumb/v7-m/nofp\libc_nano.a(libc_a-mallocr.o)
                0x20001710                __malloc_sbrk_start
 .bss.__malloc_free_list
                0x20001714        0x4 E:/Soft/STM32CubeIDE_1.18.0/STM32CubeIDE/plugins/com.st.stm32cube.ide.mcu.externaltools.gnu-tools-for-stm32.13.3.rel1.win32_1.0.0.202411081344/tools/bin/../lib/gcc/arm-none-eabi/13.3.1/../../../../arm-none-eabi/lib/thumb/v7-m/nofp\libc_nano.a(libc_a-mallocr.o)
                0x20001714                __malloc_free_list
 *(COMMON)
                0x20001718                        . = ALIGN (0x4)
                0x20001718                        _ebss = .
                0x20001718                        __bss_end__ = _ebss

._user_heap_stack
                0x20001718      0x600 load address 0x0800b990
                0x20001718                        . = ALIGN (0x8)
                [!provide]                        PROVIDE (end = .)
                0x20001718                        PROVIDE (_end = .)
                0x20001918                        . = (. + _Min_Heap_Size)
 *fill*         0x20001718      0x200 
                0x20001d18                        . = (. + _Min_Stack_Size)
 *fill*         0x20001918      0x400 
                0x20001d18                        . = ALIGN (0x8)

/DISCARD/
 libc.a(*)
 libm.a(*)
 libgcc.a(*)

.ARM.attributes
                0x00000000       0x29
 *(.ARM.attributes)
 .ARM.attributes
                0x00000000       0x1d E:/Soft/STM32CubeIDE_1.18.0/STM32CubeIDE/plugins/com.st.stm32cube.ide.mcu.externaltools.gnu-tools-for-stm32.13.3.rel1.win32_1.0.0.202411081344/tools/bin/../lib/gcc/arm-none-eabi/13.3.1/thumb/v7-m/nofp/crti.o
 .ARM.attributes
                0x0000001d       0x2d E:/Soft/STM32CubeIDE_1.18.0/STM32CubeIDE/plugins/com.st.stm32cube.ide.mcu.externaltools.gnu-tools-for-stm32.13.3.rel1.win32_1.0.0.202411081344/tools/bin/../lib/gcc/arm-none-eabi/13.3.1/thumb/v7-m/nofp/crtbegin.o
 .ARM.attributes
                0x0000004a       0x2d ./Core/Inc/libdw1000/src/libdw1000.o
 .ARM.attributes
                0x00000077       0x2d ./Core/Inc/libdw1000/src/libdw1000Spi.o
 .ARM.attributes
                0x000000a4       0x2d ./Core/Src/main.o
 .ARM.attributes
                0x000000d1       0x2d ./Core/Src/stm32f1xx_hal_msp.o
 .ARM.attributes
                0x000000fe       0x2d ./Core/Src/stm32f1xx_it.o
 .ARM.attributes
                0x0000012b       0x2d ./Core/Src/sysmem.o
 .ARM.attributes
                0x00000158       0x2d ./Core/Src/system_stm32f1xx.o
 .ARM.attributes
                0x00000185       0x21 ./Core/Startup/startup_stm32f103t8ux.o
 .ARM.attributes
                0x000001a6       0x2d ./Drivers/STM32F1xx_HAL_Driver/Src/stm32f1xx_hal.o
 .ARM.attributes
                0x000001d3       0x2d ./Drivers/STM32F1xx_HAL_Driver/Src/stm32f1xx_hal_cortex.o
 .ARM.attributes
                0x00000200       0x2d ./Drivers/STM32F1xx_HAL_Driver/Src/stm32f1xx_hal_gpio.o
 .ARM.attributes
                0x0000022d       0x2d ./Drivers/STM32F1xx_HAL_Driver/Src/stm32f1xx_hal_pcd.o
 .ARM.attributes
                0x0000025a       0x2d ./Drivers/STM32F1xx_HAL_Driver/Src/stm32f1xx_hal_pcd_ex.o
 .ARM.attributes
                0x00000287       0x2d ./Drivers/STM32F1xx_HAL_Driver/Src/stm32f1xx_hal_rcc.o
 .ARM.attributes
                0x000002b4       0x2d ./Drivers/STM32F1xx_HAL_Driver/Src/stm32f1xx_hal_rcc_ex.o
 .ARM.attributes
                0x000002e1       0x2d ./Drivers/STM32F1xx_HAL_Driver/Src/stm32f1xx_hal_spi.o
 .ARM.attributes
                0x0000030e       0x2d ./Drivers/STM32F1xx_HAL_Driver/Src/stm32f1xx_hal_uart.o
 .ARM.attributes
                0x0000033b       0x2d ./Drivers/STM32F1xx_HAL_Driver/Src/stm32f1xx_ll_usb.o
 .ARM.attributes
                0x00000368       0x2d ./Middlewares/ST/STM32_USB_Device_Library/Class/CDC/Src/usbd_cdc.o
 .ARM.attributes
                0x00000395       0x2d ./Middlewares/ST/STM32_USB_Device_Library/Core/Src/usbd_core.o
 .ARM.attributes
                0x000003c2       0x2d ./Middlewares/ST/STM32_USB_Device_Library/Core/Src/usbd_ctlreq.o
 .ARM.attributes
                0x000003ef       0x2d ./Middlewares/ST/STM32_USB_Device_Library/Core/Src/usbd_ioreq.o
 .ARM.attributes
                0x0000041c       0x2d ./USB_DEVICE/App/usb_device.o
 .ARM.attributes
                0x00000449       0x2d ./USB_DEVICE/App/usbd_cdc_if.o
 .ARM.attributes
                0x00000476       0x2d ./USB_DEVICE/App/usbd_desc.o
 .ARM.attributes
                0x000004a3       0x2d ./USB_DEVICE/Target/usbd_conf.o
 .ARM.attributes
                0x000004d0       0x2d E:/Soft/STM32CubeIDE_1.18.0/STM32CubeIDE/plugins/com.st.stm32cube.ide.mcu.externaltools.gnu-tools-for-stm32.13.3.rel1.win32_1.0.0.202411081344/tools/bin/../lib/gcc/arm-none-eabi/13.3.1/../../../../arm-none-eabi/lib/thumb/v7-m/nofp\libc_nano.a(libc_a-findfp.o)
 .ARM.attributes
                0x000004fd       0x2d E:/Soft/STM32CubeIDE_1.18.0/STM32CubeIDE/plugins/com.st.stm32cube.ide.mcu.externaltools.gnu-tools-for-stm32.13.3.rel1.win32_1.0.0.202411081344/tools/bin/../lib/gcc/arm-none-eabi/13.3.1/../../../../arm-none-eabi/lib/thumb/v7-m/nofp\libc_nano.a(libc_a-sprintf.o)
 .ARM.attributes
                0x0000052a       0x2d E:/Soft/STM32CubeIDE_1.18.0/STM32CubeIDE/plugins/com.st.stm32cube.ide.mcu.externaltools.gnu-tools-for-stm32.13.3.rel1.win32_1.0.0.202411081344/tools/bin/../lib/gcc/arm-none-eabi/13.3.1/../../../../arm-none-eabi/lib/thumb/v7-m/nofp\libc_nano.a(libc_a-memset.o)
 .ARM.attributes
                0x00000557       0x2d E:/Soft/STM32CubeIDE_1.18.0/STM32CubeIDE/plugins/com.st.stm32cube.ide.mcu.externaltools.gnu-tools-for-stm32.13.3.rel1.win32_1.0.0.202411081344/tools/bin/../lib/gcc/arm-none-eabi/13.3.1/../../../../arm-none-eabi/lib/thumb/v7-m/nofp\libc_nano.a(libc_a-reent.o)
 .ARM.attributes
                0x00000584       0x2d E:/Soft/STM32CubeIDE_1.18.0/STM32CubeIDE/plugins/com.st.stm32cube.ide.mcu.externaltools.gnu-tools-for-stm32.13.3.rel1.win32_1.0.0.202411081344/tools/bin/../lib/gcc/arm-none-eabi/13.3.1/../../../../arm-none-eabi/lib/thumb/v7-m/nofp\libc_nano.a(libc_a-impure.o)
 .ARM.attributes
                0x000005b1       0x2d E:/Soft/STM32CubeIDE_1.18.0/STM32CubeIDE/plugins/com.st.stm32cube.ide.mcu.externaltools.gnu-tools-for-stm32.13.3.rel1.win32_1.0.0.202411081344/tools/bin/../lib/gcc/arm-none-eabi/13.3.1/../../../../arm-none-eabi/lib/thumb/v7-m/nofp\libc_nano.a(libc_a-errno.o)
 .ARM.attributes
                0x000005de       0x2d E:/Soft/STM32CubeIDE_1.18.0/STM32CubeIDE/plugins/com.st.stm32cube.ide.mcu.externaltools.gnu-tools-for-stm32.13.3.rel1.win32_1.0.0.202411081344/tools/bin/../lib/gcc/arm-none-eabi/13.3.1/../../../../arm-none-eabi/lib/thumb/v7-m/nofp\libc_nano.a(libc_a-init.o)
 .ARM.attributes
                0x0000060b       0x2d E:/Soft/STM32CubeIDE_1.18.0/STM32CubeIDE/plugins/com.st.stm32cube.ide.mcu.externaltools.gnu-tools-for-stm32.13.3.rel1.win32_1.0.0.202411081344/tools/bin/../lib/gcc/arm-none-eabi/13.3.1/../../../../arm-none-eabi/lib/thumb/v7-m/nofp\libc_nano.a(libc_a-lock.o)
 .ARM.attributes
                0x00000638       0x2d E:/Soft/STM32CubeIDE_1.18.0/STM32CubeIDE/plugins/com.st.stm32cube.ide.mcu.externaltools.gnu-tools-for-stm32.13.3.rel1.win32_1.0.0.202411081344/tools/bin/../lib/gcc/arm-none-eabi/13.3.1/../../../../arm-none-eabi/lib/thumb/v7-m/nofp\libc_nano.a(libc_a-memcpy-stub.o)
 .ARM.attributes
                0x00000665       0x17 E:/Soft/STM32CubeIDE_1.18.0/STM32CubeIDE/plugins/com.st.stm32cube.ide.mcu.externaltools.gnu-tools-for-stm32.13.3.rel1.win32_1.0.0.202411081344/tools/bin/../lib/gcc/arm-none-eabi/13.3.1/../../../../arm-none-eabi/lib/thumb/v7-m/nofp\libc_nano.a(libc_a-strlen.o)
 .ARM.attributes
                0x0000067c       0x2d E:/Soft/STM32CubeIDE_1.18.0/STM32CubeIDE/plugins/com.st.stm32cube.ide.mcu.externaltools.gnu-tools-for-stm32.13.3.rel1.win32_1.0.0.202411081344/tools/bin/../lib/gcc/arm-none-eabi/13.3.1/../../../../arm-none-eabi/lib/thumb/v7-m/nofp\libc_nano.a(libc_a-freer.o)
 .ARM.attributes
                0x000006a9       0x2d E:/Soft/STM32CubeIDE_1.18.0/STM32CubeIDE/plugins/com.st.stm32cube.ide.mcu.externaltools.gnu-tools-for-stm32.13.3.rel1.win32_1.0.0.202411081344/tools/bin/../lib/gcc/arm-none-eabi/13.3.1/../../../../arm-none-eabi/lib/thumb/v7-m/nofp\libc_nano.a(libc_a-mallocr.o)
 .ARM.attributes
                0x000006d6       0x2d E:/Soft/STM32CubeIDE_1.18.0/STM32CubeIDE/plugins/com.st.stm32cube.ide.mcu.externaltools.gnu-tools-for-stm32.13.3.rel1.win32_1.0.0.202411081344/tools/bin/../lib/gcc/arm-none-eabi/13.3.1/../../../../arm-none-eabi/lib/thumb/v7-m/nofp\libc_nano.a(libc_a-mlock.o)
 .ARM.attributes
                0x00000703       0x2d E:/Soft/STM32CubeIDE_1.18.0/STM32CubeIDE/plugins/com.st.stm32cube.ide.mcu.externaltools.gnu-tools-for-stm32.13.3.rel1.win32_1.0.0.202411081344/tools/bin/../lib/gcc/arm-none-eabi/13.3.1/../../../../arm-none-eabi/lib/thumb/v7-m/nofp\libc_nano.a(libc_a-nano-svfprintf.o)
 .ARM.attributes
                0x00000730       0x2d E:/Soft/STM32CubeIDE_1.18.0/STM32CubeIDE/plugins/com.st.stm32cube.ide.mcu.externaltools.gnu-tools-for-stm32.13.3.rel1.win32_1.0.0.202411081344/tools/bin/../lib/gcc/arm-none-eabi/13.3.1/../../../../arm-none-eabi/lib/thumb/v7-m/nofp\libc_nano.a(libc_a-nano-vfprintf_i.o)
 .ARM.attributes
                0x0000075d       0x2d E:/Soft/STM32CubeIDE_1.18.0/STM32CubeIDE/plugins/com.st.stm32cube.ide.mcu.externaltools.gnu-tools-for-stm32.13.3.rel1.win32_1.0.0.202411081344/tools/bin/../lib/gcc/arm-none-eabi/13.3.1/../../../../arm-none-eabi/lib/thumb/v7-m/nofp\libc_nano.a(libc_a-memmove.o)
 .ARM.attributes
                0x0000078a       0x2d E:/Soft/STM32CubeIDE_1.18.0/STM32CubeIDE/plugins/com.st.stm32cube.ide.mcu.externaltools.gnu-tools-for-stm32.13.3.rel1.win32_1.0.0.202411081344/tools/bin/../lib/gcc/arm-none-eabi/13.3.1/../../../../arm-none-eabi/lib/thumb/v7-m/nofp\libc_nano.a(libc_a-sbrkr.o)
 .ARM.attributes
                0x000007b7       0x2d E:/Soft/STM32CubeIDE_1.18.0/STM32CubeIDE/plugins/com.st.stm32cube.ide.mcu.externaltools.gnu-tools-for-stm32.13.3.rel1.win32_1.0.0.202411081344/tools/bin/../lib/gcc/arm-none-eabi/13.3.1/../../../../arm-none-eabi/lib/thumb/v7-m/nofp\libc_nano.a(libc_a-memchr-stub.o)
 .ARM.attributes
                0x000007e4       0x2d E:/Soft/STM32CubeIDE_1.18.0/STM32CubeIDE/plugins/com.st.stm32cube.ide.mcu.externaltools.gnu-tools-for-stm32.13.3.rel1.win32_1.0.0.202411081344/tools/bin/../lib/gcc/arm-none-eabi/13.3.1/../../../../arm-none-eabi/lib/thumb/v7-m/nofp\libc_nano.a(libc_a-reallocr.o)
 .ARM.attributes
                0x00000811       0x2d E:/Soft/STM32CubeIDE_1.18.0/STM32CubeIDE/plugins/com.st.stm32cube.ide.mcu.externaltools.gnu-tools-for-stm32.13.3.rel1.win32_1.0.0.202411081344/tools/bin/../lib/gcc/arm-none-eabi/13.3.1/../../../../arm-none-eabi/lib/thumb/v7-m/nofp\libc_nano.a(libc_a-msizer.o)
 .ARM.attributes
                0x0000083e       0x1d E:/Soft/STM32CubeIDE_1.18.0/STM32CubeIDE/plugins/com.st.stm32cube.ide.mcu.externaltools.gnu-tools-for-stm32.13.3.rel1.win32_1.0.0.202411081344/tools/bin/../lib/gcc/arm-none-eabi/13.3.1/thumb/v7-m/nofp/crtn.o
OUTPUT(DECAWAVE.elf elf32-littlearm)
LOAD linker stubs
LOAD E:/Soft/STM32CubeIDE_1.18.0/STM32CubeIDE/plugins/com.st.stm32cube.ide.mcu.externaltools.gnu-tools-for-stm32.13.3.rel1.win32_1.0.0.202411081344/tools/bin/../lib/gcc/arm-none-eabi/13.3.1/../../../../arm-none-eabi/lib/thumb/v7-m/nofp\libc.a
LOAD E:/Soft/STM32CubeIDE_1.18.0/STM32CubeIDE/plugins/com.st.stm32cube.ide.mcu.externaltools.gnu-tools-for-stm32.13.3.rel1.win32_1.0.0.202411081344/tools/bin/../lib/gcc/arm-none-eabi/13.3.1/../../../../arm-none-eabi/lib/thumb/v7-m/nofp\libm.a
LOAD E:/Soft/STM32CubeIDE_1.18.0/STM32CubeIDE/plugins/com.st.stm32cube.ide.mcu.externaltools.gnu-tools-for-stm32.13.3.rel1.win32_1.0.0.202411081344/tools/bin/../lib/gcc/arm-none-eabi/13.3.1/thumb/v7-m/nofp\libgcc.a

.debug_info     0x00000000    0x1437a
 .debug_info    0x00000000     0x1ddd ./Core/Inc/libdw1000/src/libdw1000.o
 .debug_info    0x00001ddd      0x662 ./Core/Inc/libdw1000/src/libdw1000Spi.o
 .debug_info    0x0000243f     0x1a23 ./Core/Src/main.o
 .debug_info    0x00003e62      0xae0 ./Core/Src/stm32f1xx_hal_msp.o
 .debug_info    0x00004942      0x624 ./Core/Src/stm32f1xx_it.o
 .debug_info    0x00004f66      0x168 ./Core/Src/sysmem.o
 .debug_info    0x000050ce      0x222 ./Core/Src/system_stm32f1xx.o
 .debug_info    0x000052f0       0x30 ./Core/Startup/startup_stm32f103t8ux.o
 .debug_info    0x00005320      0x704 ./Drivers/STM32F1xx_HAL_Driver/Src/stm32f1xx_hal.o
 .debug_info    0x00005a24      0xa87 ./Drivers/STM32F1xx_HAL_Driver/Src/stm32f1xx_hal_cortex.o
 .debug_info    0x000064ab      0x5ab ./Drivers/STM32F1xx_HAL_Driver/Src/stm32f1xx_hal_gpio.o
 .debug_info    0x00006a56     0x16dc ./Drivers/STM32F1xx_HAL_Driver/Src/stm32f1xx_hal_pcd.o
 .debug_info    0x00008132      0x6c3 ./Drivers/STM32F1xx_HAL_Driver/Src/stm32f1xx_hal_pcd_ex.o
 .debug_info    0x000087f5      0x7d5 ./Drivers/STM32F1xx_HAL_Driver/Src/stm32f1xx_hal_rcc.o
 .debug_info    0x00008fca      0x3c0 ./Drivers/STM32F1xx_HAL_Driver/Src/stm32f1xx_hal_rcc_ex.o
 .debug_info    0x0000938a     0x142d ./Drivers/STM32F1xx_HAL_Driver/Src/stm32f1xx_hal_spi.o
 .debug_info    0x0000a7b7     0x2eed ./Drivers/STM32F1xx_HAL_Driver/Src/stm32f1xx_hal_uart.o
 .debug_info    0x0000d6a4     0x17ae ./Drivers/STM32F1xx_HAL_Driver/Src/stm32f1xx_ll_usb.o
 .debug_info    0x0000ee52     0x1043 ./Middlewares/ST/STM32_USB_Device_Library/Class/CDC/Src/usbd_cdc.o
 .debug_info    0x0000fe95      0xa52 ./Middlewares/ST/STM32_USB_Device_Library/Core/Src/usbd_core.o
 .debug_info    0x000108e7      0x91c ./Middlewares/ST/STM32_USB_Device_Library/Core/Src/usbd_ctlreq.o
 .debug_info    0x00011203      0x6a0 ./Middlewares/ST/STM32_USB_Device_Library/Core/Src/usbd_ioreq.o
 .debug_info    0x000118a3      0x63d ./USB_DEVICE/App/usb_device.o
 .debug_info    0x00011ee0      0x7ec ./USB_DEVICE/App/usbd_cdc_if.o
 .debug_info    0x000126cc      0x44a ./USB_DEVICE/App/usbd_desc.o
 .debug_info    0x00012b16     0x1864 ./USB_DEVICE/Target/usbd_conf.o

.debug_abbrev   0x00000000     0x3793
 .debug_abbrev  0x00000000      0x38c ./Core/Inc/libdw1000/src/libdw1000.o
 .debug_abbrev  0x0000038c      0x198 ./Core/Inc/libdw1000/src/libdw1000Spi.o
 .debug_abbrev  0x00000524      0x437 ./Core/Src/main.o
 .debug_abbrev  0x0000095b      0x1ac ./Core/Src/stm32f1xx_hal_msp.o
 .debug_abbrev  0x00000b07      0x1a7 ./Core/Src/stm32f1xx_it.o
 .debug_abbrev  0x00000cae       0xbc ./Core/Src/sysmem.o
 .debug_abbrev  0x00000d6a      0x13f ./Core/Src/system_stm32f1xx.o
 .debug_abbrev  0x00000ea9       0x24 ./Core/Startup/startup_stm32f103t8ux.o
 .debug_abbrev  0x00000ecd      0x201 ./Drivers/STM32F1xx_HAL_Driver/Src/stm32f1xx_hal.o
 .debug_abbrev  0x000010ce      0x2f8 ./Drivers/STM32F1xx_HAL_Driver/Src/stm32f1xx_hal_cortex.o
 .debug_abbrev  0x000013c6      0x1ca ./Drivers/STM32F1xx_HAL_Driver/Src/stm32f1xx_hal_gpio.o
 .debug_abbrev  0x00001590      0x2d6 ./Drivers/STM32F1xx_HAL_Driver/Src/stm32f1xx_hal_pcd.o
 .debug_abbrev  0x00001866      0x189 ./Drivers/STM32F1xx_HAL_Driver/Src/stm32f1xx_hal_pcd_ex.o
 .debug_abbrev  0x000019ef      0x2b3 ./Drivers/STM32F1xx_HAL_Driver/Src/stm32f1xx_hal_rcc.o
 .debug_abbrev  0x00001ca2      0x188 ./Drivers/STM32F1xx_HAL_Driver/Src/stm32f1xx_hal_rcc_ex.o
 .debug_abbrev  0x00001e2a      0x27a ./Drivers/STM32F1xx_HAL_Driver/Src/stm32f1xx_hal_spi.o
 .debug_abbrev  0x000020a4      0x2f8 ./Drivers/STM32F1xx_HAL_Driver/Src/stm32f1xx_hal_uart.o
 .debug_abbrev  0x0000239c      0x1de ./Drivers/STM32F1xx_HAL_Driver/Src/stm32f1xx_ll_usb.o
 .debug_abbrev  0x0000257a      0x2d3 ./Middlewares/ST/STM32_USB_Device_Library/Class/CDC/Src/usbd_cdc.o
 .debug_abbrev  0x0000284d      0x24a ./Middlewares/ST/STM32_USB_Device_Library/Core/Src/usbd_core.o
 .debug_abbrev  0x00002a97      0x26b ./Middlewares/ST/STM32_USB_Device_Library/Core/Src/usbd_ctlreq.o
 .debug_abbrev  0x00002d02      0x192 ./Middlewares/ST/STM32_USB_Device_Library/Core/Src/usbd_ioreq.o
 .debug_abbrev  0x00002e94      0x18d ./USB_DEVICE/App/usb_device.o
 .debug_abbrev  0x00003021      0x25d ./USB_DEVICE/App/usbd_cdc_if.o
 .debug_abbrev  0x0000327e      0x1ff ./USB_DEVICE/App/usbd_desc.o
 .debug_abbrev  0x0000347d      0x316 ./USB_DEVICE/Target/usbd_conf.o

.debug_aranges  0x00000000     0x1298
 .debug_aranges
                0x00000000      0x338 ./Core/Inc/libdw1000/src/libdw1000.o
 .debug_aranges
                0x00000338       0x48 ./Core/Inc/libdw1000/src/libdw1000Spi.o
 .debug_aranges
                0x00000380       0xc0 ./Core/Src/main.o
 .debug_aranges
                0x00000440       0x40 ./Core/Src/stm32f1xx_hal_msp.o
 .debug_aranges
                0x00000480       0x70 ./Core/Src/stm32f1xx_it.o
 .debug_aranges
                0x000004f0       0x20 ./Core/Src/sysmem.o
 .debug_aranges
                0x00000510       0x28 ./Core/Src/system_stm32f1xx.o
 .debug_aranges
                0x00000538       0x28 ./Core/Startup/startup_stm32f103t8ux.o
 .debug_aranges
                0x00000560       0xe0 ./Drivers/STM32F1xx_HAL_Driver/Src/stm32f1xx_hal.o
 .debug_aranges
                0x00000640      0x100 ./Drivers/STM32F1xx_HAL_Driver/Src/stm32f1xx_hal_cortex.o
 .debug_aranges
                0x00000740       0x58 ./Drivers/STM32F1xx_HAL_Driver/Src/stm32f1xx_hal_gpio.o
 .debug_aranges
                0x00000798      0x140 ./Drivers/STM32F1xx_HAL_Driver/Src/stm32f1xx_hal_pcd.o
 .debug_aranges
                0x000008d8       0x38 ./Drivers/STM32F1xx_HAL_Driver/Src/stm32f1xx_hal_pcd_ex.o
 .debug_aranges
                0x00000910       0x90 ./Drivers/STM32F1xx_HAL_Driver/Src/stm32f1xx_hal_rcc.o
 .debug_aranges
                0x000009a0       0x30 ./Drivers/STM32F1xx_HAL_Driver/Src/stm32f1xx_hal_rcc_ex.o
 .debug_aranges
                0x000009d0      0x1d0 ./Drivers/STM32F1xx_HAL_Driver/Src/stm32f1xx_hal_spi.o
 .debug_aranges
                0x00000ba0      0x208 ./Drivers/STM32F1xx_HAL_Driver/Src/stm32f1xx_hal_uart.o
 .debug_aranges
                0x00000da8       0xf8 ./Drivers/STM32F1xx_HAL_Driver/Src/stm32f1xx_ll_usb.o
 .debug_aranges
                0x00000ea0       0x90 ./Middlewares/ST/STM32_USB_Device_Library/Class/CDC/Src/usbd_cdc.o
 .debug_aranges
                0x00000f30       0xb8 ./Middlewares/ST/STM32_USB_Device_Library/Core/Src/usbd_core.o
 .debug_aranges
                0x00000fe8       0x88 ./Middlewares/ST/STM32_USB_Device_Library/Core/Src/usbd_ctlreq.o
 .debug_aranges
                0x00001070       0x50 ./Middlewares/ST/STM32_USB_Device_Library/Core/Src/usbd_ioreq.o
 .debug_aranges
                0x000010c0       0x20 ./USB_DEVICE/App/usb_device.o
 .debug_aranges
                0x000010e0       0x40 ./USB_DEVICE/App/usbd_cdc_if.o
 .debug_aranges
                0x00001120       0x60 ./USB_DEVICE/App/usbd_desc.o
 .debug_aranges
                0x00001180      0x118 ./USB_DEVICE/Target/usbd_conf.o

.debug_rnglists
                0x00000000      0xe05
 .debug_rnglists
                0x00000000      0x276 ./Core/Inc/libdw1000/src/libdw1000.o
 .debug_rnglists
                0x00000276       0x32 ./Core/Inc/libdw1000/src/libdw1000Spi.o
 .debug_rnglists
                0x000002a8       0x8e ./Core/Src/main.o
 .debug_rnglists
                0x00000336       0x2d ./Core/Src/stm32f1xx_hal_msp.o
 .debug_rnglists
                0x00000363       0x4f ./Core/Src/stm32f1xx_it.o
 .debug_rnglists
                0x000003b2       0x13 ./Core/Src/sysmem.o
 .debug_rnglists
                0x000003c5       0x1a ./Core/Src/system_stm32f1xx.o
 .debug_rnglists
                0x000003df       0x19 ./Core/Startup/startup_stm32f103t8ux.o
 .debug_rnglists
                0x000003f8       0xa3 ./Drivers/STM32F1xx_HAL_Driver/Src/stm32f1xx_hal.o
 .debug_rnglists
                0x0000049b       0xbb ./Drivers/STM32F1xx_HAL_Driver/Src/stm32f1xx_hal_cortex.o
 .debug_rnglists