../Core/Inc/libdw1000/src/libdw1000.c:58:13:dummy	0	static
../Core/Inc/libdw1000/src/libdw1000.c:1352:13:setBit	12	static
../Core/Inc/libdw1000/src/libdw1000.c:1383:13:writeValueToBytes	8	static
../Core/Inc/libdw1000/src/libdw1000.c:837:14:spiReadRxInfo	24	static
../Core/Inc/libdw1000/src/libdw1000.c:843:14:calculatePower	16	static
../Core/Inc/libdw1000/src/libdw1000.c:62:6:dwInit	8	static
../Core/Inc/libdw1000/src/libdw1000.c:94:6:dwSetUserdata	0	static
../Core/Inc/libdw1000/src/libdw1000.c:99:7:dwGetUserdata	0	static
../Core/Inc/libdw1000/src/libdw1000.c:157:6:dwManageLDE	40	static
../Core/Inc/libdw1000/src/libdw1000.c:185:10:dwGetDeviceId	0	static
../Core/Inc/libdw1000/src/libdw1000.c:190:6:dwEnableAllLeds	8	static
../Core/Inc/libdw1000/src/libdw1000.c:216:6:dwEnableClock	32	static
../Core/Inc/libdw1000/src/libdw1000.c:259:6:dwRxSoftReset	32	static
../Core/Inc/libdw1000/src/libdw1000.c:273:6:dwReadSystemConfigurationRegister	16	static
../Core/Inc/libdw1000/src/libdw1000.c:277:6:dwWriteSystemConfigurationRegister	16	static
../Core/Inc/libdw1000/src/libdw1000.c:281:6:dwReadSystemEventStatusRegister	16	static
../Core/Inc/libdw1000/src/libdw1000.c:285:6:dwReadNetworkIdAndDeviceAddress	16	static
../Core/Inc/libdw1000/src/libdw1000.c:289:6:dwWriteNetworkIdAndDeviceAddress	16	static
../Core/Inc/libdw1000/src/libdw1000.c:293:6:dwReadSystemEventMaskRegister	16	static
../Core/Inc/libdw1000/src/libdw1000.c:297:6:dwWriteSystemEventMaskRegister	16	static
../Core/Inc/libdw1000/src/libdw1000.c:301:6:dwReadChannelControlRegister	16	static
../Core/Inc/libdw1000/src/libdw1000.c:305:6:dwWriteChannelControlRegister	16	static
../Core/Inc/libdw1000/src/libdw1000.c:309:6:dwReadTransmitFrameControlRegister	16	static
../Core/Inc/libdw1000/src/libdw1000.c:313:6:dwWriteTransmitFrameControlRegister	16	static
../Core/Inc/libdw1000/src/libdw1000.c:319:6:dwSetReceiveWaitTimeout	24	static
../Core/Inc/libdw1000/src/libdw1000.c:324:6:dwSetFrameFilter	0	static
../Core/Inc/libdw1000/src/libdw1000.c:328:6:dwSetFrameFilterBehaveCoordinator	0	static
../Core/Inc/libdw1000/src/libdw1000.c:332:6:dwSetFrameFilterAllowBeacon	0	static
../Core/Inc/libdw1000/src/libdw1000.c:336:6:dwSetFrameFilterAllowData	0	static
../Core/Inc/libdw1000/src/libdw1000.c:340:6:dwSetFrameFilterAllowAcknowledgement	0	static
../Core/Inc/libdw1000/src/libdw1000.c:344:6:dwSetFrameFilterAllowMAC	0	static
../Core/Inc/libdw1000/src/libdw1000.c:348:6:dwSetFrameFilterAllowReserved	0	static
../Core/Inc/libdw1000/src/libdw1000.c:352:6:dwSetDoubleBuffering	0	static
../Core/Inc/libdw1000/src/libdw1000.c:356:6:dwSetInterruptPolarity	0	static
../Core/Inc/libdw1000/src/libdw1000.c:360:6:dwSetReceiverAutoReenable	0	static
../Core/Inc/libdw1000/src/libdw1000.c:364:6:dwInterruptOnSent	0	static
../Core/Inc/libdw1000/src/libdw1000.c:368:6:dwInterruptOnReceived	8	static
../Core/Inc/libdw1000/src/libdw1000.c:373:6:dwInterruptOnReceiveFailed	8	static
../Core/Inc/libdw1000/src/libdw1000.c:382:6:dwInterruptOnReceiveTimeout	8	static
../Core/Inc/libdw1000/src/libdw1000.c:387:6:dwInterruptOnReceiveTimestampAvailable	0	static
../Core/Inc/libdw1000/src/libdw1000.c:391:6:dwInterruptOnAutomaticAcknowledgeTrigger	0	static
../Core/Inc/libdw1000/src/libdw1000.c:395:6:dwClearInterrupts	0	static
../Core/Inc/libdw1000/src/libdw1000.c:399:6:dwIdle	16	static
../Core/Inc/libdw1000/src/libdw1000.c:239:6:dwSoftReset	32	static
../Core/Inc/libdw1000/src/libdw1000.c:104:5:dwConfigure	24	static
../Core/Inc/libdw1000/src/libdw1000.c:414:6:dwStartReceive	16	static
../Core/Inc/libdw1000/src/libdw1000.c:427:6:dwStartTransmit	16	static
../Core/Inc/libdw1000/src/libdw1000.c:443:6:dwNewConfiguration	8	static
../Core/Inc/libdw1000/src/libdw1000.c:472:6:dwWaitForResponse	0	static
../Core/Inc/libdw1000/src/libdw1000.c:477:6:dwSuppressFrameCheck	0	static
../Core/Inc/libdw1000/src/libdw1000.c:481:6:dwUseSmartPower	0	static
../Core/Inc/libdw1000/src/libdw1000.c:510:6:dwSetTxRxTime	32	static
../Core/Inc/libdw1000/src/libdw1000.c:526:6:dwSetDataRate	32	static
../Core/Inc/libdw1000/src/libdw1000.c:559:6:dwSetPulseFrequency	0	static
../Core/Inc/libdw1000/src/libdw1000.c:569:9:dwGetPulseFrequency	0	static
../Core/Inc/libdw1000/src/libdw1000.c:573:6:dwSetPreambleLength	8	static
../Core/Inc/libdw1000/src/libdw1000.c:589:6:dwUseExtendedFrameLength	0	static
../Core/Inc/libdw1000/src/libdw1000.c:595:6:dwReceivePermanently	0	static
../Core/Inc/libdw1000/src/libdw1000.c:599:6:dwSetChannel	0	static
../Core/Inc/libdw1000/src/libdw1000.c:605:6:dwSetPreambleCode	0	static
../Core/Inc/libdw1000/src/libdw1000.c:645:6:dwSetData	24	static
../Core/Inc/libdw1000/src/libdw1000.c:662:14:dwGetDataLength	24	static
../Core/Inc/libdw1000/src/libdw1000.c:679:6:dwGetData	16	static
../Core/Inc/libdw1000/src/libdw1000.c:686:6:dwGetTransmitTimestamp	16	static
../Core/Inc/libdw1000/src/libdw1000.c:697:6:dwGetRawReceiveTimestamp	24	static
../Core/Inc/libdw1000/src/libdw1000.c:756:6:dwGetSystemTimestamp	16	static
../Core/Inc/libdw1000/src/libdw1000.c:486:10:dwSetDelay	48	static
../Core/Inc/libdw1000/src/libdw1000.c:760:6:dwIsTransmitDone	0	static
../Core/Inc/libdw1000/src/libdw1000.c:764:6:dwIsReceiveTimestampAvailable	0	static
../Core/Inc/libdw1000/src/libdw1000.c:768:6:dwIsReceiveDone	0	static
../Core/Inc/libdw1000/src/libdw1000.c:775:6:dwIsReceiveFailed	0	static
../Core/Inc/libdw1000/src/libdw1000.c:788:6:dwIsReceiveTimeout	0	static
../Core/Inc/libdw1000/src/libdw1000.c:792:6:dwIsClockProblem	0	static
../Core/Inc/libdw1000/src/libdw1000.c:802:6:dwClearAllStatus	24	static
../Core/Inc/libdw1000/src/libdw1000.c:808:6:dwClearReceiveTimestampAvailableStatus	24	static
../Core/Inc/libdw1000/src/libdw1000.c:814:6:dwClearReceiveStatus	0	static
../Core/Inc/libdw1000/src/libdw1000.c:407:6:dwNewReceive	8	static
../Core/Inc/libdw1000/src/libdw1000.c:820:6:dwClearTransmitStatus	0	static
../Core/Inc/libdw1000/src/libdw1000.c:420:6:dwNewTransmit	8	static
../Core/Inc/libdw1000/src/libdw1000.c:826:7:dwGetReceiveQuality	32	static
../Core/Inc/libdw1000/src/libdw1000.c:866:7:dwGetFirstPathPower	32	static
../Core/Inc/libdw1000/src/libdw1000.c:875:7:dwGetReceivePower	16	static
../Core/Inc/libdw1000/src/libdw1000.c:702:6:dwCorrectTimestamp	24	static
../Core/Inc/libdw1000/src/libdw1000.c:690:6:dwGetReceiveTimestamp	24	static
../Core/Inc/libdw1000/src/libdw1000.c:884:6:dwEnableMode	16	static
../Core/Inc/libdw1000/src/libdw1000.c:614:6:dwSetDefaults	16	static
../Core/Inc/libdw1000/src/libdw1000.c:898:6:dwTune	112	static
../Core/Inc/libdw1000/src/libdw1000.c:452:6:dwCommitConfiguration	24	static
../Core/Inc/libdw1000/src/libdw1000.c:1267:6:dwHandleInterrupt	8	static
../Core/Inc/libdw1000/src/libdw1000.c:1311:6:dwSetTxPower	0	static
../Core/Inc/libdw1000/src/libdw1000.c:1317:6:dwAttachSentHandler	0	static
../Core/Inc/libdw1000/src/libdw1000.c:1321:6:dwAttachErrorHandler	0	static
../Core/Inc/libdw1000/src/libdw1000.c:1325:6:dwAttachReceivedHandler	0	static
../Core/Inc/libdw1000/src/libdw1000.c:1329:6:dwAttachReceiveTimeoutHandler	0	static
../Core/Inc/libdw1000/src/libdw1000.c:1333:6:dwAttachReceiveFailedHandler	0	static
../Core/Inc/libdw1000/src/libdw1000.c:1337:6:dwAttachReceiveTimestampAvailable	0	static
../Core/Inc/libdw1000/src/libdw1000.c:1341:6:dwSetAntenaDelay	8	static
../Core/Inc/libdw1000/src/libdw1000.c:1345:7:dwStrError	0	static
