../Drivers/CMSIS/Include/core_cm3.h:1511:22:__NVIC_EnableIRQ	16	static
../Core/Src/main.c:95:6:spiRead	24	static
../Core/Src/main.c:109:6:spiWrite	24	static
../Core/Src/main.c:122:6:spiSetSpeed	16	static
../Core/Src/main.c:125:6:delayms	16	static
../Core/Src/main.c:129:6:reset	16	static
../Core/Src/main.c:144:6:TX_Callback	16	static
../Core/Src/main.c:148:6:RX_Callback	16	static
../Core/Src/main.c:154:6:receivedFailedCallback	16	static
../Core/Src/main.c:159:6:receivedError	16	static
../Core/Src/main.c:165:6:DW1000_Error_Handler	16	static
../Core/Src/main.c:172:6:send_Data_Over_UWB	280	static
../Core/Src/main.c:191:5:main	48	static
../Core/Src/main.c:311:6:SystemClock_Config	88	static
../Core/Src/main.c:354:13:MX_SPI1_Init	8	static
../Core/Src/main.c:390:13:MX_USART1_UART_Init	8	static
../Core/Src/main.c:421:13:MX_GPIO_Init	40	static
../Core/Src/main.c:484:12:checkIrq	8	static
../Core/Src/main.c:487:6:HAL_GPIO_EXTI_Callback	16	static
../Core/Src/main.c:497:6:dwOpsInit	16	static
../Core/Src/main.c:508:6:Error_Handler	4	static,ignoring_inline_asm
