../Core/Src/main.c:95:6:spiRead	24	static
../Core/Src/main.c:110:6:spiWrite	24	static
../Core/Src/main.c:125:6:spiSetSpeed	16	static
../Core/Src/main.c:128:6:delayms	16	static
../Core/Src/main.c:132:6:reset	16	static
../Core/Src/main.c:147:6:TX_Callback	16	static
../Core/Src/main.c:151:6:RX_Callback	16	static
../Core/Src/main.c:158:6:send_Data_Over_UWB	272	static
../Core/Src/main.c:174:5:main	48	static
../Core/Src/main.c:286:6:SystemClock_Config	88	static
../Core/Src/main.c:329:13:MX_SPI1_Init	8	static
../Core/Src/main.c:365:13:MX_USART1_UART_Init	8	static
../Core/Src/main.c:396:13:MX_GPIO_Init	40	static
../Core/Src/main.c:478:6:Error_Handler	4	static,ignoring_inline_asm
