../Drivers/CMSIS/Include/core_cm3.h:1511:22:__NVIC_EnableIRQ	16	static
../Core/Src/user_functions.c:42:6:spiRead	24	static
../Core/Src/user_functions.c:63:6:spiWrite	24	static
../Core/Src/user_functions.c:82:6:spiSetSpeed	16	static
../Core/Src/user_functions.c:93:6:delayms	16	static
../Core/Src/user_functions.c:102:6:reset	16	static
../Core/Src/user_functions.c:116:6:TX_Callback	16	static
../Core/Src/user_functions.c:126:6:RX_Callback	16	static
../Core/Src/user_functions.c:138:6:receivedFailedCallback	16	static
../Core/Src/user_functions.c:149:6:receivedError	16	static
../Core/Src/user_functions.c:160:6:DW1000_Error_Handler	16	static
../Core/Src/user_functions.c:171:6:send_Data_Over_UWB	280	static
../Core/Src/user_functions.c:188:6:activate_PA_LNA	16	static
../Core/Src/user_functions.c:205:5:checkIrq	8	static
../Core/Src/user_functions.c:214:6:dwOpsInit	16	static
../Core/Src/user_functions.c:223:6:HAL_GPIO_EXTI_Callback	16	static
../Core/Src/user_functions.c:237:6:setup	24	static
../Core/Src/user_functions.c:313:6:loop	32	static
