Archive member included to satisfy reference by file (symbol)

E:/Soft/STM32CubeIDE_1.18.0/STM32CubeIDE/plugins/com.st.stm32cube.ide.mcu.externaltools.gnu-tools-for-stm32.13.3.rel1.win32_1.0.0.202411081344/tools/bin/../lib/gcc/arm-none-eabi/13.3.1/../../../../arm-none-eabi/lib/thumb/v7-m/nofp\libc_nano.a(libc_a-exit.o)
                              E:/Soft/STM32CubeIDE_1.18.0/STM32CubeIDE/plugins/com.st.stm32cube.ide.mcu.externaltools.gnu-tools-for-stm32.13.3.rel1.win32_1.0.0.202411081344/tools/bin/../lib/gcc/arm-none-eabi/13.3.1/../../../../arm-none-eabi/lib/thumb/v7-m/nofp/crt0.o (exit)
E:/Soft/STM32CubeIDE_1.18.0/STM32CubeIDE/plugins/com.st.stm32cube.ide.mcu.externaltools.gnu-tools-for-stm32.13.3.rel1.win32_1.0.0.202411081344/tools/bin/../lib/gcc/arm-none-eabi/13.3.1/../../../../arm-none-eabi/lib/thumb/v7-m/nofp\libc_nano.a(libc_a-findfp.o)
                              E:/Soft/STM32CubeIDE_1.18.0/STM32CubeIDE/plugins/com.st.stm32cube.ide.mcu.externaltools.gnu-tools-for-stm32.13.3.rel1.win32_1.0.0.202411081344/tools/bin/../lib/gcc/arm-none-eabi/13.3.1/../../../../arm-none-eabi/lib/thumb/v7-m/nofp\libc_nano.a(libc_a-exit.o) (__stdio_exit_handler)
E:/Soft/STM32CubeIDE_1.18.0/STM32CubeIDE/plugins/com.st.stm32cube.ide.mcu.externaltools.gnu-tools-for-stm32.13.3.rel1.win32_1.0.0.202411081344/tools/bin/../lib/gcc/arm-none-eabi/13.3.1/../../../../arm-none-eabi/lib/thumb/v7-m/nofp\libc_nano.a(libc_a-fwalk.o)
                              E:/Soft/STM32CubeIDE_1.18.0/STM32CubeIDE/plugins/com.st.stm32cube.ide.mcu.externaltools.gnu-tools-for-stm32.13.3.rel1.win32_1.0.0.202411081344/tools/bin/../lib/gcc/arm-none-eabi/13.3.1/../../../../arm-none-eabi/lib/thumb/v7-m/nofp\libc_nano.a(libc_a-findfp.o) (_fwalk_sglue)
E:/Soft/STM32CubeIDE_1.18.0/STM32CubeIDE/plugins/com.st.stm32cube.ide.mcu.externaltools.gnu-tools-for-stm32.13.3.rel1.win32_1.0.0.202411081344/tools/bin/../lib/gcc/arm-none-eabi/13.3.1/../../../../arm-none-eabi/lib/thumb/v7-m/nofp\libc_nano.a(libc_a-sprintf.o)
                              ./Core/Src/main.o (sprintf)
E:/Soft/STM32CubeIDE_1.18.0/STM32CubeIDE/plugins/com.st.stm32cube.ide.mcu.externaltools.gnu-tools-for-stm32.13.3.rel1.win32_1.0.0.202411081344/tools/bin/../lib/gcc/arm-none-eabi/13.3.1/../../../../arm-none-eabi/lib/thumb/v7-m/nofp\libc_nano.a(libc_a-stdio.o)
                              E:/Soft/STM32CubeIDE_1.18.0/STM32CubeIDE/plugins/com.st.stm32cube.ide.mcu.externaltools.gnu-tools-for-stm32.13.3.rel1.win32_1.0.0.202411081344/tools/bin/../lib/gcc/arm-none-eabi/13.3.1/../../../../arm-none-eabi/lib/thumb/v7-m/nofp\libc_nano.a(libc_a-findfp.o) (__sread)
E:/Soft/STM32CubeIDE_1.18.0/STM32CubeIDE/plugins/com.st.stm32cube.ide.mcu.externaltools.gnu-tools-for-stm32.13.3.rel1.win32_1.0.0.202411081344/tools/bin/../lib/gcc/arm-none-eabi/13.3.1/../../../../arm-none-eabi/lib/thumb/v7-m/nofp\libc_nano.a(libc_a-memset.o)
                              E:/Soft/STM32CubeIDE_1.18.0/STM32CubeIDE/plugins/com.st.stm32cube.ide.mcu.externaltools.gnu-tools-for-stm32.13.3.rel1.win32_1.0.0.202411081344/tools/bin/../lib/gcc/arm-none-eabi/13.3.1/../../../../arm-none-eabi/lib/thumb/v7-m/nofp/crt0.o (memset)
E:/Soft/STM32CubeIDE_1.18.0/STM32CubeIDE/plugins/com.st.stm32cube.ide.mcu.externaltools.gnu-tools-for-stm32.13.3.rel1.win32_1.0.0.202411081344/tools/bin/../lib/gcc/arm-none-eabi/13.3.1/../../../../arm-none-eabi/lib/thumb/v7-m/nofp\libc_nano.a(libc_a-closer.o)
                              E:/Soft/STM32CubeIDE_1.18.0/STM32CubeIDE/plugins/com.st.stm32cube.ide.mcu.externaltools.gnu-tools-for-stm32.13.3.rel1.win32_1.0.0.202411081344/tools/bin/../lib/gcc/arm-none-eabi/13.3.1/../../../../arm-none-eabi/lib/thumb/v7-m/nofp\libc_nano.a(libc_a-stdio.o) (_close_r)
E:/Soft/STM32CubeIDE_1.18.0/STM32CubeIDE/plugins/com.st.stm32cube.ide.mcu.externaltools.gnu-tools-for-stm32.13.3.rel1.win32_1.0.0.202411081344/tools/bin/../lib/gcc/arm-none-eabi/13.3.1/../../../../arm-none-eabi/lib/thumb/v7-m/nofp\libc_nano.a(libc_a-reent.o)
                              E:/Soft/STM32CubeIDE_1.18.0/STM32CubeIDE/plugins/com.st.stm32cube.ide.mcu.externaltools.gnu-tools-for-stm32.13.3.rel1.win32_1.0.0.202411081344/tools/bin/../lib/gcc/arm-none-eabi/13.3.1/../../../../arm-none-eabi/lib/thumb/v7-m/nofp\libc_nano.a(libc_a-closer.o) (errno)
E:/Soft/STM32CubeIDE_1.18.0/STM32CubeIDE/plugins/com.st.stm32cube.ide.mcu.externaltools.gnu-tools-for-stm32.13.3.rel1.win32_1.0.0.202411081344/tools/bin/../lib/gcc/arm-none-eabi/13.3.1/../../../../arm-none-eabi/lib/thumb/v7-m/nofp\libc_nano.a(libc_a-impure.o)
                              E:/Soft/STM32CubeIDE_1.18.0/STM32CubeIDE/plugins/com.st.stm32cube.ide.mcu.externaltools.gnu-tools-for-stm32.13.3.rel1.win32_1.0.0.202411081344/tools/bin/../lib/gcc/arm-none-eabi/13.3.1/../../../../arm-none-eabi/lib/thumb/v7-m/nofp\libc_nano.a(libc_a-sprintf.o) (_impure_ptr)
[...]
Memory Configuration

Name             Origin             Length             Attributes
RAM              0x20000000         0x00005000         xrw
FLASH            0x08000000         0x00010000         xr
*default*        0x00000000         0xffffffff

Linker script and memory map

LOAD E:/Soft/STM32CubeIDE_1.18.0/STM32CubeIDE/plugins/com.st.stm32cube.ide.mcu.externaltools.gnu-tools-for-stm32.13.3.rel1.win32_1.0.0.202411081344/tools/bin/../lib/gcc/arm-none-eabi/13.3.1/thumb/v7-m/nofp/crti.o
LOAD E:/Soft/STM32CubeIDE_1.18.0/STM32CubeIDE/plugins/com.st.stm32cube.ide.mcu.externaltools.gnu-tools-for-stm32.13.3.rel1.win32_1.0.0.202411081344/tools/bin/../lib/gcc/arm-none-eabi/13.3.1/thumb/v7-m/nofp/crtbegin.o
LOAD E:/Soft/STM32CubeIDE_1.18.0/STM32CubeIDE/plugins/com.st.stm32cube.ide.mcu.externaltools.gnu-tools-for-stm32.13.3.rel1.win32_1.0.0.202411081344/tools/bin/../lib/gcc/arm-none-eabi/13.3.1/../../../../arm-none-eabi/lib/thumb/v7-m/nofp/crt0.o
LOAD ./Core/Inc/libdw1000/src/libdw1000.o
LOAD ./Core/Inc/libdw1000/src/libdw1000Spi.o
LOAD ./Core/Src/main.o
LOAD ./Core/Src/stm32f1xx_hal_msp.o
LOAD ./Core/Src/stm32f1xx_it.o
LOAD ./Core/Src/syscalls.o
LOAD ./Core/Src/sysmem.o
LOAD ./Core/Src/system_stm32f1xx.o
LOAD ./Core/Startup/startup_stm32f103t8ux.o
LOAD ./Drivers/STM32F1xx_HAL_Driver/Src/stm32f1xx_hal.o
LOAD ./Drivers/STM32F1xx_HAL_Driver/Src/stm32f1xx_hal_cortex.o
LOAD ./Drivers/STM32F1xx_HAL_Driver/Src/stm32f1xx_hal_dma.o
LOAD ./Drivers/STM32F1xx_HAL_Driver/Src/stm32f1xx_hal_exti.o
LOAD ./Drivers/STM32F1xx_HAL_Driver/Src/stm32f1xx_hal_flash.o
LOAD ./Drivers/STM32F1xx_HAL_Driver/Src/stm32f1xx_hal_flash_ex.o
LOAD ./Drivers/STM32F1xx_HAL_Driver/Src/stm32f1xx_hal_gpio.o
LOAD ./Drivers/STM32F1xx_HAL_Driver/Src/stm32f1xx_hal_gpio_ex.o
LOAD ./Drivers/STM32F1xx_HAL_Driver/Src/stm32f1xx_hal_pcd.o
LOAD ./Drivers/STM32F1xx_HAL_Driver/Src/stm32f1xx_hal_pcd_ex.o
LOAD ./Drivers/STM32F1xx_HAL_Driver/Src/stm32f1xx_hal_pwr.o
LOAD ./Drivers/STM32F1xx_HAL_Driver/Src/stm32f1xx_hal_rcc.o
LOAD ./Drivers/STM32F1xx_HAL_Driver/Src/stm32f1xx_hal_rcc_ex.o
LOAD ./Drivers/STM32F1xx_HAL_Driver/Src/stm32f1xx_hal_spi.o
LOAD ./Drivers/STM32F1xx_HAL_Driver/Src/stm32f1xx_hal_uart.o
LOAD ./Drivers/STM32F1xx_HAL_Driver/Src/stm32f1xx_ll_usb.o
LOAD ./Middlewares/ST/STM32_USB_Device_Library/Class/CDC/Src/usbd_cdc.o
LOAD ./Middlewares/ST/STM32_USB_Device_Library/Core/Src/usbd_core.o
LOAD ./Middlewares/ST/STM32_USB_Device_Library/Core/Src/usbd_ctlreq.o
LOAD ./Middlewares/ST/STM32_USB_Device_Library/Core/Src/usbd_ioreq.o
LOAD ./USB_DEVICE/App/usb_device.o
LOAD ./USB_DEVICE/App/usbd_cdc_if.o
LOAD ./USB_DEVICE/App/usbd_desc.o
LOAD ./USB_DEVICE/Target/usbd_conf.o
START GROUP
LOAD E:/Soft/STM32CubeIDE_1.18.0/STM32CubeIDE/plugins/com.st.stm32cube.ide.mcu.externaltools.gnu-tools-for-stm32.13.3.rel1.win32_1.0.0.202411081344/tools/bin/../lib/gcc/arm-none-eabi/13.3.1/../../../../arm-none-eabi/lib/thumb/v7-m/nofp\libc_nano.a
LOAD E:/Soft/STM32CubeIDE_1.18.0/STM32CubeIDE/plugins/com.st.stm32cube.ide.mcu.externaltools.gnu-tools-for-stm32.13.3.rel1.win32_1.0.0.202411081344/tools/bin/../lib/gcc/arm-none-eabi/13.3.1/../../../../arm-none-eabi/lib/thumb/v7-m/nofp\libm.a
END GROUP
START GROUP
LOAD E:/Soft/STM32CubeIDE_1.18.0/STM32CubeIDE/plugins/com.st.stm32cube.ide.mcu.externaltools.gnu-tools-for-stm32.13.3.rel1.win32_1.0.0.202411081344/tools/bin/../lib/gcc/arm-none-eabi/13.3.1/thumb/v7-m/nofp\libgcc.a
LOAD E:/Soft/STM32CubeIDE_1.18.0/STM32CubeIDE/plugins/com.st.stm32cube.ide.mcu.externaltools.gnu-tools-for-stm32.13.3.rel1.win32_1.0.0.202411081344/tools/bin/../lib/gcc/arm-none-eabi/13.3.1/../../../../arm-none-eabi/lib/thumb/v7-m/nofp\libc_nano.a
END GROUP
START GROUP
LOAD E:/Soft/STM32CubeIDE_1.18.0/STM32CubeIDE/plugins/com.st.stm32cube.ide.mcu.externaltools.gnu-tools-for-stm32.13.3.rel1.win32_1.0.0.202411081344/tools/bin/../lib/gcc/arm-none-eabi/13.3.1/thumb/v7-m/nofp\libgcc.a
LOAD E:/Soft/STM32CubeIDE_1.18.0/STM32CubeIDE/plugins/com.st.stm32cube.ide.mcu.externaltools.gnu-tools-for-stm32.13.3.rel1.win32_1.0.0.202411081344/tools/bin/../lib/gcc/arm-none-eabi/13.3.1/../../../../arm-none-eabi/lib/thumb/v7-m/nofp\libc_nano.a
LOAD E:/Soft/STM32CubeIDE_1.18.0/STM32CubeIDE/plugins/com.st.stm32cube.ide.mcu.externaltools.gnu-tools-for-stm32.13.3.rel1.win32_1.0.0.202411081344/tools/bin/../lib/gcc/arm-none-eabi/13.3.1/../../../../arm-none-eabi/lib/thumb/v7-m/nofp\libnosys.a
END GROUP
START GROUP
LOAD E:/Soft/STM32CubeIDE_1.18.0/STM32CubeIDE/plugins/com.st.stm32cube.ide.mcu.externaltools.gnu-tools-for-stm32.13.3.rel1.win32_1.0.0.202411081344/tools/bin/../lib/gcc/arm-none-eabi/13.3.1/thumb/v7-m/nofp\libgcc.a
LOAD E:/Soft/STM32CubeIDE_1.18.0/STM32CubeIDE/plugins/com.st.stm32cube.ide.mcu.externaltools.gnu-tools-for-stm32.13.3.rel1.win32_1.0.0.202411081344/tools/bin/../lib/gcc/arm-none-eabi/13.3.1/../../../../arm-none-eabi/lib/thumb/v7-m/nofp\libc_nano.a
LOAD E:/Soft/STM32CubeIDE_1.18.0/STM32CubeIDE/plugins/com.st.stm32cube.ide.mcu.externaltools.gnu-tools-for-stm32.13.3.rel1.win32_1.0.0.202411081344/tools/bin/../lib/gcc/arm-none-eabi/13.3.1/../../../../arm-none-eabi/lib/thumb/v7-m/nofp\libnosys.a
END GROUP
LOAD E:/Soft/STM32CubeIDE_1.18.0/STM32CubeIDE/plugins/com.st.stm32cube.ide.mcu.externaltools.gnu-tools-for-stm32.13.3.rel1.win32_1.0.0.202411081344/tools/bin/../lib/gcc/arm-none-eabi/13.3.1/thumb/v7-m/nofp/crtend.o
LOAD E:/Soft/STM32CubeIDE_1.18.0/STM32CubeIDE/plugins/com.st.stm32cube.ide.mcu.externaltools.gnu-tools-for-stm32.13.3.rel1.win32_1.0.0.202411081344/tools/bin/../lib/gcc/arm-none-eabi/13.3.1/thumb/v7-m/nofp/crtn.o
                0x20005000                        _estack = (ORIGIN (RAM) + LENGTH (RAM))
                0x00000200                        _Min_Heap_Size = 0x200
                0x00000400                        _Min_Stack_Size = 0x400

.isr_vector     0x08000000      0x10c
                0x08000000                        . = ALIGN (0x4)
 *(.isr_vector)
 .isr_vector    0x08000000      0x10c ./Core/Startup/startup_stm32f103t8ux.o
                0x08000000                g_pfnVectors
                0x0800010c                        . = ALIGN (0x4)

.text           0x0800010c     0x49a8
                0x0800010c                        . = ALIGN (0x4)
 *(.text)
 .text          0x0800010c       0x40 E:/Soft/STM32CubeIDE_1.18.0/STM32CubeIDE/plugins/com.st.stm32cube.ide.mcu.externaltools.gnu-tools-for-stm32.13.3.rel1.win32_1.0.0.202411081344/tools/bin/../lib/gcc/arm-none-eabi/13.3.1/thumb/v7-m/nofp/crtbegin.o
 .text          0x0800014c       0x10 E:/Soft/STM32CubeIDE_1.18.0/STM32CubeIDE/plugins/com.st.stm32cube.ide.mcu.externaltools.gnu-tools-for-stm32.13.3.rel1.win32_1.0.0.202411081344/tools/bin/../lib/gcc/arm-none-eabi/13.3.1/../../../../arm-none-eabi/lib/thumb/v7-m/nofp\libc_nano.a(libc_a-strlen.o)
                0x0800014c                strlen
 *(.text*)
 .text.dummy    0x0800015c        0x2 ./Core/Inc/libdw1000/src/libdw1000.o
 .text.setBit   0x0800015e       0x20 ./Core/Inc/libdw1000/src/libdw1000.o
 .text.writeValueToBytes
                0x0800017e       0x14 ./Core/Inc/libdw1000/src/libdw1000.o
 *fill*         0x08000192        0x2 
 .text.dwInit   0x08000194       0x48 ./Core/Inc/libdw1000/src/libdw1000.o
                0x08000194                dwInit
 .text.dwManageLDE
                0x080001dc       0x7c ./Core/Inc/libdw1000/src/libdw1000.o
                0x080001dc                dwManageLDE
 .text.dwGetDeviceId
                0x08000258        0x8 ./Core/Inc/libdw1000/src/libdw1000.o
                0x08000258                dwGetDeviceId
 .text.dwEnableAllLeds
                0x08000260       0x68 ./Core/Inc/libdw1000/src/libdw1000.o
                0x08000260                dwEnableAllLeds
 .text.dwEnableClock
                0x080002c8       0x94 ./Core/Inc/libdw1000/src/libdw1000.o
                0x080002c8                dwEnableClock
 .text.dwWriteSystemConfigurationRegister
                0x0800035c       0x16 ./Core/Inc/libdw1000/src/libdw1000.o
                0x0800035c                dwWriteSystemConfigurationRegister
 .text.dwWriteSystemEventMaskRegister
                0x08000372       0x18 ./Core/Inc/libdw1000/src/libdw1000.o
                0x08000372                dwWriteSystemEventMaskRegister
 .text.dwSetDoubleBuffering
                0x0800038a        0xe ./Core/Inc/libdw1000/src/libdw1000.o
                0x0800038a                dwSetDoubleBuffering
 .text.dwSetInterruptPolarity
                0x08000398        0xc ./Core/Inc/libdw1000/src/libdw1000.o
                0x08000398                dwSetInterruptPolarity
 .text.dwClearInterrupts
                0x080003a4        0x8 ./Core/Inc/libdw1000/src/libdw1000.o
                0x080003a4                dwClearInterrupts
 .text.dwIdle   0x080003ac       0x24 ./Core/Inc/libdw1000/src/libdw1000.o
                0x080003ac                dwIdle
 .text.dwSoftReset
                0x080003d0       0x66 ./Core/Inc/libdw1000/src/libdw1000.o
                0x080003d0                dwSoftReset
 *fill*         0x08000436        0x2 
 .text.dwConfigure
                0x08000438       0xb4 ./Core/Inc/libdw1000/src/libdw1000.o
                0x08000438                dwConfigure
 .text.dwStrError
                0x080004ec       0x20 ./Core/Inc/libdw1000/src/libdw1000.o
                0x080004ec                dwStrError
 .text.dwSpiRead
                0x0800050c       0x46 ./Core/Inc/libdw1000/src/libdw1000Spi.o
                0x0800050c                dwSpiRead
 .text.dwSpiRead32
                0x08000552       0x14 ./Core/Inc/libdw1000/src/libdw1000Spi.o
                0x08000552                dwSpiRead32
 .text.dwSpiWrite
                0x08000566       0x4a ./Core/Inc/libdw1000/src/libdw1000Spi.o
                0x08000566                dwSpiWrite
 .text.dwSpiWrite32
                0x080005b0       0x14 ./Core/Inc/libdw1000/src/libdw1000Spi.o
                0x080005b0                dwSpiWrite32
 .text.spiSetSpeed
                0x080005c4        0x2 ./Core/Src/main.o
                0x080005c4                spiSetSpeed
 .text.reset    0x080005c6        0x2 ./Core/Src/main.o
                0x080005c6                reset
 .text.spiWrite
                0x080005c8       0x70 ./Core/Src/main.o
                0x080005c8                spiWrite
 .text.spiRead  0x08000638       0x70 ./Core/Src/main.o
                0x08000638                spiRead
 .text.delayms  0x080006a8        0x6 ./Core/Src/main.o
                0x080006a8                delayms
 .text.SystemClock_Config
                0x080006ae       0x80 ./Core/Src/main.o
                0x080006ae                SystemClock_Config
 *fill*         0x0800072e        0x2 
 .text.startup.main
                0x08000730      0x1e4 ./Core/Src/main.o
                0x08000730                main
 .text.Error_Handler
                0x08000914        0x4 ./Core/Src/main.o
                0x08000914                Error_Handler
 .text.HAL_MspInit
                0x08000918       0x44 ./Core/Src/stm32f1xx_hal_msp.o
                0x08000918                HAL_MspInit
 .text.HAL_SPI_MspInit
                0x0800095c       0x74 ./Core/Src/stm32f1xx_hal_msp.o
                0x0800095c                HAL_SPI_MspInit
 .text.HAL_UART_MspInit
                0x080009d0       0x78 ./Core/Src/stm32f1xx_hal_msp.o
                0x080009d0                HAL_UART_MspInit
 .text.NMI_Handler
                0x08000a48        0x2 ./Core/Src/stm32f1xx_it.o
                0x08000a48                NMI_Handler
 .text.HardFault_Handler
                0x08000a4a        0x2 ./Core/Src/stm32f1xx_it.o
                0x08000a4a                HardFault_Handler
 .text.MemManage_Handler
                0x08000a4c        0x2 ./Core/Src/stm32f1xx_it.o
                0x08000a4c                MemManage_Handler
 .text.BusFault_Handler
                0x08000a4e        0x2 ./Core/Src/stm32f1xx_it.o
                0x08000a4e                BusFault_Handler
 .text.UsageFault_Handler
                0x08000a50        0x2 ./Core/Src/stm32f1xx_it.o
                0x08000a50                UsageFault_Handler
 .text.SVC_Handler
                0x08000a52        0x2 ./Core/Src/stm32f1xx_it.o
                0x08000a52                SVC_Handler
 .text.DebugMon_Handler
                0x08000a54        0x2 ./Core/Src/stm32f1xx_it.o
                0x08000a54                DebugMon_Handler
 .text.PendSV_Handler
                0x08000a56        0x2 ./Core/Src/stm32f1xx_it.o
                0x08000a56                PendSV_Handler
 .text.SysTick_Handler
                0x08000a58        0x4 ./Core/Src/stm32f1xx_it.o
                0x08000a58                SysTick_Handler
 .text.USB_LP_CAN1_RX0_IRQHandler
                0x08000a5c        0xc ./Core/Src/stm32f1xx_it.o
                0x08000a5c                USB_LP_CAN1_RX0_IRQHandler
 .text._sbrk    0x08000a68       0x40 ./Core/Src/sysmem.o
                0x08000a68                _sbrk
 .text.SystemInit
                0x08000aa8        0x2 ./Core/Src/system_stm32f1xx.o
                0x08000aa8                SystemInit
 *fill*         0x08000aaa        0x2 
 .text.Reset_Handler
                0x08000aac       0x48 ./Core/Startup/startup_stm32f103t8ux.o
                0x08000aac                Reset_Handler
 .text.Default_Handler
                0x08000af4        0x2 ./Core/Startup/startup_stm32f103t8ux.o
                0x08000af4                RTC_Alarm_IRQHandler
                0x08000af4                EXTI2_IRQHandler
                0x08000af4                TIM1_CC_IRQHandler
                0x08000af4                PVD_IRQHandler
                0x08000af4                EXTI3_IRQHandler
                0x08000af4                EXTI0_IRQHandler
                0x08000af4                I2C2_EV_IRQHandler
                0x08000af4                ADC1_2_IRQHandler
                0x08000af4                SPI1_IRQHandler
                0x08000af4                TAMPER_IRQHandler
                0x08000af4                DMA1_Channel4_IRQHandler
                0x08000af4                USART3_IRQHandler
                0x08000af4                RTC_IRQHandler
                0x08000af4                DMA1_Channel7_IRQHandler
                0x08000af4                CAN1_RX1_IRQHandler
                0x08000af4                TIM4_IRQHandler
                0x08000af4                I2C1_EV_IRQHandler
                0x08000af4                DMA1_Channel6_IRQHandler
                0x08000af4                TIM3_IRQHandler
                0x08000af4                RCC_IRQHandler
                0x08000af4                TIM1_TRG_COM_IRQHandler
                0x08000af4                DMA1_Channel1_IRQHandler
                0x08000af4                Default_Handler
                0x08000af4                EXTI15_10_IRQHandler
                0x08000af4                EXTI9_5_IRQHandler
                0x08000af4                SPI2_IRQHandler
                0x08000af4                DMA1_Channel5_IRQHandler
                0x08000af4                EXTI4_IRQHandler
                0x08000af4                USB_HP_CAN1_TX_IRQHandler
                0x08000af4                DMA1_Channel3_IRQHandler
                0x08000af4                TIM1_UP_IRQHandler
                0x08000af4                WWDG_IRQHandler
                0x08000af4                TIM2_IRQHandler
                0x08000af4                TIM1_BRK_IRQHandler
                0x08000af4                EXTI1_IRQHandler
                0x08000af4                USART2_IRQHandler
                0x08000af4                I2C2_ER_IRQHandler
                0x08000af4                DMA1_Channel2_IRQHandler
                0x08000af4                CAN1_SCE_IRQHandler
                0x08000af4                FLASH_IRQHandler
                0x08000af4                USART1_IRQHandler
                0x08000af4                I2C1_ER_IRQHandler
                0x08000af4                USBWakeUp_IRQHandler
 *fill*         0x08000af6        0x2 
 .text.HAL_InitTick
                0x08000af8       0x48 ./Drivers/STM32F1xx_HAL_Driver/Src/stm32f1xx_hal.o
                0x08000af8                HAL_InitTick
 .text.HAL_Init
                0x08000b40       0x24 ./Drivers/STM32F1xx_HAL_Driver/Src/stm32f1xx_hal.o
                0x08000b40                HAL_Init
 .text.HAL_IncTick
                0x08000b64       0x18 ./Drivers/STM32F1xx_HAL_Driver/Src/stm32f1xx_hal.o
                0x08000b64                HAL_IncTick
 .text.HAL_GetTick
                0x08000b7c        0xc ./Drivers/STM32F1xx_HAL_Driver/Src/stm32f1xx_hal.o
                0x08000b7c                HAL_GetTick
 .text.HAL_Delay
                0x08000b88       0x24 ./Drivers/STM32F1xx_HAL_Driver/Src/stm32f1xx_hal.o
                0x08000b88                HAL_Delay
 .text.HAL_NVIC_SetPriorityGrouping
                0x08000bac       0x24 ./Drivers/STM32F1xx_HAL_Driver/Src/stm32f1xx_hal_cortex.o
                0x08000bac                HAL_NVIC_SetPriorityGrouping
 .text.HAL_NVIC_SetPriority
                0x08000bd0       0x60 ./Drivers/STM32F1xx_HAL_Driver/Src/stm32f1xx_hal_cortex.o
                0x08000bd0                HAL_NVIC_SetPriority
 .text.HAL_NVIC_EnableIRQ
                0x08000c30       0x1c ./Drivers/STM32F1xx_HAL_Driver/Src/stm32f1xx_hal_cortex.o
                0x08000c30                HAL_NVIC_EnableIRQ
 .text.HAL_SYSTICK_Config
                0x08000c4c       0x28 ./Drivers/STM32F1xx_HAL_Driver/Src/stm32f1xx_hal_cortex.o
                0x08000c4c                HAL_SYSTICK_Config
 .text.HAL_GPIO_Init
                0x08000c74      0x1a8 ./Drivers/STM32F1xx_HAL_Driver/Src/stm32f1xx_hal_gpio.o
                0x08000c74                HAL_GPIO_Init
 .text.HAL_GPIO_WritePin
                0x08000e1c        0xa ./Drivers/STM32F1xx_HAL_Driver/Src/stm32f1xx_hal_gpio.o
                0x08000e1c                HAL_GPIO_WritePin
 .text.HAL_PCD_Init
                0x08000e26       0xc6 ./Drivers/STM32F1xx_HAL_Driver/Src/stm32f1xx_hal_pcd.o
                0x08000e26                HAL_PCD_Init
 .text.HAL_PCD_Start
                0x08000eec       0x32 ./Drivers/STM32F1xx_HAL_Driver/Src/stm32f1xx_hal_pcd.o
                0x08000eec                HAL_PCD_Start
 .text.HAL_PCD_SetAddress
                0x08000f1e       0x26 ./Drivers/STM32F1xx_HAL_Driver/Src/stm32f1xx_hal_pcd.o
                0x08000f1e                HAL_PCD_SetAddress
 .text.HAL_PCD_IRQHandler
                0x08000f44      0xa08 ./Drivers/STM32F1xx_HAL_Driver/Src/stm32f1xx_hal_pcd.o
                0x08000f44                HAL_PCD_IRQHandler
 .text.HAL_PCD_EP_Open
                0x0800194c       0x60 ./Drivers/STM32F1xx_HAL_Driver/Src/stm32f1xx_hal_pcd.o
                0x0800194c                HAL_PCD_EP_Open
 .text.HAL_PCD_EP_Close
                0x080019ac       0x50 ./Drivers/STM32F1xx_HAL_Driver/Src/stm32f1xx_hal_pcd.o
                0x080019ac                HAL_PCD_EP_Close
 .text.HAL_PCD_EP_Receive
                0x080019fc       0x2e ./Drivers/STM32F1xx_HAL_Driver/Src/stm32f1xx_hal_pcd.o
                0x080019fc                HAL_PCD_EP_Receive
 .text.HAL_PCD_EP_GetRxCount
                0x08001a2a       0x10 ./Drivers/STM32F1xx_HAL_Driver/Src/stm32f1xx_hal_pcd.o
                0x08001a2a                HAL_PCD_EP_GetRxCount
 .text.HAL_PCD_EP_Transmit
                0x08001a3a       0x30 ./Drivers/STM32F1xx_HAL_Driver/Src/stm32f1xx_hal_pcd.o
                0x08001a3a                HAL_PCD_EP_Transmit
 .text.HAL_PCD_EP_SetStall
                0x08001a6a       0x6c ./Drivers/STM32F1xx_HAL_Driver/Src/stm32f1xx_hal_pcd.o
                0x08001a6a                HAL_PCD_EP_SetStall
 .text.HAL_PCD_EP_ClrStall
                0x08001ad6       0x64 ./Drivers/STM32F1xx_HAL_Driver/Src/stm32f1xx_hal_pcd.o
                0x08001ad6                HAL_PCD_EP_ClrStall
 .text.HAL_PCDEx_PMAConfig
                0x08001b3a       0x32 ./Drivers/STM32F1xx_HAL_Driver/Src/stm32f1xx_hal_pcd_ex.o
                0x08001b3a                HAL_PCDEx_PMAConfig
 .text.HAL_RCC_OscConfig
                0x08001b6c      0x338 ./Drivers/STM32F1xx_HAL_Driver/Src/stm32f1xx_hal_rcc.o
                0x08001b6c                HAL_RCC_OscConfig
 .text.HAL_RCC_GetSysClockFreq
                0x08001ea4       0x4c ./Drivers/STM32F1xx_HAL_Driver/Src/stm32f1xx_hal_rcc.o
                0x08001ea4                HAL_RCC_GetSysClockFreq
 .text.HAL_RCC_ClockConfig
                0x08001ef0      0x138 ./Drivers/STM32F1xx_HAL_Driver/Src/stm32f1xx_hal_rcc.o
                0x08001ef0                HAL_RCC_ClockConfig
 .text.HAL_RCC_GetPCLK1Freq
                0x08002028       0x20 ./Drivers/STM32F1xx_HAL_Driver/Src/stm32f1xx_hal_rcc.o
                0x08002028                HAL_RCC_GetPCLK1Freq
 .text.HAL_RCC_GetPCLK2Freq
                0x08002048       0x20 ./Drivers/STM32F1xx_HAL_Driver/Src/stm32f1xx_hal_rcc.o
                0x08002048                HAL_RCC_GetPCLK2Freq
 .text.HAL_RCCEx_PeriphCLKConfig
                0x08002068       0xf4 ./Drivers/STM32F1xx_HAL_Driver/Src/stm32f1xx_hal_rcc_ex.o
                0x08002068                HAL_RCCEx_PeriphCLKConfig
 .text.SPI_WaitFlagStateUntilTimeout
                0x0800215c       0xb8 ./Drivers/STM32F1xx_HAL_Driver/Src/stm32f1xx_hal_spi.o
 .text.SPI_EndRxTxTransaction
                0x08002214       0x38 ./Drivers/STM32F1xx_HAL_Driver/Src/stm32f1xx_hal_spi.o
 .text.SPI_EndRxTransaction
                0x0800224c       0x54 ./Drivers/STM32F1xx_HAL_Driver/Src/stm32f1xx_hal_spi.o
 .text.HAL_SPI_Init
                0x080022a0       0xb0 ./Drivers/STM32F1xx_HAL_Driver/Src/stm32f1xx_hal_spi.o
                0x080022a0                HAL_SPI_Init
 .text.HAL_SPI_Transmit
                0x08002350      0x160 ./Drivers/STM32F1xx_HAL_Driver/Src/stm32f1xx_hal_spi.o
                0x08002350                HAL_SPI_Transmit
 .text.HAL_SPI_TransmitReceive
                0x080024b0      0x1f8 ./Drivers/STM32F1xx_HAL_Driver/Src/stm32f1xx_hal_spi.o
                0x080024b0                HAL_SPI_TransmitReceive
 .text.HAL_SPI_Receive
                0x080026a8      0x146 ./Drivers/STM32F1xx_HAL_Driver/Src/stm32f1xx_hal_spi.o
                0x080026a8                HAL_SPI_Receive
 *fill*         0x080027ee        0x2 
 .text.UART_SetConfig
                0x080027f0       0x74 ./Drivers/STM32F1xx_HAL_Driver/Src/stm32f1xx_hal_uart.o
 .text.HAL_UART_Init
                0x08002864       0x5e ./Drivers/STM32F1xx_HAL_Driver/Src/stm32f1xx_hal_uart.o
                0x08002864                HAL_UART_Init
 .text.USB_CoreInit
                0x080028c2        0xe ./Drivers/STM32F1xx_HAL_Driver/Src/stm32f1xx_ll_usb.o
                0x080028c2                USB_CoreInit
 .text.USB_EnableGlobalInt
                0x080028d0       0x12 ./Drivers/STM32F1xx_HAL_Driver/Src/stm32f1xx_ll_usb.o
                0x080028d0                USB_EnableGlobalInt
 .text.USB_DisableGlobalInt
                0x080028e2       0x14 ./Drivers/STM32F1xx_HAL_Driver/Src/stm32f1xx_ll_usb.o
                0x080028e2                USB_DisableGlobalInt
 .text.USB_SetCurrentMode
                0x080028f6        0x4 ./Drivers/STM32F1xx_HAL_Driver/Src/stm32f1xx_ll_usb.o
                0x080028f6                USB_SetCurrentMode
 .text.USB_DevInit
                0x080028fa       0x22 ./Drivers/STM32F1xx_HAL_Driver/Src/stm32f1xx_ll_usb.o
                0x080028fa                USB_DevInit
 .text.USB_ActivateEndpoint
                0x0800291c      0x2c0 ./Drivers/STM32F1xx_HAL_Driver/Src/stm32f1xx_ll_usb.o
                0x0800291c                USB_ActivateEndpoint
 .text.USB_DeactivateEndpoint
                0x08002bdc      0x1a6 ./Drivers/STM32F1xx_HAL_Driver/Src/stm32f1xx_ll_usb.o
                0x08002bdc                USB_DeactivateEndpoint
 .text.USB_EPSetStall
                0x08002d82       0x40 ./Drivers/STM32F1xx_HAL_Driver/Src/stm32f1xx_ll_usb.o
                0x08002d82                USB_EPSetStall
 .text.USB_EPClearStall
                0x08002dc2       0x92 ./Drivers/STM32F1xx_HAL_Driver/Src/stm32f1xx_ll_usb.o
                0x08002dc2                USB_EPClearStall
 .text.USB_SetDevAddress
                0x08002e54        0xc ./Drivers/STM32F1xx_HAL_Driver/Src/stm32f1xx_ll_usb.o
                0x08002e54                USB_SetDevAddress
 .text.USB_DevConnect
                0x08002e60        0x4 ./Drivers/STM32F1xx_HAL_Driver/Src/stm32f1xx_ll_usb.o
                0x08002e60                USB_DevConnect
 .text.USB_DevDisconnect
                0x08002e64        0x4 ./Drivers/STM32F1xx_HAL_Driver/Src/stm32f1xx_ll_usb.o
                0x08002e64                USB_DevDisconnect
 .text.USB_ReadInterrupts
                0x08002e68        0x8 ./Drivers/STM32F1xx_HAL_Driver/Src/stm32f1xx_ll_usb.o
                0x08002e68                USB_ReadInterrupts
 .text.USB_EP0_OutStart
                0x08002e70        0x4 ./Drivers/STM32F1xx_HAL_Driver/Src/stm32f1xx_ll_usb.o
                0x08002e70                USB_EP0_OutStart
 .text.USB_WritePMA
                0x08002e74       0x20 ./Drivers/STM32F1xx_HAL_Driver/Src/stm32f1xx_ll_usb.o
                0x08002e74                USB_WritePMA
 .text.USB_EPStartXfer
                0x08002e94      0x46a ./Drivers/STM32F1xx_HAL_Driver/Src/stm32f1xx_ll_usb.o
                0x08002e94                USB_EPStartXfer
 .text.USB_ReadPMA
                0x080032fe       0x38 ./Drivers/STM32F1xx_HAL_Driver/Src/stm32f1xx_ll_usb.o
                0x080032fe                USB_ReadPMA
 .text.USBD_CDC_EP0_RxReady
                0x08003336       0x28 ./Middlewares/ST/STM32_USB_Device_Library/Class/CDC/Src/usbd_cdc.o
 *fill*         0x0800335e        0x2 
 .text.USBD_CDC_GetFSCfgDesc
                0x08003360        0xc ./Middlewares/ST/STM32_USB_Device_Library/Class/CDC/Src/usbd_cdc.o
 .text.USBD_CDC_GetHSCfgDesc
                0x0800336c        0xc ./Middlewares/ST/STM32_USB_Device_Library/Class/CDC/Src/usbd_cdc.o
 .text.USBD_CDC_GetOtherSpeedCfgDesc
                0x08003378        0xc ./Middlewares/ST/STM32_USB_Device_Library/Class/CDC/Src/usbd_cdc.o
 .text.USBD_CDC_GetDeviceQualifierDescriptor
                0x08003384        0xc ./Middlewares/ST/STM32_USB_Device_Library/Class/CDC/Src/usbd_cdc.o
                0x08003384                USBD_CDC_GetDeviceQualifierDescriptor
 .text.USBD_CDC_DataOut
                0x08003390       0x2e ./Middlewares/ST/STM32_USB_Device_Library/Class/CDC/Src/usbd_cdc.o
 .text.USBD_CDC_DataIn
                0x080033be       0x40 ./Middlewares/ST/STM32_USB_Device_Library/Class/CDC/Src/usbd_cdc.o
 .text.USBD_CDC_Setup
                0x080033fe       0xa2 ./Middlewares/ST/STM32_USB_Device_Library/Class/CDC/Src/usbd_cdc.o
 .text.USBD_CDC_DeInit
                0x080034a0       0x42 ./Middlewares/ST/STM32_USB_Device_Library/Class/CDC/Src/usbd_cdc.o
 .text.USBD_CDC_Init
                0x080034e2       0x8c ./Middlewares/ST/STM32_USB_Device_Library/Class/CDC/Src/usbd_cdc.o
 .text.USBD_CDC_RegisterInterface
                0x0800356e        0xe ./Middlewares/ST/STM32_USB_Device_Library/Class/CDC/Src/usbd_cdc.o
                0x0800356e                USBD_CDC_RegisterInterface
 .text.USBD_CDC_SetTxBuffer
                0x0800357c       0x10 ./Middlewares/ST/STM32_USB_Device_Library/Class/CDC/Src/usbd_cdc.o
                0x0800357c                USBD_CDC_SetTxBuffer
 .text.USBD_CDC_SetRxBuffer
                0x0800358c        0xc ./Middlewares/ST/STM32_USB_Device_Library/Class/CDC/Src/usbd_cdc.o
                0x0800358c                USBD_CDC_SetRxBuffer
 .text.USBD_CDC_TransmitPacket
                0x08003598       0x32 ./Middlewares/ST/STM32_USB_Device_Library/Class/CDC/Src/usbd_cdc.o
                0x08003598                USBD_CDC_TransmitPacket
 .text.USBD_CDC_ReceivePacket
                0x080035ca       0x26 ./Middlewares/ST/STM32_USB_Device_Library/Class/CDC/Src/usbd_cdc.o
                0x080035ca                USBD_CDC_ReceivePacket
 .text.USBD_Init
                0x080035f0       0x2a ./Middlewares/ST/STM32_USB_Device_Library/Core/Src/usbd_core.o
                0x080035f0                USBD_Init
 .text.USBD_RegisterClass
                0x0800361a        0xe ./Middlewares/ST/STM32_USB_Device_Library/Core/Src/usbd_core.o
                0x0800361a                USBD_RegisterClass
 .text.USBD_Start
                0x08003628        0xa ./Middlewares/ST/STM32_USB_Device_Library/Core/Src/usbd_core.o
                0x08003628                USBD_Start
 .text.USBD_SetClassConfig
                0x08003632       0x1a ./Middlewares/ST/STM32_USB_Device_Library/Core/Src/usbd_core.o
                0x08003632                USBD_SetClassConfig
 .text.USBD_ClrClassConfig
                0x0800364c        0xe ./Middlewares/ST/STM32_USB_Device_Library/Core/Src/usbd_core.o
                0x0800364c                USBD_ClrClassConfig
 .text.USBD_LL_SetupStage
                0x0800365a       0x5a ./Middlewares/ST/STM32_USB_Device_Library/Core/Src/usbd_core.o
                0x0800365a                USBD_LL_SetupStage
 .text.USBD_LL_DataOutStage
                0x080036b4       0x70 ./Middlewares/ST/STM32_USB_Device_Library/Core/Src/usbd_core.o
                0x080036b4                USBD_LL_DataOutStage
 .text.USBD_LL_DataInStage
                0x08003724       0xb8 ./Middlewares/ST/STM32_USB_Device_Library/Core/Src/usbd_core.o
                0x08003724                USBD_LL_DataInStage
 .text.USBD_LL_Reset
                0x080037dc       0x4e ./Middlewares/ST/STM32_USB_Device_Library/Core/Src/usbd_core.o
                0x080037dc                USBD_LL_Reset
 .text.USBD_LL_SetSpeed
                0x0800382a        0x6 ./Middlewares/ST/STM32_USB_Device_Library/Core/Src/usbd_core.o
                0x0800382a                USBD_LL_SetSpeed
 .text.USBD_LL_Suspend
                0x08003830       0x12 ./Middlewares/ST/STM32_USB_Device_Library/Core/Src/usbd_core.o
                0x08003830                USBD_LL_Suspend
 .text.USBD_LL_Resume
                0x08003842       0x14 ./Middlewares/ST/STM32_USB_Device_Library/Core/Src/usbd_core.o
                0x08003842                USBD_LL_Resume
 .text.USBD_LL_SOF
                0x08003856       0x18 ./Middlewares/ST/STM32_USB_Device_Library/Core/Src/usbd_core.o
                0x08003856                USBD_LL_SOF
 .text.USBD_CtlError.constprop.0
                0x0800386e       0x16 ./Middlewares/ST/STM32_USB_Device_Library/Core/Src/usbd_ctlreq.o
 .text.USBD_StdDevReq
                0x08003884      0x290 ./Middlewares/ST/STM32_USB_Device_Library/Core/Src/usbd_ctlreq.o
                0x08003884                USBD_StdDevReq
 .text.USBD_StdItfReq
                0x08003b14       0x48 ./Middlewares/ST/STM32_USB_Device_Library/Core/Src/usbd_ctlreq.o
                0x08003b14                USBD_StdItfReq
 .text.USBD_StdEPReq
                0x08003b5c      0x118 ./Middlewares/ST/STM32_USB_Device_Library/Core/Src/usbd_ctlreq.o
                0x08003b5c                USBD_StdEPReq
 .text.USBD_ParseSetupRequest
                0x08003c74       0x16 ./Middlewares/ST/STM32_USB_Device_Library/Core/Src/usbd_ctlreq.o
                0x08003c74                USBD_ParseSetupRequest
 .text.USBD_CtlError
                0x08003c8a       0x16 ./Middlewares/ST/STM32_USB_Device_Library/Core/Src/usbd_ctlreq.o
                0x08003c8a                USBD_CtlError
 .text.USBD_GetString
                0x08003ca0       0x38 ./Middlewares/ST/STM32_USB_Device_Library/Core/Src/usbd_ctlreq.o
                0x08003ca0                USBD_GetString
 .text.USBD_CtlSendData
                0x08003cd8       0x1a ./Middlewares/ST/STM32_USB_Device_Library/Core/Src/usbd_ioreq.o
                0x08003cd8                USBD_CtlSendData
 .text.USBD_CtlContinueSendData
                0x08003cf2       0x10 ./Middlewares/ST/STM32_USB_Device_Library/Core/Src/usbd_ioreq.o
                0x08003cf2                USBD_CtlContinueSendData
 .text.USBD_CtlPrepareRx
                0x08003d02       0x1a ./Middlewares/ST/STM32_USB_Device_Library/Core/Src/usbd_ioreq.o
                0x08003d02                USBD_CtlPrepareRx
 .text.USBD_CtlContinueRx
                0x08003d1c       0x10 ./Middlewares/ST/STM32_USB_Device_Library/Core/Src/usbd_ioreq.o
                0x08003d1c                USBD_CtlContinueRx
 .text.USBD_CtlSendStatus
                0x08003d2c       0x16 ./Middlewares/ST/STM32_USB_Device_Library/Core/Src/usbd_ioreq.o
                0x08003d2c                USBD_CtlSendStatus
 .text.USBD_CtlReceiveStatus
                0x08003d42       0x16 ./Middlewares/ST/STM32_USB_Device_Library/Core/Src/usbd_ioreq.o
                0x08003d42                USBD_CtlReceiveStatus
 .text.MX_USB_DEVICE_Init
                0x08003d58       0x50 ./USB_DEVICE/App/usb_device.o
                0x08003d58                MX_USB_DEVICE_Init
 .text.CDC_DeInit_FS
                0x08003da8        0x4 ./USB_DEVICE/App/usbd_cdc_if.o
 .text.CDC_Control_FS
                0x08003dac        0x4 ./USB_DEVICE/App/usbd_cdc_if.o
 .text.CDC_Receive_FS
                0x08003db0       0x1c ./USB_DEVICE/App/usbd_cdc_if.o
 .text.CDC_Init_FS
                0x08003dcc       0x28 ./USB_DEVICE/App/usbd_cdc_if.o
 .text.CDC_Transmit_FS
                0x08003df4       0x2c ./USB_DEVICE/App/usbd_cdc_if.o
                0x08003df4                CDC_Transmit_FS
 .text.USBD_FS_DeviceDescriptor
                0x08003e20        0xc ./USB_DEVICE/App/usbd_desc.o
                0x08003e20                USBD_FS_DeviceDescriptor
 .text.USBD_FS_LangIDStrDescriptor
                0x08003e2c        0xc ./USB_DEVICE/App/usbd_desc.o
                0x08003e2c                USBD_FS_LangIDStrDescriptor
 .text.IntToUnicode
                0x08003e38       0x2a ./USB_DEVICE/App/usbd_desc.o
 *fill*         0x08003e62        0x2 
 .text.USBD_FS_SerialStrDescriptor
                0x08003e64       0x3c ./USB_DEVICE/App/usbd_desc.o
                0x08003e64                USBD_FS_SerialStrDescriptor
 .text.USBD_FS_ManufacturerStrDescriptor
                0x08003ea0       0x1c ./USB_DEVICE/App/usbd_desc.o
                0x08003ea0                USBD_FS_ManufacturerStrDescriptor
 .text.USBD_FS_ProductStrDescriptor
                0x08003ebc       0x1c ./USB_DEVICE/App/usbd_desc.o
                0x08003ebc                USBD_FS_ProductStrDescriptor
 .text.USBD_FS_ConfigStrDescriptor
                0x08003ed8       0x1c ./USB_DEVICE/App/usbd_desc.o
                0x08003ed8                USBD_FS_ConfigStrDescriptor
 .text.USBD_FS_InterfaceStrDescriptor
                0x08003ef4       0x1c ./USB_DEVICE/App/usbd_desc.o
                0x08003ef4                USBD_FS_InterfaceStrDescriptor
 .text.USBD_Get_USB_Status
                0x08003f10        0xc ./USB_DEVICE/Target/usbd_conf.o
 .text.HAL_PCD_MspInit
                0x08003f1c       0x40 ./USB_DEVICE/Target/usbd_conf.o
                0x08003f1c                HAL_PCD_MspInit
 .text.HAL_PCD_SetupStageCallback
                0x08003f5c        0xc ./USB_DEVICE/Target/usbd_conf.o
                0x08003f5c                HAL_PCD_SetupStageCallback
 .text.HAL_PCD_DataOutStageCallback
                0x08003f68       0x12 ./USB_DEVICE/Target/usbd_conf.o
                0x08003f68                HAL_PCD_DataOutStageCallback
 .text.HAL_PCD_DataInStageCallback
                0x08003f7a       0x10 ./USB_DEVICE/Target/usbd_conf.o
                0x08003f7a                HAL_PCD_DataInStageCallback
 .text.HAL_PCD_SOFCallback
                0x08003f8a        0x8 ./USB_DEVICE/Target/usbd_conf.o
                0x08003f8a                HAL_PCD_SOFCallback
 .text.HAL_PCD_ResetCallback
                0x08003f92       0x24 ./USB_DEVICE/Target/usbd_conf.o
                0x08003f92                HAL_PCD_ResetCallback
 *fill*         0x08003fb6        0x2 
 .text.HAL_PCD_SuspendCallback
                0x08003fb8       0x20 ./USB_DEVICE/Target/usbd_conf.o
                0x08003fb8                HAL_PCD_SuspendCallback
 .text.HAL_PCD_ResumeCallback
                0x08003fd8        0x8 ./USB_DEVICE/Target/usbd_conf.o
                0x08003fd8                HAL_PCD_ResumeCallback
 .text.USBD_LL_Init
                0x08003fe0       0x80 ./USB_DEVICE/Target/usbd_conf.o
                0x08003fe0                USBD_LL_Init
 .text.USBD_LL_Start
                0x08004060       0x12 ./USB_DEVICE/Target/usbd_conf.o
                0x08004060                USBD_LL_Start
 .text.USBD_LL_OpenEP
                0x08004072       0x18 ./USB_DEVICE/Target/usbd_conf.o
                0x08004072                USBD_LL_OpenEP
 .text.USBD_LL_CloseEP
                0x0800408a       0x12 ./USB_DEVICE/Target/usbd_conf.o
                0x0800408a                USBD_LL_CloseEP
 .text.USBD_LL_StallEP
                0x0800409c       0x12 ./USB_DEVICE/Target/usbd_conf.o
                0x0800409c                USBD_LL_StallEP
 .text.USBD_LL_ClearStallEP
                0x080040ae       0x12 ./USB_DEVICE/Target/usbd_conf.o
                0x080040ae                USBD_LL_ClearStallEP
 .text.USBD_LL_IsStallEP
                0x080040c0       0x22 ./USB_DEVICE/Target/usbd_conf.o
                0x080040c0                USBD_LL_IsStallEP
 .text.USBD_LL_SetUSBAddress
                0x080040e2       0x12 ./USB_DEVICE/Target/usbd_conf.o
                0x080040e2                USBD_LL_SetUSBAddress
 .text.USBD_LL_Transmit
                0x080040f4       0x12 ./USB_DEVICE/Target/usbd_conf.o
                0x080040f4                USBD_LL_Transmit
 .text.USBD_LL_PrepareReceive
                0x08004106       0x12 ./USB_DEVICE/Target/usbd_conf.o
                0x08004106                USBD_LL_PrepareReceive
 .text.USBD_LL_GetRxDataSize
                0x08004118        0x8 ./USB_DEVICE/Target/usbd_conf.o
                0x08004118                USBD_LL_GetRxDataSize
 .text.USBD_static_malloc
                0x08004120        0x8 ./USB_DEVICE/Target/usbd_conf.o
                0x08004120                USBD_static_malloc
 .text.USBD_static_free
                0x08004128        0x2 ./USB_DEVICE/Target/usbd_conf.o
                0x08004128                USBD_static_free
 .text.HAL_PCDEx_SetConnectionState
                0x0800412a        0x2 ./USB_DEVICE/Target/usbd_conf.o
                0x0800412a                HAL_PCDEx_SetConnectionState
 .text.sprintf  0x0800412c       0x44 E:/Soft/STM32CubeIDE_1.18.0/STM32CubeIDE/plugins/com.st.stm32cube.ide.mcu.externaltools.gnu-tools-for-stm32.13.3.rel1.win32_1.0.0.202411081344/tools/bin/../lib/gcc/arm-none-eabi/13.3.1/../../../../arm-none-eabi/lib/thumb/v7-m/nofp\libc_nano.a(libc_a-sprintf.o)
                0x0800412c                siprintf
                0x0800412c                sprintf
 .text.memset   0x08004170       0x10 E:/Soft/STM32CubeIDE_1.18.0/STM32CubeIDE/plugins/com.st.stm32cube.ide.mcu.externaltools.gnu-tools-for-stm32.13.3.rel1.win32_1.0.0.202411081344/tools/bin/../lib/gcc/arm-none-eabi/13.3.1/../../../../arm-none-eabi/lib/thumb/v7-m/nofp\libc_nano.a(libc_a-memset.o)
                0x08004170                memset
 .text.__errno  0x08004180        0xc E:/Soft/STM32CubeIDE_1.18.0/STM32CubeIDE/plugins/com.st.stm32cube.ide.mcu.externaltools.gnu-tools-for-stm32.13.3.rel1.win32_1.0.0.202411081344/tools/bin/../lib/gcc/arm-none-eabi/13.3.1/../../../../arm-none-eabi/lib/thumb/v7-m/nofp\libc_nano.a(libc_a-errno.o)
                0x08004180                __errno
 .text.__libc_init_array
                0x0800418c       0x48 E:/Soft/STM32CubeIDE_1.18.0/STM32CubeIDE/plugins/com.st.stm32cube.ide.mcu.externaltools.gnu-tools-for-stm32.13.3.rel1.win32_1.0.0.202411081344/tools/bin/../lib/gcc/arm-none-eabi/13.3.1/../../../../arm-none-eabi/lib/thumb/v7-m/nofp\libc_nano.a(libc_a-init.o)
                0x0800418c                __libc_init_array
 .text.__retarget_lock_acquire_recursive
                0x080041d4        0x2 E:/Soft/STM32CubeIDE_1.18.0/STM32CubeIDE/plugins/com.st.stm32cube.ide.mcu.externaltools.gnu-tools-for-stm32.13.3.rel1.win32_1.0.0.202411081344/tools/bin/../lib/gcc/arm-none-eabi/13.3.1/../../../../arm-none-eabi/lib/thumb/v7-m/nofp\libc_nano.a(libc_a-lock.o)
                0x080041d4                __retarget_lock_acquire_recursive
 .text.__retarget_lock_release_recursive
                0x080041d6        0x2 E:/Soft/STM32CubeIDE_1.18.0/STM32CubeIDE/plugins/com.st.stm32cube.ide.mcu.externaltools.gnu-tools-for-stm32.13.3.rel1.win32_1.0.0.202411081344/tools/bin/../lib/gcc/arm-none-eabi/13.3.1/../../../../arm-none-eabi/lib/thumb/v7-m/nofp\libc_nano.a(libc_a-lock.o)
                0x080041d6                __retarget_lock_release_recursive
 .text.strcpy   0x080041d8       0x10 E:/Soft/STM32CubeIDE_1.18.0/STM32CubeIDE/plugins/com.st.stm32cube.ide.mcu.externaltools.gnu-tools-for-stm32.13.3.rel1.win32_1.0.0.202411081344/tools/bin/../lib/gcc/arm-none-eabi/13.3.1/../../../../arm-none-eabi/lib/thumb/v7-m/nofp\libc_nano.a(libc_a-strcpy.o)
                0x080041d8                strcpy
 .text._free_r  0x080041e8       0x90 E:/Soft/STM32CubeIDE_1.18.0/STM32CubeIDE/plugins/com.st.stm32cube.ide.mcu.externaltools.gnu-tools-for-stm32.13.3.rel1.win32_1.0.0.202411081344/tools/bin/../lib/gcc/arm-none-eabi/13.3.1/../../../../arm-none-eabi/lib/thumb/v7-m/nofp\libc_nano.a(libc_a-freer.o)
                0x080041e8                _free_r
 .text.sbrk_aligned
                0x08004278       0x44 E:/Soft/STM32CubeIDE_1.18.0/STM32CubeIDE/plugins/com.st.stm32cube.ide.mcu.externaltools.gnu-tools-for-stm32.13.3.rel1.win32_1.0.0.202411081344/tools/bin/../lib/gcc/arm-none-eabi/13.3.1/../../../../arm-none-eabi/lib/thumb/v7-m/nofp\libc_nano.a(libc_a-mallocr.o)
 .text._malloc_r
                0x080042bc      0x100 E:/Soft/STM32CubeIDE_1.18.0/STM32CubeIDE/plugins/com.st.stm32cube.ide.mcu.externaltools.gnu-tools-for-stm32.13.3.rel1.win32_1.0.0.202411081344/tools/bin/../lib/gcc/arm-none-eabi/13.3.1/../../../../arm-none-eabi/lib/thumb/v7-m/nofp\libc_nano.a(libc_a-mallocr.o)
                0x080042bc                _malloc_r
 .text.__malloc_lock
                0x080043bc        0xc E:/Soft/STM32CubeIDE_1.18.0/STM32CubeIDE/plugins/com.st.stm32cube.ide.mcu.externaltools.gnu-tools-for-stm32.13.3.rel1.win32_1.0.0.202411081344/tools/bin/../lib/gcc/arm-none-eabi/13.3.1/../../../../arm-none-eabi/lib/thumb/v7-m/nofp\libc_nano.a(libc_a-mlock.o)
                0x080043bc                __malloc_lock
 .text.__malloc_unlock
                0x080043c8        0xc E:/Soft/STM32CubeIDE_1.18.0/STM32CubeIDE/plugins/com.st.stm32cube.ide.mcu.externaltools.gnu-tools-for-stm32.13.3.rel1.win32_1.0.0.202411081344/tools/bin/../lib/gcc/arm-none-eabi/13.3.1/../../../../arm-none-eabi/lib/thumb/v7-m/nofp\libc_nano.a(libc_a-mlock.o)
                0x080043c8                __malloc_unlock
 .text.__ssputs_r
                0x080043d4       0xb6 E:/Soft/STM32CubeIDE_1.18.0/STM32CubeIDE/plugins/com.st.stm32cube.ide.mcu.externaltools.gnu-tools-for-stm32.13.3.rel1.win32_1.0.0.202411081344/tools/bin/../lib/gcc/arm-none-eabi/13.3.1/../../../../arm-none-eabi/lib/thumb/v7-m/nofp\libc_nano.a(libc_a-nano-svfprintf.o)
                0x080043d4                __ssputs_r
 *fill*         0x0800448a        0x2 
 .text._svfprintf_r
                0x0800448c      0x1f8 E:/Soft/STM32CubeIDE_1.18.0/STM32CubeIDE/plugins/com.st.stm32cube.ide.mcu.externaltools.gnu-tools-for-stm32.13.3.rel1.win32_1.0.0.202411081344/tools/bin/../lib/gcc/arm-none-eabi/13.3.1/../../../../arm-none-eabi/lib/thumb/v7-m/nofp\libc_nano.a(libc_a-nano-svfprintf.o)
                0x0800448c                _svfiprintf_r
                0x0800448c                _svfprintf_r
 .text._printf_common
                0x08004684       0xe4 E:/Soft/STM32CubeIDE_1.18.0/STM32CubeIDE/plugins/com.st.stm32cube.ide.mcu.externaltools.gnu-tools-for-stm32.13.3.rel1.win32_1.0.0.202411081344/tools/bin/../lib/gcc/arm-none-eabi/13.3.1/../../../../arm-none-eabi/lib/thumb/v7-m/nofp\libc_nano.a(libc_a-nano-vfprintf_i.o)
                0x08004684                _printf_common
 .text._printf_i
                0x08004768      0x23c E:/Soft/STM32CubeIDE_1.18.0/STM32CubeIDE/plugins/com.st.stm32cube.ide.mcu.externaltools.gnu-tools-for-stm32.13.3.rel1.win32_1.0.0.202411081344/tools/bin/../lib/gcc/arm-none-eabi/13.3.1/../../../../arm-none-eabi/lib/thumb/v7-m/nofp\libc_nano.a(libc_a-nano-vfprintf_i.o)
                0x08004768                _printf_i
 .text.memmove  0x080049a4       0x34 E:/Soft/STM32CubeIDE_1.18.0/STM32CubeIDE/plugins/com.st.stm32cube.ide.mcu.externaltools.gnu-tools-for-stm32.13.3.rel1.win32_1.0.0.202411081344/tools/bin/../lib/gcc/arm-none-eabi/13.3.1/../../../../arm-none-eabi/lib/thumb/v7-m/nofp\libc_nano.a(libc_a-memmove.o)
                0x080049a4                memmove
 .text._sbrk_r  0x080049d8       0x20 E:/Soft/STM32CubeIDE_1.18.0/STM32CubeIDE/plugins/com.st.stm32cube.ide.mcu.externaltools.gnu-tools-for-stm32.13.3.rel1.win32_1.0.0.202411081344/tools/bin/../lib/gcc/arm-none-eabi/13.3.1/../../../../arm-none-eabi/lib/thumb/v7-m/nofp\libc_nano.a(libc_a-sbrkr.o)
                0x080049d8                _sbrk_r
 .text.memchr   0x080049f8       0x1c E:/Soft/STM32CubeIDE_1.18.0/STM32CubeIDE/plugins/com.st.stm32cube.ide.mcu.externaltools.gnu-tools-for-stm32.13.3.rel1.win32_1.0.0.202411081344/tools/bin/../lib/gcc/arm-none-eabi/13.3.1/../../../../arm-none-eabi/lib/thumb/v7-m/nofp\libc_nano.a(libc_a-memchr-stub.o)
                0x080049f8                memchr
 .text.memcpy   0x08004a14       0x1c E:/Soft/STM32CubeIDE_1.18.0/STM32CubeIDE/plugins/com.st.stm32cube.ide.mcu.externaltools.gnu-tools-for-stm32.13.3.rel1.win32_1.0.0.202411081344/tools/bin/../lib/gcc/arm-none-eabi/13.3.1/../../../../arm-none-eabi/lib/thumb/v7-m/nofp\libc_nano.a(libc_a-memcpy-stub.o)
                0x08004a14                memcpy
 .text._realloc_r
                0x08004a30       0x5c E:/Soft/STM32CubeIDE_1.18.0/STM32CubeIDE/plugins/com.st.stm32cube.ide.mcu.externaltools.gnu-tools-for-stm32.13.3.rel1.win32_1.0.0.202411081344/tools/bin/../lib/gcc/arm-none-eabi/13.3.1/../../../../arm-none-eabi/lib/thumb/v7-m/nofp\libc_nano.a(libc_a-reallocr.o)
                0x08004a30                _realloc_r
 .text._malloc_usable_size_r
                0x08004a8c       0x10 E:/Soft/STM32CubeIDE_1.18.0/STM32CubeIDE/plugins/com.st.stm32cube.ide.mcu.externaltools.gnu-tools-for-stm32.13.3.rel1.win32_1.0.0.202411081344/tools/bin/../lib/gcc/arm-none-eabi/13.3.1/../../../../arm-none-eabi/lib/thumb/v7-m/nofp\libc_nano.a(libc_a-msizer.o)
                0x08004a8c                _malloc_usable_size_r
 *(.glue_7)
 .glue_7        0x08004a9c        0x0 linker stubs
 *(.glue_7t)
 .glue_7t       0x08004a9c        0x0 linker stubs
 *(.eh_frame)
 .eh_frame      0x08004a9c        0x0 E:/Soft/STM32CubeIDE_1.18.0/STM32CubeIDE/plugins/com.st.stm32cube.ide.mcu.externaltools.gnu-tools-for-stm32.13.3.rel1.win32_1.0.0.202411081344/tools/bin/../lib/gcc/arm-none-eabi/13.3.1/thumb/v7-m/nofp/crtbegin.o
 *(.init)
 .init          0x08004a9c        0x4 E:/Soft/STM32CubeIDE_1.18.0/STM32CubeIDE/plugins/com.st.stm32cube.ide.mcu.externaltools.gnu-tools-for-stm32.13.3.rel1.win32_1.0.0.202411081344/tools/bin/../lib/gcc/arm-none-eabi/13.3.1/thumb/v7-m/nofp/crti.o
                0x08004a9c                _init
 .init          0x08004aa0        0x8 E:/Soft/STM32CubeIDE_1.18.0/STM32CubeIDE/plugins/com.st.stm32cube.ide.mcu.externaltools.gnu-tools-for-stm32.13.3.rel1.win32_1.0.0.202411081344/tools/bin/../lib/gcc/arm-none-eabi/13.3.1/thumb/v7-m/nofp/crtn.o
 *(.fini)
 .fini          0x08004aa8        0x4 E:/Soft/STM32CubeIDE_1.18.0/STM32CubeIDE/plugins/com.st.stm32cube.ide.mcu.externaltools.gnu-tools-for-stm32.13.3.rel1.win32_1.0.0.202411081344/tools/bin/../lib/gcc/arm-none-eabi/13.3.1/thumb/v7-m/nofp/crti.o
                0x08004aa8                _fini
 .fini          0x08004aac        0x8 E:/Soft/STM32CubeIDE_1.18.0/STM32CubeIDE/plugins/com.st.stm32cube.ide.mcu.externaltools.gnu-tools-for-stm32.13.3.rel1.win32_1.0.0.202411081344/tools/bin/../lib/gcc/arm-none-eabi/13.3.1/thumb/v7-m/nofp/crtn.o
                0x08004ab4                        . = ALIGN (0x4)
                0x08004ab4                        _etext = .

.vfp11_veneer   0x08004ab4        0x0
 .vfp11_veneer  0x08004ab4        0x0 linker stubs

.v4_bx          0x08004ab4        0x0
 .v4_bx         0x08004ab4        0x0 linker stubs

.iplt           0x08004ab4        0x0
 .iplt          0x08004ab4        0x0 E:/Soft/STM32CubeIDE_1.18.0/STM32CubeIDE/plugins/com.st.stm32cube.ide.mcu.externaltools.gnu-tools-for-stm32.13.3.rel1.win32_1.0.0.202411081344/tools/bin/../lib/gcc/arm-none-eabi/13.3.1/thumb/v7-m/nofp/crtbegin.o

.rodata         0x08004ab4      0x110
                0x08004ab4                        . = ALIGN (0x4)
 *(.rodata)
 *(.rodata*)
 .rodata.dwStrError.str1.1
                0x08004ab4       0xe6 ./Core/Inc/libdw1000/src/libdw1000.o
                                 0x24 (size before relaxing)
 .rodata.main.str1.1
                0x08004b9a       0x5a ./Core/Src/main.o
 .rodata.APBPrescTable
                0x08004b9a        0x8 ./Core/Src/system_stm32f1xx.o
                0x08004b9a                APBPrescTable
 .rodata.AHBPrescTable
                0x08004ba2       0x10 ./Core/Src/system_stm32f1xx.o
                0x08004ba2                AHBPrescTable
 .rodata.aPredivFactorTable.0
                0x08004bb2        0x2 ./Drivers/STM32F1xx_HAL_Driver/Src/stm32f1xx_hal_rcc.o
 .rodata.aPLLMULFactorTable.1
                0x08004bb4       0x10 ./Drivers/STM32F1xx_HAL_Driver/Src/stm32f1xx_hal_rcc.o
 .rodata.USBD_FS_ManufacturerStrDescriptor.str1.1
                0x08004bc4        0x6 ./USB_DEVICE/App/usbd_desc.o
 .rodata.USBD_FS_ProductStrDescriptor.str1.1
                0x08004bc4       0x16 ./USB_DEVICE/App/usbd_desc.o
 .rodata.USBD_FS_ConfigStrDescriptor.str1.1
                0x08004bc4        0xb ./USB_DEVICE/App/usbd_desc.o
 .rodata.USBD_FS_InterfaceStrDescriptor.str1.1
                0x08004bc4        0xe ./USB_DEVICE/App/usbd_desc.o
 .rodata._svfprintf_r.str1.1
                0x08004bc4       0x11 E:/Soft/STM32CubeIDE_1.18.0/STM32CubeIDE/plugins/com.st.stm32cube.ide.mcu.externaltools.gnu-tools-for-stm32.13.3.rel1.win32_1.0.0.202411081344/tools/bin/../lib/gcc/arm-none-eabi/13.3.1/../../../../arm-none-eabi/lib/thumb/v7-m/nofp\libc_nano.a(libc_a-nano-svfprintf.o)
 .rodata._printf_i.str1.1
                0x08004bc4       0x22 E:/Soft/STM32CubeIDE_1.18.0/STM32CubeIDE/plugins/com.st.stm32cube.ide.mcu.externaltools.gnu-tools-for-stm32.13.3.rel1.win32_1.0.0.202411081344/tools/bin/../lib/gcc/arm-none-eabi/13.3.1/../../../../arm-none-eabi/lib/thumb/v7-m/nofp\libc_nano.a(libc_a-nano-vfprintf_i.o)
                0x08004bf4                        . = ALIGN (0x4)

.ARM.extab      0x08004bc4        0x0
                0x08004bc4                        . = ALIGN (0x4)
 *(.ARM.extab* .gnu.linkonce.armextab.*)
                0x08004bc4                        . = ALIGN (0x4)

.ARM            0x08004bc4        0x8
                0x08004bc4                        . = ALIGN (0x4)
                0x08004bc4                        __exidx_start = .
 *(.ARM.exidx*)
 .ARM.exidx     0x08004bc4        0x8 E:/Soft/STM32CubeIDE_1.18.0/STM32CubeIDE/plugins/com.st.stm32cube.ide.mcu.externaltools.gnu-tools-for-stm32.13.3.rel1.win32_1.0.0.202411081344/tools/bin/../lib/gcc/arm-none-eabi/13.3.1/../../../../arm-none-eabi/lib/thumb/v7-m/nofp\libc_nano.a(libc_a-strlen.o)
                0x08004bcc                        __exidx_end = .
                0x08004bcc                        . = ALIGN (0x4)

.preinit_array  0x08004bcc        0x0
                0x08004bcc                        . = ALIGN (0x4)
                0x08004bcc                        PROVIDE (__preinit_array_start = .)
 *(.preinit_array*)
                0x08004bcc                        PROVIDE (__preinit_array_end = .)
                0x08004bcc                        . = ALIGN (0x4)

.init_array     0x08004bcc        0x4
                0x08004bcc                        . = ALIGN (0x4)
                0x08004bcc                        PROVIDE (__init_array_start = .)
 *(SORT_BY_NAME(.init_array.*))
 *(.init_array*)
 .init_array    0x08004bcc        0x4 E:/Soft/STM32CubeIDE_1.18.0/STM32CubeIDE/plugins/com.st.stm32cube.ide.mcu.externaltools.gnu-tools-for-stm32.13.3.rel1.win32_1.0.0.202411081344/tools/bin/../lib/gcc/arm-none-eabi/13.3.1/thumb/v7-m/nofp/crtbegin.o
                0x08004bd0                        PROVIDE (__init_array_end = .)
                0x08004bd0                        . = ALIGN (0x4)

.fini_array     0x08004bd0        0x4
                0x08004bd0                        . = ALIGN (0x4)
                [!provide]                        PROVIDE (__fini_array_start = .)
 *(SORT_BY_NAME(.fini_array.*))
 *(.fini_array*)
 .fini_array    0x08004bd0        0x4 E:/Soft/STM32CubeIDE_1.18.0/STM32CubeIDE/plugins/com.st.stm32cube.ide.mcu.externaltools.gnu-tools-for-stm32.13.3.rel1.win32_1.0.0.202411081344/tools/bin/../lib/gcc/arm-none-eabi/13.3.1/thumb/v7-m/nofp/crtbegin.o
                [!provide]                        PROVIDE (__fini_array_end = .)
                0x08004bd4                        . = ALIGN (0x4)
                0x08004bd4                        _sidata = LOADADDR (.data)

.rel.dyn        0x08004bd4        0x0
 .rel.iplt      0x08004bd4        0x0 E:/Soft/STM32CubeIDE_1.18.0/STM32CubeIDE/plugins/com.st.stm32cube.ide.mcu.externaltools.gnu-tools-for-stm32.13.3.rel1.win32_1.0.0.202411081344/tools/bin/../lib/gcc/arm-none-eabi/13.3.1/thumb/v7-m/nofp/crtbegin.o

.data           0x20000000      0x1e4 load address 0x08004bd4
                0x20000000                        . = ALIGN (0x4)
                0x20000000                        _sdata = .
 *(.data)
 *(.data*)
 .data.dw_ops   0x20000000       0x14 ./Core/Src/main.o
                0x20000000                dw_ops
 .data.dwm      0x20000014        0x4 ./Core/Src/main.o
                0x20000014                dwm
 .data.SystemCoreClock
                0x20000018        0x4 ./Core/Src/system_stm32f1xx.o
                0x20000018                SystemCoreClock
 .data.uwTickFreq
                0x2000001c        0x1 ./Drivers/STM32F1xx_HAL_Driver/Src/stm32f1xx_hal.o
                0x2000001c                uwTickFreq
 *fill*         0x2000001d        0x3 
 .data.uwTickPrio
                0x20000020        0x4 ./Drivers/STM32F1xx_HAL_Driver/Src/stm32f1xx_hal.o
                0x20000020                uwTickPrio
 .data.USBD_CDC_OtherSpeedCfgDesc
                0x20000024       0x43 ./Middlewares/ST/STM32_USB_Device_Library/Class/CDC/Src/usbd_cdc.o
                0x20000024                USBD_CDC_OtherSpeedCfgDesc
 *fill*         0x20000067        0x1 
 .data.USBD_CDC_CfgFSDesc
                0x20000068       0x43 ./Middlewares/ST/STM32_USB_Device_Library/Class/CDC/Src/usbd_cdc.o
                0x20000068                USBD_CDC_CfgFSDesc
 *fill*         0x200000ab        0x1 
 .data.USBD_CDC_CfgHSDesc
                0x200000ac       0x43 ./Middlewares/ST/STM32_USB_Device_Library/Class/CDC/Src/usbd_cdc.o
                0x200000ac                USBD_CDC_CfgHSDesc
 *fill*         0x200000ef        0x1 
 .data.USBD_CDC
                0x200000f0       0x38 ./Middlewares/ST/STM32_USB_Device_Library/Class/CDC/Src/usbd_cdc.o
                0x200000f0                USBD_CDC
 .data.USBD_CDC_DeviceQualifierDesc
                0x20000128        0xa ./Middlewares/ST/STM32_USB_Device_Library/Class/CDC/Src/usbd_cdc.o
 *fill*         0x20000132        0x2 
 .data.USBD_Interface_fops_FS
                0x20000134       0x10 ./USB_DEVICE/App/usbd_cdc_if.o
                0x20000134                USBD_Interface_fops_FS
 .data.USBD_StringSerial
                0x20000144       0x1a ./USB_DEVICE/App/usbd_desc.o
                0x20000144                USBD_StringSerial
 *fill*         0x2000015e        0x2 
 .data.USBD_LangIDDesc
                0x20000160        0x4 ./USB_DEVICE/App/usbd_desc.o
                0x20000160                USBD_LangIDDesc
 .data.USBD_FS_DeviceDesc
                0x20000164       0x12 ./USB_DEVICE/App/usbd_desc.o
                0x20000164                USBD_FS_DeviceDesc
 *fill*         0x20000176        0x2 
 .data.FS_Desc  0x20000178       0x1c ./USB_DEVICE/App/usbd_desc.o
                0x20000178                FS_Desc
 .data._impure_ptr
                0x20000194        0x4 E:/Soft/STM32CubeIDE_1.18.0/STM32CubeIDE/plugins/com.st.stm32cube.ide.mcu.externaltools.gnu-tools-for-stm32.13.3.rel1.win32_1.0.0.202411081344/tools/bin/../lib/gcc/arm-none-eabi/13.3.1/../../../../arm-none-eabi/lib/thumb/v7-m/nofp\libc_nano.a(libc_a-impure.o)
                0x20000194                _impure_ptr
 .data._impure_data
                0x20000198       0x4c E:/Soft/STM32CubeIDE_1.18.0/STM32CubeIDE/plugins/com.st.stm32cube.ide.mcu.externaltools.gnu-tools-for-stm32.13.3.rel1.win32_1.0.0.202411081344/tools/bin/../lib/gcc/arm-none-eabi/13.3.1/../../../../arm-none-eabi/lib/thumb/v7-m/nofp\libc_nano.a(libc_a-impure.o)
                0x20000198                _impure_data
 *(.RamFunc)
 *(.RamFunc*)
                0x200001e4                        . = ALIGN (0x4)
                0x200001e4                        _edata = .

.igot.plt       0x200001e4        0x0 load address 0x08004db8
 .igot.plt      0x200001e4        0x0 E:/Soft/STM32CubeIDE_1.18.0/STM32CubeIDE/plugins/com.st.stm32cube.ide.mcu.externaltools.gnu-tools-for-stm32.13.3.rel1.win32_1.0.0.202411081344/tools/bin/../lib/gcc/arm-none-eabi/13.3.1/thumb/v7-m/nofp/crtbegin.o
                0x200001e4                        . = ALIGN (0x4)

.bss            0x200001e8     0x1530 load address 0x08004db8
                0x200001e8                        _sbss = .
                0x200001e8                        __bss_start__ = _sbss
 *(.bss)
 .bss           0x200001e8       0x1c E:/Soft/STM32CubeIDE_1.18.0/STM32CubeIDE/plugins/com.st.stm32cube.ide.mcu.externaltools.gnu-tools-for-stm32.13.3.rel1.win32_1.0.0.202411081344/tools/bin/../lib/gcc/arm-none-eabi/13.3.1/thumb/v7-m/nofp/crtbegin.o
 *(.bss*)
 *fill*         0x20000204        0x4 
 .bss.dwm_device
                0x20000208       0x60 ./Core/Src/main.o
                0x20000208                dwm_device
 .bss.USB_TX_Buffer
                0x20000268       0xff ./Core/Src/main.o
                0x20000268                USB_TX_Buffer
 *fill*         0x20000367        0x1 
 .bss.huart1    0x20000368       0x48 ./Core/Src/main.o
                0x20000368                huart1
 .bss.hspi1     0x200003b0       0x58 ./Core/Src/main.o
                0x200003b0                hspi1
 .bss.__sbrk_heap_end
                0x20000408        0x4 ./Core/Src/sysmem.o
 .bss.uwTick    0x2000040c        0x4 ./Drivers/STM32F1xx_HAL_Driver/Src/stm32f1xx_hal.o
                0x2000040c                uwTick
 .bss.cfgidx.0  0x20000410        0x1 ./Middlewares/ST/STM32_USB_Device_Library/Core/Src/usbd_ctlreq.o
 *fill*         0x20000411        0x3 
 .bss.hUsbDeviceFS
                0x20000414      0x2c4 ./USB_DEVICE/App/usb_device.o
                0x20000414                hUsbDeviceFS
 .bss.UserTxBufferFS
                0x200006d8      0x400 ./USB_DEVICE/App/usbd_cdc_if.o
                0x200006d8                UserTxBufferFS
 .bss.UserRxBufferFS
                0x20000ad8      0x400 ./USB_DEVICE/App/usbd_cdc_if.o
                0x20000ad8                UserRxBufferFS
 .bss.USBD_StrDesc
                0x20000ed8      0x200 ./USB_DEVICE/App/usbd_desc.o
                0x20000ed8                USBD_StrDesc
 .bss.mem.0     0x200010d8      0x220 ./USB_DEVICE/Target/usbd_conf.o
 .bss.hpcd_USB_FS
                0x200012f8      0x2d8 ./USB_DEVICE/Target/usbd_conf.o
                0x200012f8                hpcd_USB_FS
 .bss.__sf      0x200015d0      0x138 E:/Soft/STM32CubeIDE_1.18.0/STM32CubeIDE/plugins/com.st.stm32cube.ide.mcu.externaltools.gnu-tools-for-stm32.13.3.rel1.win32_1.0.0.202411081344/tools/bin/../lib/gcc/arm-none-eabi/13.3.1/../../../../arm-none-eabi/lib/thumb/v7-m/nofp\libc_nano.a(libc_a-findfp.o)
                0x200015d0                __sf
 .bss.errno     0x20001708        0x4 E:/Soft/STM32CubeIDE_1.18.0/STM32CubeIDE/plugins/com.st.stm32cube.ide.mcu.externaltools.gnu-tools-for-stm32.13.3.rel1.win32_1.0.0.202411081344/tools/bin/../lib/gcc/arm-none-eabi/13.3.1/../../../../arm-none-eabi/lib/thumb/v7-m/nofp\libc_nano.a(libc_a-reent.o)
                0x20001708                errno
 .bss.__lock___malloc_recursive_mutex
                0x2000170c        0x1 E:/Soft/STM32CubeIDE_1.18.0/STM32CubeIDE/plugins/com.st.stm32cube.ide.mcu.externaltools.gnu-tools-for-stm32.13.3.rel1.win32_1.0.0.202411081344/tools/bin/../lib/gcc/arm-none-eabi/13.3.1/../../../../arm-none-eabi/lib/thumb/v7-m/nofp\libc_nano.a(libc_a-lock.o)
                0x2000170c                __lock___malloc_recursive_mutex
 *fill*         0x2000170d        0x3 
 .bss.__malloc_sbrk_start
                0x20001710        0x4 E:/Soft/STM32CubeIDE_1.18.0/STM32CubeIDE/plugins/com.st.stm32cube.ide.mcu.externaltools.gnu-tools-for-stm32.13.3.rel1.win32_1.0.0.202411081344/tools/bin/../lib/gcc/arm-none-eabi/13.3.1/../../../../arm-none-eabi/lib/thumb/v7-m/nofp\libc_nano.a(libc_a-mallocr.o)
                0x20001710                __malloc_sbrk_start
 .bss.__malloc_free_list
                0x20001714        0x4 E:/Soft/STM32CubeIDE_1.18.0/STM32CubeIDE/plugins/com.st.stm32cube.ide.mcu.externaltools.gnu-tools-for-stm32.13.3.rel1.win32_1.0.0.202411081344/tools/bin/../lib/gcc/arm-none-eabi/13.3.1/../../../../arm-none-eabi/lib/thumb/v7-m/nofp\libc_nano.a(libc_a-mallocr.o)
                0x20001714                __malloc_free_list
 *(COMMON)
                0x20001718                        . = ALIGN (0x4)
                0x20001718                        _ebss = .
                0x20001718                        __bss_end__ = _ebss

._user_heap_stack
                0x20001718      0x600 load address 0x08004db8
                0x20001718                        . = ALIGN (0x8)
                [!provide]                        PROVIDE (end = .)
                0x20001718                        PROVIDE (_end = .)
                0x20001918                        . = (. + _Min_Heap_Size)
 *fill*         0x20001718      0x200 
                0x20001d18                        . = (. + _Min_Stack_Size)
 *fill*         0x20001918      0x400 
                0x20001d18                        . = ALIGN (0x8)

/DISCARD/
 libc.a(*)
 libm.a(*)
 libgcc.a(*)

.ARM.attributes
                0x00000000       0x29
 *(.ARM.attributes)
 .ARM.attributes
                0x00000000       0x1d E:/Soft/STM32CubeIDE_1.18.0/STM32CubeIDE/plugins/com.st.stm32cube.ide.mcu.externaltools.gnu-tools-for-stm32.13.3.rel1.win32_1.0.0.202411081344/tools/bin/../lib/gcc/arm-none-eabi/13.3.1/thumb/v7-m/nofp/crti.o
 .ARM.attributes
                0x0000001d       0x2d E:/Soft/STM32CubeIDE_1.18.0/STM32CubeIDE/plugins/com.st.stm32cube.ide.mcu.externaltools.gnu-tools-for-stm32.13.3.rel1.win32_1.0.0.202411081344/tools/bin/../lib/gcc/arm-none-eabi/13.3.1/thumb/v7-m/nofp/crtbegin.o
 .ARM.attributes
                0x0000004a       0x2d ./Core/Inc/libdw1000/src/libdw1000.o
 .ARM.attributes
                0x00000077       0x2d ./Core/Inc/libdw1000/src/libdw1000Spi.o
 .ARM.attributes
                0x000000a4       0x2d ./Core/Src/main.o
 .ARM.attributes
                0x000000d1       0x2d ./Core/Src/stm32f1xx_hal_msp.o
 .ARM.attributes
                0x000000fe       0x2d ./Core/Src/stm32f1xx_it.o
 .ARM.attributes
                0x0000012b       0x2d ./Core/Src/sysmem.o
 .ARM.attributes
                0x00000158       0x2d ./Core/Src/system_stm32f1xx.o
 .ARM.attributes
                0x00000185       0x21 ./Core/Startup/startup_stm32f103t8ux.o
 .ARM.attributes
                0x000001a6       0x2d ./Drivers/STM32F1xx_HAL_Driver/Src/stm32f1xx_hal.o
 .ARM.attributes
                0x000001d3       0x2d ./Drivers/STM32F1xx_HAL_Driver/Src/stm32f1xx_hal_cortex.o
 .ARM.attributes
                0x00000200       0x2d ./Drivers/STM32F1xx_HAL_Driver/Src/stm32f1xx_hal_gpio.o
 .ARM.attributes
                0x0000022d       0x2d ./Drivers/STM32F1xx_HAL_Driver/Src/stm32f1xx_hal_pcd.o
 .ARM.attributes
                0x0000025a       0x2d ./Drivers/STM32F1xx_HAL_Driver/Src/stm32f1xx_hal_pcd_ex.o
 .ARM.attributes
                0x00000287       0x2d ./Drivers/STM32F1xx_HAL_Driver/Src/stm32f1xx_hal_rcc.o
 .ARM.attributes
                0x000002b4       0x2d ./Drivers/STM32F1xx_HAL_Driver/Src/stm32f1xx_hal_rcc_ex.o
 .ARM.attributes
                0x000002e1       0x2d ./Drivers/STM32F1xx_HAL_Driver/Src/stm32f1xx_hal_spi.o
 .ARM.attributes
                0x0000030e       0x2d ./Drivers/STM32F1xx_HAL_Driver/Src/stm32f1xx_hal_uart.o
 .ARM.attributes
                0x0000033b       0x2d ./Drivers/STM32F1xx_HAL_Driver/Src/stm32f1xx_ll_usb.o
 .ARM.attributes
                0x00000368       0x2d ./Middlewares/ST/STM32_USB_Device_Library/Class/CDC/Src/usbd_cdc.o
 .ARM.attributes
                0x00000395       0x2d ./Middlewares/ST/STM32_USB_Device_Library/Core/Src/usbd_core.o
 .ARM.attributes
                0x000003c2       0x2d ./Middlewares/ST/STM32_USB_Device_Library/Core/Src/usbd_ctlreq.o
 .ARM.attributes
                0x000003ef       0x2d ./Middlewares/ST/STM32_USB_Device_Library/Core/Src/usbd_ioreq.o
 .ARM.attributes
                0x0000041c       0x2d ./USB_DEVICE/App/usb_device.o
 .ARM.attributes
                0x00000449       0x2d ./USB_DEVICE/App/usbd_cdc_if.o
 .ARM.attributes
                0x00000476       0x2d ./USB_DEVICE/App/usbd_desc.o
 .ARM.attributes
                0x000004a3       0x2d ./USB_DEVICE/Target/usbd_conf.o
 .ARM.attributes
                0x000004d0       0x2d E:/Soft/STM32CubeIDE_1.18.0/STM32CubeIDE/plugins/com.st.stm32cube.ide.mcu.externaltools.gnu-tools-for-stm32.13.3.rel1.win32_1.0.0.202411081344/tools/bin/../lib/gcc/arm-none-eabi/13.3.1/../../../../arm-none-eabi/lib/thumb/v7-m/nofp\libc_nano.a(libc_a-findfp.o)
 .ARM.attributes
                0x000004fd       0x2d E:/Soft/STM32CubeIDE_1.18.0/STM32CubeIDE/plugins/com.st.stm32cube.ide.mcu.externaltools.gnu-tools-for-stm32.13.3.rel1.win32_1.0.0.202411081344/tools/bin/../lib/gcc/arm-none-eabi/13.3.1/../../../../arm-none-eabi/lib/thumb/v7-m/nofp\libc_nano.a(libc_a-sprintf.o)
 .ARM.attributes
                0x0000052a       0x2d E:/Soft/STM32CubeIDE_1.18.0/STM32CubeIDE/plugins/com.st.stm32cube.ide.mcu.externaltools.gnu-tools-for-stm32.13.3.rel1.win32_1.0.0.202411081344/tools/bin/../lib/gcc/arm-none-eabi/13.3.1/../../../../arm-none-eabi/lib/thumb/v7-m/nofp\libc_nano.a(libc_a-memset.o)
 .ARM.attributes
                0x00000557       0x2d E:/Soft/STM32CubeIDE_1.18.0/STM32CubeIDE/plugins/com.st.stm32cube.ide.mcu.externaltools.gnu-tools-for-stm32.13.3.rel1.win32_1.0.0.202411081344/tools/bin/../lib/gcc/arm-none-eabi/13.3.1/../../../../arm-none-eabi/lib/thumb/v7-m/nofp\libc_nano.a(libc_a-reent.o)
 .ARM.attributes
                0x00000584       0x2d E:/Soft/STM32CubeIDE_1.18.0/STM32CubeIDE/plugins/com.st.stm32cube.ide.mcu.externaltools.gnu-tools-for-stm32.13.3.rel1.win32_1.0.0.202411081344/tools/bin/../lib/gcc/arm-none-eabi/13.3.1/../../../../arm-none-eabi/lib/thumb/v7-m/nofp\libc_nano.a(libc_a-impure.o)
 .ARM.attributes
                0x000005b1       0x2d E:/Soft/STM32CubeIDE_1.18.0/STM32CubeIDE/plugins/com.st.stm32cube.ide.mcu.externaltools.gnu-tools-for-stm32.13.3.rel1.win32_1.0.0.202411081344/tools/bin/../lib/gcc/arm-none-eabi/13.3.1/../../../../arm-none-eabi/lib/thumb/v7-m/nofp\libc_nano.a(libc_a-errno.o)
 .ARM.attributes
                0x000005de       0x2d E:/Soft/STM32CubeIDE_1.18.0/STM32CubeIDE/plugins/com.st.stm32cube.ide.mcu.externaltools.gnu-tools-for-stm32.13.3.rel1.win32_1.0.0.202411081344/tools/bin/../lib/gcc/arm-none-eabi/13.3.1/../../../../arm-none-eabi/lib/thumb/v7-m/nofp\libc_nano.a(libc_a-init.o)
 .ARM.attributes
                0x0000060b       0x2d E:/Soft/STM32CubeIDE_1.18.0/STM32CubeIDE/plugins/com.st.stm32cube.ide.mcu.externaltools.gnu-tools-for-stm32.13.3.rel1.win32_1.0.0.202411081344/tools/bin/../lib/gcc/arm-none-eabi/13.3.1/../../../../arm-none-eabi/lib/thumb/v7-m/nofp\libc_nano.a(libc_a-lock.o)
 .ARM.attributes
                0x00000638       0x2d E:/Soft/STM32CubeIDE_1.18.0/STM32CubeIDE/plugins/com.st.stm32cube.ide.mcu.externaltools.gnu-tools-for-stm32.13.3.rel1.win32_1.0.0.202411081344/tools/bin/../lib/gcc/arm-none-eabi/13.3.1/../../../../arm-none-eabi/lib/thumb/v7-m/nofp\libc_nano.a(libc_a-strcpy.o)
 .ARM.attributes
                0x00000665       0x17 E:/Soft/STM32CubeIDE_1.18.0/STM32CubeIDE/plugins/com.st.stm32cube.ide.mcu.externaltools.gnu-tools-for-stm32.13.3.rel1.win32_1.0.0.202411081344/tools/bin/../lib/gcc/arm-none-eabi/13.3.1/../../../../arm-none-eabi/lib/thumb/v7-m/nofp\libc_nano.a(libc_a-strlen.o)
 .ARM.attributes
                0x0000067c       0x2d E:/Soft/STM32CubeIDE_1.18.0/STM32CubeIDE/plugins/com.st.stm32cube.ide.mcu.externaltools.gnu-tools-for-stm32.13.3.rel1.win32_1.0.0.202411081344/tools/bin/../lib/gcc/arm-none-eabi/13.3.1/../../../../arm-none-eabi/lib/thumb/v7-m/nofp\libc_nano.a(libc_a-freer.o)
 .ARM.attributes
                0x000006a9       0x2d E:/Soft/STM32CubeIDE_1.18.0/STM32CubeIDE/plugins/com.st.stm32cube.ide.mcu.externaltools.gnu-tools-for-stm32.13.3.rel1.win32_1.0.0.202411081344/tools/bin/../lib/gcc/arm-none-eabi/13.3.1/../../../../arm-none-eabi/lib/thumb/v7-m/nofp\libc_nano.a(libc_a-mallocr.o)
 .ARM.attributes
                0x000006d6       0x2d E:/Soft/STM32CubeIDE_1.18.0/STM32CubeIDE/plugins/com.st.stm32cube.ide.mcu.externaltools.gnu-tools-for-stm32.13.3.rel1.win32_1.0.0.202411081344/tools/bin/../lib/gcc/arm-none-eabi/13.3.1/../../../../arm-none-eabi/lib/thumb/v7-m/nofp\libc_nano.a(libc_a-mlock.o)
 .ARM.attributes
                0x00000703       0x2d E:/Soft/STM32CubeIDE_1.18.0/STM32CubeIDE/plugins/com.st.stm32cube.ide.mcu.externaltools.gnu-tools-for-stm32.13.3.rel1.win32_1.0.0.202411081344/tools/bin/../lib/gcc/arm-none-eabi/13.3.1/../../../../arm-none-eabi/lib/thumb/v7-m/nofp\libc_nano.a(libc_a-nano-svfprintf.o)
 .ARM.attributes
                0x00000730       0x2d E:/Soft/STM32CubeIDE_1.18.0/STM32CubeIDE/plugins/com.st.stm32cube.ide.mcu.externaltools.gnu-tools-for-stm32.13.3.rel1.win32_1.0.0.202411081344/tools/bin/../lib/gcc/arm-none-eabi/13.3.1/../../../../arm-none-eabi/lib/thumb/v7-m/nofp\libc_nano.a(libc_a-nano-vfprintf_i.o)
 .ARM.attributes
                0x0000075d       0x2d E:/Soft/STM32CubeIDE_1.18.0/STM32CubeIDE/plugins/com.st.stm32cube.ide.mcu.externaltools.gnu-tools-for-stm32.13.3.rel1.win32_1.0.0.202411081344/tools/bin/../lib/gcc/arm-none-eabi/13.3.1/../../../../arm-none-eabi/lib/thumb/v7-m/nofp\libc_nano.a(libc_a-memmove.o)
 .ARM.attributes
                0x0000078a       0x2d E:/Soft/STM32CubeIDE_1.18.0/STM32CubeIDE/plugins/com.st.stm32cube.ide.mcu.externaltools.gnu-tools-for-stm32.13.3.rel1.win32_1.0.0.202411081344/tools/bin/../lib/gcc/arm-none-eabi/13.3.1/../../../../arm-none-eabi/lib/thumb/v7-m/nofp\libc_nano.a(libc_a-sbrkr.o)
 .ARM.attributes
                0x000007b7       0x2d E:/Soft/STM32CubeIDE_1.18.0/STM32CubeIDE/plugins/com.st.stm32cube.ide.mcu.externaltools.gnu-tools-for-stm32.13.3.rel1.win32_1.0.0.202411081344/tools/bin/../lib/gcc/arm-none-eabi/13.3.1/../../../../arm-none-eabi/lib/thumb/v7-m/nofp\libc_nano.a(libc_a-memchr-stub.o)
 .ARM.attributes
                0x000007e4       0x2d E:/Soft/STM32CubeIDE_1.18.0/STM32CubeIDE/plugins/com.st.stm32cube.ide.mcu.externaltools.gnu-tools-for-stm32.13.3.rel1.win32_1.0.0.202411081344/tools/bin/../lib/gcc/arm-none-eabi/13.3.1/../../../../arm-none-eabi/lib/thumb/v7-m/nofp\libc_nano.a(libc_a-memcpy-stub.o)
 .ARM.attributes
                0x00000811       0x2d E:/Soft/STM32CubeIDE_1.18.0/STM32CubeIDE/plugins/com.st.stm32cube.ide.mcu.externaltools.gnu-tools-for-stm32.13.3.rel1.win32_1.0.0.202411081344/tools/bin/../lib/gcc/arm-none-eabi/13.3.1/../../../../arm-none-eabi/lib/thumb/v7-m/nofp\libc_nano.a(libc_a-reallocr.o)
 .ARM.attributes
                0x0000083e       0x2d E:/Soft/STM32CubeIDE_1.18.0/STM32CubeIDE/plugins/com.st.stm32cube.ide.mcu.externaltools.gnu-tools-for-stm32.13.3.rel1.win32_1.0.0.202411081344/tools/bin/../lib/gcc/arm-none-eabi/13.3.1/../../../../arm-none-eabi/lib/thumb/v7-m/nofp\libc_nano.a(libc_a-msizer.o)
 .ARM.attributes
                0x0000086b       0x1d E:/Soft/STM32CubeIDE_1.18.0/STM32CubeIDE/plugins/com.st.stm32cube.ide.mcu.externaltools.gnu-tools-for-stm32.13.3.rel1.win32_1.0.0.202411081344/tools/bin/../lib/gcc/arm-none-eabi/13.3.1/thumb/v7-m/nofp/crtn.o
OUTPUT(DECAWAVE.elf elf32-littlearm)
LOAD linker stubs
LOAD E:/Soft/STM32CubeIDE_1.18.0/STM32CubeIDE/plugins/com.st.stm32cube.ide.mcu.externaltools.gnu-tools-for-stm32.13.3.rel1.win32_1.0.0.202411081344/tools/bin/../lib/gcc/arm-none-eabi/13.3.1/../../../../arm-none-eabi/lib/thumb/v7-m/nofp\libc.a
LOAD E:/Soft/STM32CubeIDE_1.18.0/STM32CubeIDE/plugins/com.st.stm32cube.ide.mcu.externaltools.gnu-tools-for-stm32.13.3.rel1.win32_1.0.0.202411081344/tools/bin/../lib/gcc/arm-none-eabi/13.3.1/../../../../arm-none-eabi/lib/thumb/v7-m/nofp\libm.a
LOAD E:/Soft/STM32CubeIDE_1.18.0/STM32CubeIDE/plugins/com.st.stm32cube.ide.mcu.externaltools.gnu-tools-for-stm32.13.3.rel1.win32_1.0.0.202411081344/tools/bin/../lib/gcc/arm-none-eabi/13.3.1/thumb/v7-m/nofp\libgcc.a

.comment        0x00000000       0x43
 .comment       0x00000000       0x43 ./Core/Inc/libdw1000/src/libdw1000.o
                                 0x44 (size before relaxing)
 .comment       0x00000043       0x44 ./Core/Inc/libdw1000/src/libdw1000Spi.o
 .comment       0x00000043       0x44 ./Core/Src/main.o
 .comment       0x00000043       0x44 ./Core/Src/stm32f1xx_hal_msp.o
 .comment       0x00000043       0x44 ./Core/Src/stm32f1xx_it.o
 .comment       0x00000043       0x44 ./Core/Src/sysmem.o
 .comment       0x00000043       0x44 ./Core/Src/system_stm32f1xx.o
 .comment       0x00000043       0x44 ./Drivers/STM32F1xx_HAL_Driver/Src/stm32f1xx_hal.o
 .comment       0x00000043       0x44 ./Drivers/STM32F1xx_HAL_Driver/Src/stm32f1xx_hal_cortex.o
 .comment       0x00000043       0x44 ./Drivers/STM32F1xx_HAL_Driver/Src/stm32f1xx_hal_gpio.o
 .comment       0x00000043       0x44 ./Drivers/STM32F1xx_HAL_Driver/Src/stm32f1xx_hal_pcd.o
 .comment       0x00000043       0x44 ./Drivers/STM32F1xx_HAL_Driver/Src/stm32f1xx_hal_pcd_ex.o
 .comment       0x00000043       0x44 ./Drivers/STM32F1xx_HAL_Driver/Src/stm32f1xx_hal_rcc.o
 .comment       0x00000043       0x44 ./Drivers/STM32F1xx_HAL_Driver/Src/stm32f1xx_hal_rcc_ex.o
 .comment       0x00000043       0x44 ./Drivers/STM32F1xx_HAL_Driver/Src/stm32f1xx_hal_spi.o
 .comment       0x00000043       0x44 ./Drivers/STM32F1xx_HAL_Driver/Src/stm32f1xx_hal_uart.o
 .comment       0x00000043       0x44 ./Drivers/STM32F1xx_HAL_Driver/Src/stm32f1xx_ll_usb.o
 .comment       0x00000043       0x44 ./Middlewares/ST/STM32_USB_Device_Library/Class/CDC/Src/usbd_cdc.o
 .comment       0x00000043       0x44 ./Middlewares/ST/STM32_USB_Device_Library/Core/Src/usbd_core.o
 .comment       0x00000043       0x44 ./Middlewares/ST/STM32_USB_Device_Library/Core/Src/usbd_ctlreq.o
 .comment       0x00000043       0x44 ./Middlewares/ST/STM32_USB_Device_Library/Core/Src/usbd_ioreq.o
 .comment       0x00000043       0x44 ./USB_DEVICE/App/usb_device.o
 .comment       0x00000043       0x44 ./USB_DEVICE/App/usbd_cdc_if.o
 .comment       0x00000043       0x44 ./USB_DEVICE/App/usbd_desc.o
 .comment       0x00000043       0x44 ./USB_DEVICE/Target/usbd_conf.o

.debug_frame    0x00000000      0x5d4
 .debug_frame   0x00000000      0x144 E:/Soft/STM32CubeIDE_1.18.0/STM32CubeIDE/plugins/com.st.stm32cube.ide.mcu.externaltools.gnu-tools-for-stm32.13.3.rel1.win32_1.0.0.202411081344/tools/bin/../lib/gcc/arm-none-eabi/13.3.1/../../../../arm-none-eabi/lib/thumb/v7-m/nofp\libc_nano.a(libc_a-findfp.o)
 .debug_frame   0x00000144       0x74 E:/Soft/STM32CubeIDE_1.18.0/STM32CubeIDE/plugins/com.st.stm32cube.ide.mcu.externaltools.gnu-tools-for-stm32.13.3.rel1.win32_1.0.0.202411081344/tools/bin/../lib/gcc/arm-none-eabi/13.3.1/../../../../arm-none-eabi/lib/thumb/v7-m/nofp\libc_nano.a(libc_a-sprintf.o)
 .debug_frame   0x000001b8       0x20 E:/Soft/STM32CubeIDE_1.18.0/STM32CubeIDE/plugins/com.st.stm32cube.ide.mcu.externaltools.gnu-tools-for-stm32.13.3.rel1.win32_1.0.0.202411081344/tools/bin/../lib/gcc/arm-none-eabi/13.3.1/../../../../arm-none-eabi/lib/thumb/v7-m/nofp\libc_nano.a(libc_a-memset.o)
 .debug_frame   0x000001d8       0x38 E:/Soft/STM32CubeIDE_1.18.0/STM32CubeIDE/plugins/com.st.stm32cube.ide.mcu.externaltools.gnu-tools-for-stm32.13.3.rel1.win32_1.0.0.202411081344/tools/bin/../lib/gcc/arm-none-eabi/13.3.1/../../../../arm-none-eabi/lib/thumb/v7-m/nofp\libc_nano.a(libc_a-reent.o)
 .debug_frame   0x00000210       0x20 E:/Soft/STM32CubeIDE_1.18.0/STM32CubeIDE/plugins/com.st.stm32cube.ide.mcu.externaltools.gnu-tools-for-stm32.13.3.rel1.win32_1.0.0.202411081344/tools/bin/../lib/gcc/arm-none-eabi/13.3.1/../../../../arm-none-eabi/lib/thumb/v7-m/nofp\libc_nano.a(libc_a-errno.o)
 .debug_frame   0x00000230       0x2c E:/Soft/STM32CubeIDE_1.18.0/STM32CubeIDE/plugins/com.st.stm32cube.ide.mcu.externaltools.gnu-tools-for-stm32.13.3.rel1.win32_1.0.0.202411081344/tools/bin/../lib/gcc/arm-none-eabi/13.3.1/../../../../arm-none-eabi/lib/thumb/v7-m/nofp\libc_nano.a(libc_a-init.o)
 .debug_frame   0x0000025c       0xb0 E:/Soft/STM32CubeIDE_1.18.0/STM32CubeIDE/plugins/com.st.stm32cube.ide.mcu.externaltools.gnu-tools-for-stm32.13.3.rel1.win32_1.0.0.202411081344/tools/bin/../lib/gcc/arm-none-eabi/13.3.1/../../../../arm-none-eabi/lib/thumb/v7-m/nofp\libc_nano.a(libc_a-lock.o)
 .debug_frame   0x0000030c       0x20 E:/Soft/STM32CubeIDE_1.18.0/STM32CubeIDE/plugins/com.st.stm32cube.ide.mcu.externaltools.gnu-tools-for-stm32.13.3.rel1.win32_1.0.0.202411081344/tools/bin/../lib/gcc/arm-none-eabi/13.3.1/../../../../arm-none-eabi/lib/thumb/v7-m/nofp\libc_nano.a(libc_a-strcpy.o)
 .debug_frame   0x0000032c       0x38 E:/Soft/STM32CubeIDE_1.18.0/STM32CubeIDE/plugins/com.st.stm32cube.ide.mcu.externaltools.gnu-tools-for-stm32.13.3.rel1.win32_1.0.0.202411081344/tools/bin/../lib/gcc/arm-none-eabi/13.3.1/../../../../arm-none-eabi/lib/thumb/v7-m/nofp\libc_nano.a(libc_a-freer.o)
 .debug_frame   0x00000364       0x50 E:/Soft/STM32CubeIDE_1.18.0/STM32CubeIDE/plugins/com.st.stm32cube.ide.mcu.externaltools.gnu-tools-for-stm32.13.3.rel1.win32_1.0.0.202411081344/tools/bin/../lib/gcc/arm-none-eabi/13.3.1/../../../../arm-none-eabi/lib/thumb/v7-m/nofp\libc_nano.a(libc_a-mallocr.o)
 .debug_frame   0x000003b4       0x30 E:/Soft/STM32CubeIDE_1.18.0/STM32CubeIDE/plugins/com.st.stm32cube.ide.mcu.externaltools.gnu-tools-for-stm32.13.3.rel1.win32_1.0.0.202411081344/tools/bin/../lib/gcc/arm-none-eabi/13.3.1/../../../../arm-none-eabi/lib/thumb/v7-m/nofp\libc_nano.a(libc_a-mlock.o)
 .debug_frame   0x000003e4       0x90 E:/Soft/STM32CubeIDE_1.18.0/STM32CubeIDE/plugins/com.st.stm32cube.ide.mcu.externaltools.gnu-tools-for-stm32.13.3.rel1.win32_1.0.0.202411081344/tools/bin/../lib/gcc/arm-none-eabi/13.3.1/../../../../arm-none-eabi/lib/thumb/v7-m/nofp\libc_nano.a(libc_a-nano-svfprintf.o)
 .debug_frame   0x00000474       0x60 E:/Soft/STM32CubeIDE_1.18.0/STM32CubeIDE/plugins/com.st.stm32cube.ide.mcu.externaltools.gnu-tools-for-stm32.13.3.rel1.win32_1.0.0.202411081344/tools/bin/../lib/gcc/arm-none-eabi/13.3.1/../../../../arm-none-eabi/lib/thumb/v7-m/nofp\libc_nano.a(libc_a-nano-vfprintf_i.o)
 .debug_frame   0x000004d4       0x28 E:/Soft/STM32CubeIDE_1.18.0/STM32CubeIDE/plugins/com.st.stm32cube.ide.mcu.externaltools.gnu-tools-for-stm32.13.3.rel1.win32_1.0.0.202411081344/tools/bin/../lib/gcc/arm-none-eabi/13.3.1/../../../../arm-none-eabi/lib/thumb/v7-m/nofp\libc_nano.a(libc_a-memmove.o)
 .debug_frame   0x000004fc       0x2c E:/Soft/STM32CubeIDE_1.18.0/STM32CubeIDE/plugins/com.st.stm32cube.ide.mcu.externaltools.gnu-tools-for-stm32.13.3.rel1.win32_1.0.0.202411081344/tools/bin/../lib/gcc/arm-none-eabi/13.3.1/../../../../arm-none-eabi/lib/thumb/v7-m/nofp\libc_nano.a(libc_a-sbrkr.o)
 .debug_frame   0x00000528       0x28 E:/Soft/STM32CubeIDE_1.18.0/STM32CubeIDE/plugins/com.st.stm32cube.ide.mcu.externaltools.gnu-tools-for-stm32.13.3.rel1.win32_1.0.0.202411081344/tools/bin/../lib/gcc/arm-none-eabi/13.3.1/../../../../arm-none-eabi/lib/thumb/v7-m/nofp\libc_nano.a(libc_a-memchr-stub.o)
 .debug_frame   0x00000550       0x28 E:/Soft/STM32CubeIDE_1.18.0/STM32CubeIDE/plugins/com.st.stm32cube.ide.mcu.externaltools.gnu-tools-for-stm32.13.3.rel1.win32_1.0.0.202411081344/tools/bin/../lib/gcc/arm-none-eabi/13.3.1/../../../../arm-none-eabi/lib/thumb/v7-m/nofp\libc_nano.a(libc_a-memcpy-stub.o)
 .debug_frame   0x00000578       0x3c E:/Soft/STM32CubeIDE_1.18.0/STM32CubeIDE/plugins/com.st.stm32cube.ide.mcu.externaltools.gnu-tools-for-stm32.13.3.rel1.win32_1.0.0.202411081344/tools/bin/../lib/gcc/arm-none-eabi/13.3.1/../../../../arm-none-eabi/lib/thumb/v7-m/nofp\libc_nano.a(libc_a-reallocr.o)
 .debug_frame   0x000005b4       0x20 E:/Soft/STM32CubeIDE_1.18.0/STM32CubeIDE/plugins/com.st.stm32cube.ide.mcu.externaltools.gnu-tools-for-stm32.13.3.rel1.win32_1.0.0.202411081344/tools/bin/../lib/gcc/arm-none-eabi/13.3.1/../../../../arm-none-eabi/lib/thumb/v7-m/nofp\libc_nano.a(libc_a-msizer.o)
